Archive member included to satisfy reference by file (symbol)

C:/ST/STM32CubeIDE_1.17.0/STM32CubeIDE/plugins/com.st.stm32cube.ide.mcu.externaltools.gnu-tools-for-stm32.12.3.rel1.win32_1.1.0.202410251130/tools/bin/../lib/gcc/arm-none-eabi/12.3.1/../../../../arm-none-eabi/lib/thumb/v6-m/nofp\libc.a(libc_a-atof.o)
                              BOS\BOS_CLI.o (atof)
C:/ST/STM32CubeIDE_1.17.0/STM32CubeIDE/plugins/com.st.stm32cube.ide.mcu.externaltools.gnu-tools-for-stm32.12.3.rel1.win32_1.1.0.202410251130/tools/bin/../lib/gcc/arm-none-eabi/12.3.1/../../../../arm-none-eabi/lib/thumb/v6-m/nofp\libc.a(libc_a-atoi.o)
                              BOS\BOS_CLI.o (atoi)
C:/ST/STM32CubeIDE_1.17.0/STM32CubeIDE/plugins/com.st.stm32cube.ide.mcu.externaltools.gnu-tools-for-stm32.12.3.rel1.win32_1.1.0.202410251130/tools/bin/../lib/gcc/arm-none-eabi/12.3.1/../../../../arm-none-eabi/lib/thumb/v6-m/nofp\libc.a(libc_a-atol.o)
                              BOS\BOS.o (atol)
C:/ST/STM32CubeIDE_1.17.0/STM32CubeIDE/plugins/com.st.stm32cube.ide.mcu.externaltools.gnu-tools-for-stm32.12.3.rel1.win32_1.1.0.202410251130/tools/bin/../lib/gcc/arm-none-eabi/12.3.1/../../../../arm-none-eabi/lib/thumb/v6-m/nofp\libc.a(libc_a-exit.o)
                              C:/ST/STM32CubeIDE_1.17.0/STM32CubeIDE/plugins/com.st.stm32cube.ide.mcu.externaltools.gnu-tools-for-stm32.12.3.rel1.win32_1.1.0.202410251130/tools/bin/../lib/gcc/arm-none-eabi/12.3.1/../../../../arm-none-eabi/lib/thumb/v6-m/nofp/crt0.o (exit)
C:/ST/STM32CubeIDE_1.17.0/STM32CubeIDE/plugins/com.st.stm32cube.ide.mcu.externaltools.gnu-tools-for-stm32.12.3.rel1.win32_1.1.0.202410251130/tools/bin/../lib/gcc/arm-none-eabi/12.3.1/../../../../arm-none-eabi/lib/thumb/v6-m/nofp\libc.a(libc_a-malloc.o)
                              BOS\BOS.o (malloc)
C:/ST/STM32CubeIDE_1.17.0/STM32CubeIDE/plugins/com.st.stm32cube.ide.mcu.externaltools.gnu-tools-for-stm32.12.3.rel1.win32_1.1.0.202410251130/tools/bin/../lib/gcc/arm-none-eabi/12.3.1/../../../../arm-none-eabi/lib/thumb/v6-m/nofp\libc.a(libc_a-mallocr.o)
                              C:/ST/STM32CubeIDE_1.17.0/STM32CubeIDE/plugins/com.st.stm32cube.ide.mcu.externaltools.gnu-tools-for-stm32.12.3.rel1.win32_1.1.0.202410251130/tools/bin/../lib/gcc/arm-none-eabi/12.3.1/../../../../arm-none-eabi/lib/thumb/v6-m/nofp\libc.a(libc_a-malloc.o) (_malloc_r)
C:/ST/STM32CubeIDE_1.17.0/STM32CubeIDE/plugins/com.st.stm32cube.ide.mcu.externaltools.gnu-tools-for-stm32.12.3.rel1.win32_1.1.0.202410251130/tools/bin/../lib/gcc/arm-none-eabi/12.3.1/../../../../arm-none-eabi/lib/thumb/v6-m/nofp\libc.a(libc_a-mlock.o)
                              C:/ST/STM32CubeIDE_1.17.0/STM32CubeIDE/plugins/com.st.stm32cube.ide.mcu.externaltools.gnu-tools-for-stm32.12.3.rel1.win32_1.1.0.202410251130/tools/bin/../lib/gcc/arm-none-eabi/12.3.1/../../../../arm-none-eabi/lib/thumb/v6-m/nofp\libc.a(libc_a-mallocr.o) (__malloc_lock)
C:/ST/STM32CubeIDE_1.17.0/STM32CubeIDE/plugins/com.st.stm32cube.ide.mcu.externaltools.gnu-tools-for-stm32.12.3.rel1.win32_1.1.0.202410251130/tools/bin/../lib/gcc/arm-none-eabi/12.3.1/../../../../arm-none-eabi/lib/thumb/v6-m/nofp\libc.a(libc_a-rand.o)
                              BOS\BOS_CLIcommands.o (rand)
C:/ST/STM32CubeIDE_1.17.0/STM32CubeIDE/plugins/com.st.stm32cube.ide.mcu.externaltools.gnu-tools-for-stm32.12.3.rel1.win32_1.1.0.202410251130/tools/bin/../lib/gcc/arm-none-eabi/12.3.1/../../../../arm-none-eabi/lib/thumb/v6-m/nofp\libc.a(libc_a-realloc.o)
                              BOS\BOS_CLI.o (realloc)
C:/ST/STM32CubeIDE_1.17.0/STM32CubeIDE/plugins/com.st.stm32cube.ide.mcu.externaltools.gnu-tools-for-stm32.12.3.rel1.win32_1.1.0.202410251130/tools/bin/../lib/gcc/arm-none-eabi/12.3.1/../../../../arm-none-eabi/lib/thumb/v6-m/nofp\libc.a(libc_a-reallocr.o)
                              C:/ST/STM32CubeIDE_1.17.0/STM32CubeIDE/plugins/com.st.stm32cube.ide.mcu.externaltools.gnu-tools-for-stm32.12.3.rel1.win32_1.1.0.202410251130/tools/bin/../lib/gcc/arm-none-eabi/12.3.1/../../../../arm-none-eabi/lib/thumb/v6-m/nofp\libc.a(libc_a-realloc.o) (_realloc_r)
C:/ST/STM32CubeIDE_1.17.0/STM32CubeIDE/plugins/com.st.stm32cube.ide.mcu.externaltools.gnu-tools-for-stm32.12.3.rel1.win32_1.1.0.202410251130/tools/bin/../lib/gcc/arm-none-eabi/12.3.1/../../../../arm-none-eabi/lib/thumb/v6-m/nofp\libc.a(libc_a-strtod.o)
                              C:/ST/STM32CubeIDE_1.17.0/STM32CubeIDE/plugins/com.st.stm32cube.ide.mcu.externaltools.gnu-tools-for-stm32.12.3.rel1.win32_1.1.0.202410251130/tools/bin/../lib/gcc/arm-none-eabi/12.3.1/../../../../arm-none-eabi/lib/thumb/v6-m/nofp\libc.a(libc_a-atof.o) (strtod)
C:/ST/STM32CubeIDE_1.17.0/STM32CubeIDE/plugins/com.st.stm32cube.ide.mcu.externaltools.gnu-tools-for-stm32.12.3.rel1.win32_1.1.0.202410251130/tools/bin/../lib/gcc/arm-none-eabi/12.3.1/../../../../arm-none-eabi/lib/thumb/v6-m/nofp\libc.a(libc_a-strtol.o)
[...]
Memory Configuration

Name             Origin             Length             Attributes
RAM              0x20000000         0x00024000         xrw
FLASH            0x08000000         0x00080000         xr
*default*        0x00000000         0xffffffff

Linker script and memory map

LOAD C:/ST/STM32CubeIDE_1.17.0/STM32CubeIDE/plugins/com.st.stm32cube.ide.mcu.externaltools.gnu-tools-for-stm32.12.3.rel1.win32_1.1.0.202410251130/tools/bin/../lib/gcc/arm-none-eabi/12.3.1/thumb/v6-m/nofp/crti.o
LOAD C:/ST/STM32CubeIDE_1.17.0/STM32CubeIDE/plugins/com.st.stm32cube.ide.mcu.externaltools.gnu-tools-for-stm32.12.3.rel1.win32_1.1.0.202410251130/tools/bin/../lib/gcc/arm-none-eabi/12.3.1/thumb/v6-m/nofp/crtbegin.o
LOAD C:/ST/STM32CubeIDE_1.17.0/STM32CubeIDE/plugins/com.st.stm32cube.ide.mcu.externaltools.gnu-tools-for-stm32.12.3.rel1.win32_1.1.0.202410251130/tools/bin/../lib/gcc/arm-none-eabi/12.3.1/../../../../arm-none-eabi/lib/thumb/v6-m/nofp/crt0.o
LOAD BOS\BOS.o
LOAD BOS\BOS_CLI.o
LOAD BOS\BOS_CLIcommands.o
LOAD BOS\BOS_dma.o
LOAD BOS\BOS_freertos.o
LOAD BOS\BOS_messaging.o
LOAD BOS\BOS_msgparser.o
LOAD H21R2\H21R2.o
LOAD H21R2\H21R2_dma.o
LOAD H21R2\H21R2_eeprom.o
LOAD H21R2\H21R2_gpio.o
LOAD H21R2\H21R2_inputs.o
LOAD H21R2\H21R2_it.o
LOAD H21R2\H21R2_rtc.o
LOAD H21R2\H21R2_timers.o
LOAD H21R2\H21R2_uart.o
LOAD H21R2\startup_stm32g0b1ceuxn.o
LOAD Thirdparty\CMSIS\STM32G0xx\Device\ST\STM32G0xx\Source\Templates\system_stm32g0xx.o
LOAD Thirdparty\EEPROM_Emul\Core\eeprom_emul.o
LOAD Thirdparty\EEPROM_Emul\Porting\STM32G0\flash_interface.o
LOAD Thirdparty\Middleware\STM32G0xx\FreeRTOS\Source\CMSIS_RTOS\cmsis_os.o
LOAD Thirdparty\Middleware\STM32G0xx\FreeRTOS\Source\FreeRTOS_CLI.o
LOAD Thirdparty\Middleware\STM32G0xx\FreeRTOS\Source\croutine.o
LOAD Thirdparty\Middleware\STM32G0xx\FreeRTOS\Source\event_groups.o
LOAD Thirdparty\Middleware\STM32G0xx\FreeRTOS\Source\list.o
LOAD Thirdparty\Middleware\STM32G0xx\FreeRTOS\Source\portable\GCC\ARM_CM0\port.o
LOAD Thirdparty\Middleware\STM32G0xx\FreeRTOS\Source\portable\MemMang\heap_4.o
LOAD Thirdparty\Middleware\STM32G0xx\FreeRTOS\Source\queue.o
LOAD Thirdparty\Middleware\STM32G0xx\FreeRTOS\Source\stream_buffer.o
LOAD Thirdparty\Middleware\STM32G0xx\FreeRTOS\Source\tasks.o
LOAD Thirdparty\Middleware\STM32G0xx\FreeRTOS\Source\timers.o
LOAD Thirdparty\STM32G0xx_HAL_Driver\Src\stm32g0xx_hal.o
LOAD Thirdparty\STM32G0xx_HAL_Driver\Src\stm32g0xx_hal_adc.o
LOAD Thirdparty\STM32G0xx_HAL_Driver\Src\stm32g0xx_hal_adc_ex.o
LOAD Thirdparty\STM32G0xx_HAL_Driver\Src\stm32g0xx_hal_cec.o
LOAD Thirdparty\STM32G0xx_HAL_Driver\Src\stm32g0xx_hal_comp.o
LOAD Thirdparty\STM32G0xx_HAL_Driver\Src\stm32g0xx_hal_cortex.o
LOAD Thirdparty\STM32G0xx_HAL_Driver\Src\stm32g0xx_hal_crc.o
LOAD Thirdparty\STM32G0xx_HAL_Driver\Src\stm32g0xx_hal_crc_ex.o
LOAD Thirdparty\STM32G0xx_HAL_Driver\Src\stm32g0xx_hal_cryp.o
LOAD Thirdparty\STM32G0xx_HAL_Driver\Src\stm32g0xx_hal_cryp_ex.o
LOAD Thirdparty\STM32G0xx_HAL_Driver\Src\stm32g0xx_hal_dac.o
LOAD Thirdparty\STM32G0xx_HAL_Driver\Src\stm32g0xx_hal_dac_ex.o
LOAD Thirdparty\STM32G0xx_HAL_Driver\Src\stm32g0xx_hal_dma.o
LOAD Thirdparty\STM32G0xx_HAL_Driver\Src\stm32g0xx_hal_dma_ex.o
LOAD Thirdparty\STM32G0xx_HAL_Driver\Src\stm32g0xx_hal_exti.o
LOAD Thirdparty\STM32G0xx_HAL_Driver\Src\stm32g0xx_hal_fdcan.o
LOAD Thirdparty\STM32G0xx_HAL_Driver\Src\stm32g0xx_hal_flash.o
LOAD Thirdparty\STM32G0xx_HAL_Driver\Src\stm32g0xx_hal_flash_ex.o
LOAD Thirdparty\STM32G0xx_HAL_Driver\Src\stm32g0xx_hal_gpio.o
LOAD Thirdparty\STM32G0xx_HAL_Driver\Src\stm32g0xx_hal_hcd.o
LOAD Thirdparty\STM32G0xx_HAL_Driver\Src\stm32g0xx_hal_i2c.o
LOAD Thirdparty\STM32G0xx_HAL_Driver\Src\stm32g0xx_hal_i2c_ex.o
LOAD Thirdparty\STM32G0xx_HAL_Driver\Src\stm32g0xx_hal_i2s.o
LOAD Thirdparty\STM32G0xx_HAL_Driver\Src\stm32g0xx_hal_irda.o
LOAD Thirdparty\STM32G0xx_HAL_Driver\Src\stm32g0xx_hal_iwdg.o
LOAD Thirdparty\STM32G0xx_HAL_Driver\Src\stm32g0xx_hal_lptim.o
LOAD Thirdparty\STM32G0xx_HAL_Driver\Src\stm32g0xx_hal_msp_template.o
LOAD Thirdparty\STM32G0xx_HAL_Driver\Src\stm32g0xx_hal_pcd.o
LOAD Thirdparty\STM32G0xx_HAL_Driver\Src\stm32g0xx_hal_pcd_ex.o
LOAD Thirdparty\STM32G0xx_HAL_Driver\Src\stm32g0xx_hal_pwr.o
LOAD Thirdparty\STM32G0xx_HAL_Driver\Src\stm32g0xx_hal_pwr_ex.o
LOAD Thirdparty\STM32G0xx_HAL_Driver\Src\stm32g0xx_hal_rcc.o
LOAD Thirdparty\STM32G0xx_HAL_Driver\Src\stm32g0xx_hal_rcc_ex.o
LOAD Thirdparty\STM32G0xx_HAL_Driver\Src\stm32g0xx_hal_rng.o
LOAD Thirdparty\STM32G0xx_HAL_Driver\Src\stm32g0xx_hal_rtc.o
LOAD Thirdparty\STM32G0xx_HAL_Driver\Src\stm32g0xx_hal_rtc_ex.o
LOAD Thirdparty\STM32G0xx_HAL_Driver\Src\stm32g0xx_hal_smartcard.o
LOAD Thirdparty\STM32G0xx_HAL_Driver\Src\stm32g0xx_hal_smartcard_ex.o
LOAD Thirdparty\STM32G0xx_HAL_Driver\Src\stm32g0xx_hal_smbus.o
LOAD Thirdparty\STM32G0xx_HAL_Driver\Src\stm32g0xx_hal_smbus_ex.o
LOAD Thirdparty\STM32G0xx_HAL_Driver\Src\stm32g0xx_hal_spi.o
LOAD Thirdparty\STM32G0xx_HAL_Driver\Src\stm32g0xx_hal_spi_ex.o
LOAD Thirdparty\STM32G0xx_HAL_Driver\Src\stm32g0xx_hal_tim.o
LOAD Thirdparty\STM32G0xx_HAL_Driver\Src\stm32g0xx_hal_tim_ex.o
LOAD Thirdparty\STM32G0xx_HAL_Driver\Src\stm32g0xx_hal_uart.o
LOAD Thirdparty\STM32G0xx_HAL_Driver\Src\stm32g0xx_hal_uart_ex.o
LOAD Thirdparty\STM32G0xx_HAL_Driver\Src\stm32g0xx_hal_usart.o
LOAD Thirdparty\STM32G0xx_HAL_Driver\Src\stm32g0xx_hal_usart_ex.o
LOAD Thirdparty\STM32G0xx_HAL_Driver\Src\stm32g0xx_hal_wwdg.o
LOAD Thirdparty\STM32G0xx_HAL_Driver\Src\stm32g0xx_ll_adc.o
LOAD Thirdparty\STM32G0xx_HAL_Driver\Src\stm32g0xx_ll_comp.o
LOAD Thirdparty\STM32G0xx_HAL_Driver\Src\stm32g0xx_ll_crc.o
LOAD Thirdparty\STM32G0xx_HAL_Driver\Src\stm32g0xx_ll_crs.o
LOAD Thirdparty\STM32G0xx_HAL_Driver\Src\stm32g0xx_ll_dac.o
LOAD Thirdparty\STM32G0xx_HAL_Driver\Src\stm32g0xx_ll_dma.o
LOAD Thirdparty\STM32G0xx_HAL_Driver\Src\stm32g0xx_ll_exti.o
LOAD Thirdparty\STM32G0xx_HAL_Driver\Src\stm32g0xx_ll_gpio.o
LOAD Thirdparty\STM32G0xx_HAL_Driver\Src\stm32g0xx_ll_i2c.o
LOAD Thirdparty\STM32G0xx_HAL_Driver\Src\stm32g0xx_ll_lptim.o
LOAD Thirdparty\STM32G0xx_HAL_Driver\Src\stm32g0xx_ll_lpuart.o
LOAD Thirdparty\STM32G0xx_HAL_Driver\Src\stm32g0xx_ll_pwr.o
LOAD Thirdparty\STM32G0xx_HAL_Driver\Src\stm32g0xx_ll_rcc.o
LOAD Thirdparty\STM32G0xx_HAL_Driver\Src\stm32g0xx_ll_rng.o
LOAD Thirdparty\STM32G0xx_HAL_Driver\Src\stm32g0xx_ll_rtc.o
LOAD Thirdparty\STM32G0xx_HAL_Driver\Src\stm32g0xx_ll_spi.o
LOAD Thirdparty\STM32G0xx_HAL_Driver\Src\stm32g0xx_ll_tim.o
LOAD Thirdparty\STM32G0xx_HAL_Driver\Src\stm32g0xx_ll_ucpd.o
LOAD Thirdparty\STM32G0xx_HAL_Driver\Src\stm32g0xx_ll_usart.o
LOAD Thirdparty\STM32G0xx_HAL_Driver\Src\stm32g0xx_ll_usb.o
LOAD Thirdparty\STM32G0xx_HAL_Driver\Src\stm32g0xx_ll_utils.o
LOAD User\main.o
LOAD syscalls.o
START GROUP
LOAD C:/ST/STM32CubeIDE_1.17.0/STM32CubeIDE/plugins/com.st.stm32cube.ide.mcu.externaltools.gnu-tools-for-stm32.12.3.rel1.win32_1.1.0.202410251130/tools/bin/../lib/gcc/arm-none-eabi/12.3.1/../../../../arm-none-eabi/lib/thumb/v6-m/nofp\libc.a
LOAD C:/ST/STM32CubeIDE_1.17.0/STM32CubeIDE/plugins/com.st.stm32cube.ide.mcu.externaltools.gnu-tools-for-stm32.12.3.rel1.win32_1.1.0.202410251130/tools/bin/../lib/gcc/arm-none-eabi/12.3.1/../../../../arm-none-eabi/lib/thumb/v6-m/nofp\libm.a
END GROUP
START GROUP
LOAD C:/ST/STM32CubeIDE_1.17.0/STM32CubeIDE/plugins/com.st.stm32cube.ide.mcu.externaltools.gnu-tools-for-stm32.12.3.rel1.win32_1.1.0.202410251130/tools/bin/../lib/gcc/arm-none-eabi/12.3.1/thumb/v6-m/nofp\libgcc.a
LOAD C:/ST/STM32CubeIDE_1.17.0/STM32CubeIDE/plugins/com.st.stm32cube.ide.mcu.externaltools.gnu-tools-for-stm32.12.3.rel1.win32_1.1.0.202410251130/tools/bin/../lib/gcc/arm-none-eabi/12.3.1/../../../../arm-none-eabi/lib/thumb/v6-m/nofp\libc.a
END GROUP
START GROUP
LOAD C:/ST/STM32CubeIDE_1.17.0/STM32CubeIDE/plugins/com.st.stm32cube.ide.mcu.externaltools.gnu-tools-for-stm32.12.3.rel1.win32_1.1.0.202410251130/tools/bin/../lib/gcc/arm-none-eabi/12.3.1/thumb/v6-m/nofp\libgcc.a
LOAD C:/ST/STM32CubeIDE_1.17.0/STM32CubeIDE/plugins/com.st.stm32cube.ide.mcu.externaltools.gnu-tools-for-stm32.12.3.rel1.win32_1.1.0.202410251130/tools/bin/../lib/gcc/arm-none-eabi/12.3.1/../../../../arm-none-eabi/lib/thumb/v6-m/nofp\libc.a
LOAD C:/ST/STM32CubeIDE_1.17.0/STM32CubeIDE/plugins/com.st.stm32cube.ide.mcu.externaltools.gnu-tools-for-stm32.12.3.rel1.win32_1.1.0.202410251130/tools/bin/../lib/gcc/arm-none-eabi/12.3.1/../../../../arm-none-eabi/lib/thumb/v6-m/nofp\libnosys.a
END GROUP
LOAD C:/ST/STM32CubeIDE_1.17.0/STM32CubeIDE/plugins/com.st.stm32cube.ide.mcu.externaltools.gnu-tools-for-stm32.12.3.rel1.win32_1.1.0.202410251130/tools/bin/../lib/gcc/arm-none-eabi/12.3.1/thumb/v6-m/nofp/crtend.o
LOAD C:/ST/STM32CubeIDE_1.17.0/STM32CubeIDE/plugins/com.st.stm32cube.ide.mcu.externaltools.gnu-tools-for-stm32.12.3.rel1.win32_1.1.0.202410251130/tools/bin/../lib/gcc/arm-none-eabi/12.3.1/thumb/v6-m/nofp/crtn.o
                0x20024000                        _estack = (ORIGIN (RAM) + LENGTH (RAM))
                0x00000200                        _Min_Heap_Size = 0x200
                0x00000400                        _Min_Stack_Size = 0x400

.isr_vector     0x08000000       0xbc
                0x08000000                        . = ALIGN (0x4)
 *(.isr_vector)
 .isr_vector    0x08000000       0xbc H21R2\startup_stm32g0b1ceuxn.o
                0x08000000                g_pfnVectors
                0x080000bc                        . = ALIGN (0x4)

.text           0x080000c0    0x2cfe8
                0x080000c0                        . = ALIGN (0x4)
 *(.text)
 .text          0x080000c0       0x48 C:/ST/STM32CubeIDE_1.17.0/STM32CubeIDE/plugins/com.st.stm32cube.ide.mcu.externaltools.gnu-tools-for-stm32.12.3.rel1.win32_1.1.0.202410251130/tools/bin/../lib/gcc/arm-none-eabi/12.3.1/thumb/v6-m/nofp/crtbegin.o
 .text          0x08000108       0x14 C:/ST/STM32CubeIDE_1.17.0/STM32CubeIDE/plugins/com.st.stm32cube.ide.mcu.externaltools.gnu-tools-for-stm32.12.3.rel1.win32_1.1.0.202410251130/tools/bin/../lib/gcc/arm-none-eabi/12.3.1/../../../../arm-none-eabi/lib/thumb/v6-m/nofp\libc.a(libc_a-strcmp.o)
                0x08000108                strcmp
 .text          0x0800011c        0xe C:/ST/STM32CubeIDE_1.17.0/STM32CubeIDE/plugins/com.st.stm32cube.ide.mcu.externaltools.gnu-tools-for-stm32.12.3.rel1.win32_1.1.0.202410251130/tools/bin/../lib/gcc/arm-none-eabi/12.3.1/../../../../arm-none-eabi/lib/thumb/v6-m/nofp\libc.a(libc_a-strlen.o)
                0x0800011c                strlen
 *fill*         0x0800012a        0x2 
 .text          0x0800012c       0x14 C:/ST/STM32CubeIDE_1.17.0/STM32CubeIDE/plugins/com.st.stm32cube.ide.mcu.externaltools.gnu-tools-for-stm32.12.3.rel1.win32_1.1.0.202410251130/tools/bin/../lib/gcc/arm-none-eabi/12.3.1/thumb/v6-m/nofp\libgcc.a(_thumb1_case_uqi.o)
                0x0800012c                __gnu_thumb1_case_uqi
 .text          0x08000140       0x14 C:/ST/STM32CubeIDE_1.17.0/STM32CubeIDE/plugins/com.st.stm32cube.ide.mcu.externaltools.gnu-tools-for-stm32.12.3.rel1.win32_1.1.0.202410251130/tools/bin/../lib/gcc/arm-none-eabi/12.3.1/thumb/v6-m/nofp\libgcc.a(_thumb1_case_uhi.o)
                0x08000140                __gnu_thumb1_case_uhi
 .text          0x08000154      0x114 C:/ST/STM32CubeIDE_1.17.0/STM32CubeIDE/plugins/com.st.stm32cube.ide.mcu.externaltools.gnu-tools-for-stm32.12.3.rel1.win32_1.1.0.202410251130/tools/bin/../lib/gcc/arm-none-eabi/12.3.1/thumb/v6-m/nofp\libgcc.a(_udivsi3.o)
                0x08000154                __aeabi_uidiv
                0x08000154                __udivsi3
                0x08000260                __aeabi_uidivmod
 .text          0x08000268      0x1d4 C:/ST/STM32CubeIDE_1.17.0/STM32CubeIDE/plugins/com.st.stm32cube.ide.mcu.externaltools.gnu-tools-for-stm32.12.3.rel1.win32_1.1.0.202410251130/tools/bin/../lib/gcc/arm-none-eabi/12.3.1/thumb/v6-m/nofp\libgcc.a(_divsi3.o)
                0x08000268                __divsi3
                0x08000268                __aeabi_idiv
                0x08000434                __aeabi_idivmod
 .text          0x0800043c        0x4 C:/ST/STM32CubeIDE_1.17.0/STM32CubeIDE/plugins/com.st.stm32cube.ide.mcu.externaltools.gnu-tools-for-stm32.12.3.rel1.win32_1.1.0.202410251130/tools/bin/../lib/gcc/arm-none-eabi/12.3.1/thumb/v6-m/nofp\libgcc.a(_dvmd_tls.o)
                0x0800043c                __aeabi_idiv0
                0x0800043c                __aeabi_ldiv0
 .text          0x08000440       0x7c C:/ST/STM32CubeIDE_1.17.0/STM32CubeIDE/plugins/com.st.stm32cube.ide.mcu.externaltools.gnu-tools-for-stm32.12.3.rel1.win32_1.1.0.202410251130/tools/bin/../lib/gcc/arm-none-eabi/12.3.1/thumb/v6-m/nofp\libgcc.a(_arm_cmpdf2.o)
                0x08000440                __aeabi_cdrcmple
                0x08000450                __aeabi_cdcmple
                0x08000450                __aeabi_cdcmpeq
                0x08000460                __aeabi_dcmpeq
                0x0800046c                __aeabi_dcmplt
                0x08000480                __aeabi_dcmple
                0x08000494                __aeabi_dcmpgt
                0x080004a8                __aeabi_dcmpge
 .text          0x080004bc       0x74 C:/ST/STM32CubeIDE_1.17.0/STM32CubeIDE/plugins/com.st.stm32cube.ide.mcu.externaltools.gnu-tools-for-stm32.12.3.rel1.win32_1.1.0.202410251130/tools/bin/../lib/gcc/arm-none-eabi/12.3.1/thumb/v6-m/nofp\libgcc.a(_arm_cmpsf2.o)
                0x080004bc                __aeabi_cfrcmple
                0x080004c4                __aeabi_cfcmpeq
                0x080004c4                __aeabi_cfcmple
                0x080004d4                __aeabi_fcmpeq
                0x080004e0                __aeabi_fcmplt
                0x080004f4                __aeabi_fcmple
                0x08000508                __aeabi_fcmpgt
                0x0800051c                __aeabi_fcmpge
 .text          0x08000530       0x14 C:/ST/STM32CubeIDE_1.17.0/STM32CubeIDE/plugins/com.st.stm32cube.ide.mcu.externaltools.gnu-tools-for-stm32.12.3.rel1.win32_1.1.0.202410251130/tools/bin/../lib/gcc/arm-none-eabi/12.3.1/thumb/v6-m/nofp\libgcc.a(_aeabi_ulcmp.o)
                0x08000530                __aeabi_ulcmp
 .text          0x08000544       0x40 C:/ST/STM32CubeIDE_1.17.0/STM32CubeIDE/plugins/com.st.stm32cube.ide.mcu.externaltools.gnu-tools-for-stm32.12.3.rel1.win32_1.1.0.202410251130/tools/bin/../lib/gcc/arm-none-eabi/12.3.1/thumb/v6-m/nofp\libgcc.a(_aeabi_uldivmod.o)
                0x08000544                __aeabi_uldivmod
 .text          0x08000584       0x5c C:/ST/STM32CubeIDE_1.17.0/STM32CubeIDE/plugins/com.st.stm32cube.ide.mcu.externaltools.gnu-tools-for-stm32.12.3.rel1.win32_1.1.0.202410251130/tools/bin/../lib/gcc/arm-none-eabi/12.3.1/thumb/v6-m/nofp\libgcc.a(_muldi3.o)
                0x08000584                __muldi3
                0x08000584                __aeabi_lmul
 .text          0x080005e0       0x30 C:/ST/STM32CubeIDE_1.17.0/STM32CubeIDE/plugins/com.st.stm32cube.ide.mcu.externaltools.gnu-tools-for-stm32.12.3.rel1.win32_1.1.0.202410251130/tools/bin/../lib/gcc/arm-none-eabi/12.3.1/thumb/v6-m/nofp\libgcc.a(_fixunssfsi.o)
                0x080005e0                __fixunssfsi
                0x080005e0                __aeabi_f2uiz
 .text          0x08000610       0x3c C:/ST/STM32CubeIDE_1.17.0/STM32CubeIDE/plugins/com.st.stm32cube.ide.mcu.externaltools.gnu-tools-for-stm32.12.3.rel1.win32_1.1.0.202410251130/tools/bin/../lib/gcc/arm-none-eabi/12.3.1/thumb/v6-m/nofp\libgcc.a(_fixunsdfsi.o)
                0x08000610                __aeabi_d2uiz
                0x08000610                __fixunsdfsi
 .text          0x0800064c       0x38 C:/ST/STM32CubeIDE_1.17.0/STM32CubeIDE/plugins/com.st.stm32cube.ide.mcu.externaltools.gnu-tools-for-stm32.12.3.rel1.win32_1.1.0.202410251130/tools/bin/../lib/gcc/arm-none-eabi/12.3.1/thumb/v6-m/nofp\libgcc.a(_fixdfdi.o)
                0x0800064c                __fixdfdi
                0x0800064c                __aeabi_d2lz
 .text          0x08000684       0x3c C:/ST/STM32CubeIDE_1.17.0/STM32CubeIDE/plugins/com.st.stm32cube.ide.mcu.externaltools.gnu-tools-for-stm32.12.3.rel1.win32_1.1.0.202410251130/tools/bin/../lib/gcc/arm-none-eabi/12.3.1/thumb/v6-m/nofp\libgcc.a(_fixunsdfdi.o)
                0x08000684                __fixunsdfdi
                0x08000684                __aeabi_d2ulz
 .text          0x080006c0       0x2c C:/ST/STM32CubeIDE_1.17.0/STM32CubeIDE/plugins/com.st.stm32cube.ide.mcu.externaltools.gnu-tools-for-stm32.12.3.rel1.win32_1.1.0.202410251130/tools/bin/../lib/gcc/arm-none-eabi/12.3.1/thumb/v6-m/nofp\libgcc.a(_floatdidf.o)
                0x080006c0                __aeabi_l2d
                0x080006c0                __floatdidf
 .text          0x080006ec      0x198 C:/ST/STM32CubeIDE_1.17.0/STM32CubeIDE/plugins/com.st.stm32cube.ide.mcu.externaltools.gnu-tools-for-stm32.12.3.rel1.win32_1.1.0.202410251130/tools/bin/../lib/gcc/arm-none-eabi/12.3.1/thumb/v6-m/nofp\libgcc.a(_udivmoddi4.o)
                0x080006ec                __udivmoddi4
 .text          0x08000884       0x50 C:/ST/STM32CubeIDE_1.17.0/STM32CubeIDE/plugins/com.st.stm32cube.ide.mcu.externaltools.gnu-tools-for-stm32.12.3.rel1.win32_1.1.0.202410251130/tools/bin/../lib/gcc/arm-none-eabi/12.3.1/thumb/v6-m/nofp\libgcc.a(eqsf2.o)
                0x08000884                __eqsf2
                0x08000884                __nesf2
 .text          0x080008d4       0xa0 C:/ST/STM32CubeIDE_1.17.0/STM32CubeIDE/plugins/com.st.stm32cube.ide.mcu.externaltools.gnu-tools-for-stm32.12.3.rel1.win32_1.1.0.202410251130/tools/bin/../lib/gcc/arm-none-eabi/12.3.1/thumb/v6-m/nofp\libgcc.a(gesf2.o)
                0x080008d4                __gesf2
                0x080008d4                __gtsf2
 .text          0x08000974       0x9c C:/ST/STM32CubeIDE_1.17.0/STM32CubeIDE/plugins/com.st.stm32cube.ide.mcu.externaltools.gnu-tools-for-stm32.12.3.rel1.win32_1.1.0.202410251130/tools/bin/../lib/gcc/arm-none-eabi/12.3.1/thumb/v6-m/nofp\libgcc.a(lesf2.o)
                0x08000974                __ltsf2
                0x08000974                __lesf2
 .text          0x08000a10      0x27c C:/ST/STM32CubeIDE_1.17.0/STM32CubeIDE/plugins/com.st.stm32cube.ide.mcu.externaltools.gnu-tools-for-stm32.12.3.rel1.win32_1.1.0.202410251130/tools/bin/../lib/gcc/arm-none-eabi/12.3.1/thumb/v6-m/nofp\libgcc.a(mulsf3.o)
                0x08000a10                __aeabi_fmul
 .text          0x08000c8c      0x348 C:/ST/STM32CubeIDE_1.17.0/STM32CubeIDE/plugins/com.st.stm32cube.ide.mcu.externaltools.gnu-tools-for-stm32.12.3.rel1.win32_1.1.0.202410251130/tools/bin/../lib/gcc/arm-none-eabi/12.3.1/thumb/v6-m/nofp\libgcc.a(subsf3.o)
                0x08000c8c                __aeabi_fsub
 .text          0x08000fd4       0x40 C:/ST/STM32CubeIDE_1.17.0/STM32CubeIDE/plugins/com.st.stm32cube.ide.mcu.externaltools.gnu-tools-for-stm32.12.3.rel1.win32_1.1.0.202410251130/tools/bin/../lib/gcc/arm-none-eabi/12.3.1/thumb/v6-m/nofp\libgcc.a(fixsfsi.o)
                0x08000fd4                __aeabi_f2iz
 .text          0x08001014       0x84 C:/ST/STM32CubeIDE_1.17.0/STM32CubeIDE/plugins/com.st.stm32cube.ide.mcu.externaltools.gnu-tools-for-stm32.12.3.rel1.win32_1.1.0.202410251130/tools/bin/../lib/gcc/arm-none-eabi/12.3.1/thumb/v6-m/nofp\libgcc.a(floatunsisf.o)
                0x08001014                __aeabi_ui2f
 .text          0x08001098      0x6c8 C:/ST/STM32CubeIDE_1.17.0/STM32CubeIDE/plugins/com.st.stm32cube.ide.mcu.externaltools.gnu-tools-for-stm32.12.3.rel1.win32_1.1.0.202410251130/tools/bin/../lib/gcc/arm-none-eabi/12.3.1/thumb/v6-m/nofp\libgcc.a(adddf3.o)
                0x08001098                __aeabi_dadd
 .text          0x08001760      0x634 C:/ST/STM32CubeIDE_1.17.0/STM32CubeIDE/plugins/com.st.stm32cube.ide.mcu.externaltools.gnu-tools-for-stm32.12.3.rel1.win32_1.1.0.202410251130/tools/bin/../lib/gcc/arm-none-eabi/12.3.1/thumb/v6-m/nofp\libgcc.a(divdf3.o)
                0x08001760                __aeabi_ddiv
 .text          0x08001d94       0x88 C:/ST/STM32CubeIDE_1.17.0/STM32CubeIDE/plugins/com.st.stm32cube.ide.mcu.externaltools.gnu-tools-for-stm32.12.3.rel1.win32_1.1.0.202410251130/tools/bin/../lib/gcc/arm-none-eabi/12.3.1/thumb/v6-m/nofp\libgcc.a(eqdf2.o)
                0x08001d94                __nedf2
                0x08001d94                __eqdf2
 .text          0x08001e1c       0xe8 C:/ST/STM32CubeIDE_1.17.0/STM32CubeIDE/plugins/com.st.stm32cube.ide.mcu.externaltools.gnu-tools-for-stm32.12.3.rel1.win32_1.1.0.202410251130/tools/bin/../lib/gcc/arm-none-eabi/12.3.1/thumb/v6-m/nofp\libgcc.a(gedf2.o)
                0x08001e1c                __gedf2
                0x08001e1c                __gtdf2
 .text          0x08001f04       0xe4 C:/ST/STM32CubeIDE_1.17.0/STM32CubeIDE/plugins/com.st.stm32cube.ide.mcu.externaltools.gnu-tools-for-stm32.12.3.rel1.win32_1.1.0.202410251130/tools/bin/../lib/gcc/arm-none-eabi/12.3.1/thumb/v6-m/nofp\libgcc.a(ledf2.o)
                0x08001f04                __ledf2
                0x08001f04                __ltdf2
 .text          0x08001fe8      0x590 C:/ST/STM32CubeIDE_1.17.0/STM32CubeIDE/plugins/com.st.stm32cube.ide.mcu.externaltools.gnu-tools-for-stm32.12.3.rel1.win32_1.1.0.202410251130/tools/bin/../lib/gcc/arm-none-eabi/12.3.1/thumb/v6-m/nofp\libgcc.a(muldf3.o)
                0x08001fe8                __aeabi_dmul
 .text          0x08002578      0x738 C:/ST/STM32CubeIDE_1.17.0/STM32CubeIDE/plugins/com.st.stm32cube.ide.mcu.externaltools.gnu-tools-for-stm32.12.3.rel1.win32_1.1.0.202410251130/tools/bin/../lib/gcc/arm-none-eabi/12.3.1/thumb/v6-m/nofp\libgcc.a(subdf3.o)
                0x08002578                __aeabi_dsub
 .text          0x08002cb0       0x44 C:/ST/STM32CubeIDE_1.17.0/STM32CubeIDE/plugins/com.st.stm32cube.ide.mcu.externaltools.gnu-tools-for-stm32.12.3.rel1.win32_1.1.0.202410251130/tools/bin/../lib/gcc/arm-none-eabi/12.3.1/thumb/v6-m/nofp\libgcc.a(unorddf2.o)
                0x08002cb0                __aeabi_dcmpun
 .text          0x08002cf4       0x78 C:/ST/STM32CubeIDE_1.17.0/STM32CubeIDE/plugins/com.st.stm32cube.ide.mcu.externaltools.gnu-tools-for-stm32.12.3.rel1.win32_1.1.0.202410251130/tools/bin/../lib/gcc/arm-none-eabi/12.3.1/thumb/v6-m/nofp\libgcc.a(fixdfsi.o)
                0x08002cf4                __aeabi_d2iz
 .text          0x08002d6c       0x5c C:/ST/STM32CubeIDE_1.17.0/STM32CubeIDE/plugins/com.st.stm32cube.ide.mcu.externaltools.gnu-tools-for-stm32.12.3.rel1.win32_1.1.0.202410251130/tools/bin/../lib/gcc/arm-none-eabi/12.3.1/thumb/v6-m/nofp\libgcc.a(floatsidf.o)
                0x08002d6c                __aeabi_i2d
 .text          0x08002dc8       0x48 C:/ST/STM32CubeIDE_1.17.0/STM32CubeIDE/plugins/com.st.stm32cube.ide.mcu.externaltools.gnu-tools-for-stm32.12.3.rel1.win32_1.1.0.202410251130/tools/bin/../lib/gcc/arm-none-eabi/12.3.1/thumb/v6-m/nofp\libgcc.a(floatunsidf.o)
                0x08002dc8                __aeabi_ui2d
 .text          0x08002e10       0x90 C:/ST/STM32CubeIDE_1.17.0/STM32CubeIDE/plugins/com.st.stm32cube.ide.mcu.externaltools.gnu-tools-for-stm32.12.3.rel1.win32_1.1.0.202410251130/tools/bin/../lib/gcc/arm-none-eabi/12.3.1/thumb/v6-m/nofp\libgcc.a(extendsfdf2.o)
                0x08002e10                __aeabi_f2d
 .text          0x08002ea0      0x108 C:/ST/STM32CubeIDE_1.17.0/STM32CubeIDE/plugins/com.st.stm32cube.ide.mcu.externaltools.gnu-tools-for-stm32.12.3.rel1.win32_1.1.0.202410251130/tools/bin/../lib/gcc/arm-none-eabi/12.3.1/thumb/v6-m/nofp\libgcc.a(truncdfsf2.o)
                0x08002ea0                __aeabi_d2f
 .text          0x08002fa8       0x3c C:/ST/STM32CubeIDE_1.17.0/STM32CubeIDE/plugins/com.st.stm32cube.ide.mcu.externaltools.gnu-tools-for-stm32.12.3.rel1.win32_1.1.0.202410251130/tools/bin/../lib/gcc/arm-none-eabi/12.3.1/thumb/v6-m/nofp\libgcc.a(_clzsi2.o)
                0x08002fa8                __clzsi2
 .text          0x08002fe4       0x18 C:/ST/STM32CubeIDE_1.17.0/STM32CubeIDE/plugins/com.st.stm32cube.ide.mcu.externaltools.gnu-tools-for-stm32.12.3.rel1.win32_1.1.0.202410251130/tools/bin/../lib/gcc/arm-none-eabi/12.3.1/thumb/v6-m/nofp\libgcc.a(_clzdi2.o)
                0x08002fe4                __clzdi2
 *(.text*)
 .text.__NVIC_SystemReset
                0x08002ffc       0x24 BOS\BOS.o
 .text.Processor_type
                0x08003020       0x5a BOS\BOS.o
                0x08003020                Processor_type
 *fill*         0x0800307a        0x2 
 .text.Get_Module_Name
                0x0800307c       0x28 BOS\BOS.o
                0x0800307c                Get_Module_Name
 .text.Send_BOS_Message
                0x080030a4       0xfc BOS\BOS.o
                0x080030a4                Send_BOS_Message
 .text.LoadEEvars
                0x080031a0       0x2a BOS\BOS.o
                0x080031a0                LoadEEvars
 *fill*         0x080031ca        0x2 
 .text.LoadROtopology
                0x080031cc       0xfc BOS\BOS.o
                0x080031cc                LoadROtopology
 .text.LoadEEportsDir
                0x080032c8       0x68 BOS\BOS.o
                0x080032c8                LoadEEportsDir
 .text.LoadEEalias
                0x08003330       0xd8 BOS\BOS.o
                0x08003330                LoadEEalias
 .text.LoadEEgroup
                0x08003408      0x120 BOS\BOS.o
                0x08003408                LoadEEgroup
 .text.LoadEEstreams
                0x08003528      0x228 BOS\BOS.o
                0x08003528                LoadEEstreams
 .text.LoadEEparams
                0x08003750      0x2e4 BOS\BOS.o
                0x08003750                LoadEEparams
 .text.LoadEEbuttons
                0x08003a34      0x2ec BOS\BOS.o
                0x08003a34                LoadEEbuttons
 .text.LoadROsnippets
                0x08003d20      0x1d8 BOS\BOS.o
                0x08003d20                LoadROsnippets
 .text.SaveEEportsDir
                0x08003ef8       0x78 BOS\BOS.o
                0x08003ef8                SaveEEportsDir
 .text.SaveEEalias
                0x08003f70       0xd0 BOS\BOS.o
                0x08003f70                SaveEEalias
 .text.SaveEEstreams
                0x08004040       0xdc BOS\BOS.o
                0x08004040                SaveEEstreams
 .text.SaveEEparams
                0x0800411c       0xb4 BOS\BOS.o
                0x0800411c                SaveEEparams
 .text.ClearEEportsDir
                0x080041d0       0x84 BOS\BOS.o
                0x080041d0                ClearEEportsDir
 .text.EE_FormatForFactoryReset
                0x08004254       0x2c BOS\BOS.o
                0x08004254                EE_FormatForFactoryReset
 .text.IsLowerCLIbaud
                0x08004280       0xe8 BOS\BOS.o
                0x08004280                IsLowerCLIbaud
 .text.IsModuleParameter
                0x08004368       0x64 BOS\BOS.o
                0x08004368                IsModuleParameter
 .text.IsMathOperator
                0x080043cc       0xc4 BOS\BOS.o
                0x080043cc                IsMathOperator
 .text.BOS_Init
                0x08004490      0x13c BOS\BOS.o
                0x08004490                BOS_Init
 .text.Module_Init
                0x080045cc       0x1e BOS\BOS.o
                0x080045cc                Module_Init
 *fill*         0x080045ea        0x2 
 .text.Explore  0x080045ec      0xa24 BOS\BOS.o
                0x080045ec                Explore
 .text.ExploreNeighbors
                0x08005010       0x90 BOS\BOS.o
                0x08005010                ExploreNeighbors
 .text.FindBroadcastRoutes
                0x080050a0      0x3b0 BOS\BOS.o
                0x080050a0                FindBroadcastRoutes
 .text.FindRoute
                0x08005450      0x2d8 BOS\BOS.o
                0x08005450                FindRoute
 .text.minArr   0x08005728       0x88 BOS\BOS.o
                0x08005728                minArr
 .text.QnotEmpty
                0x080057b0       0x50 BOS\BOS.o
                0x080057b0                QnotEmpty
 .text.DisplayTopology
                0x08005800      0x258 BOS\BOS.o
                0x08005800                DisplayTopology
 .text.DisplayPortsDir
                0x08005a58      0x118 BOS\BOS.o
                0x08005a58                DisplayPortsDir
 .text.DisplayModuleStatus
                0x08005b70      0x3b4 BOS\BOS.o
                0x08005b70                DisplayModuleStatus
 .text.GetID    0x08005f24      0x15c BOS\BOS.o
                0x08005f24                GetID
 .text.NameModule
                0x08006080      0x140 BOS\BOS.o
                0x08006080                NameModule
 .text.AddModuleToGroup
                0x080061c0      0x1b8 BOS\BOS.o
                0x080061c0                AddModuleToGroup
 .text.WriteToRemote
                0x08006378      0x1fc BOS\BOS.o
                0x08006378                WriteToRemote
 .text.GetDateString
                0x08006574       0x5c BOS\BOS.o
                0x08006574                GetDateString
 .text.Bridge   0x080065d0       0x4c BOS\BOS.o
                0x080065d0                Bridge
 .text.Unbridge
                0x0800661c       0xbc BOS\BOS.o
                0x0800661c                Unbridge
 .text.EnableStopModebyUARTx
                0x080066d8       0xb8 BOS\BOS.o
                0x080066d8                EnableStopModebyUARTx
 .text.EnableStandbyModebyWakeupPinx
                0x08006790       0x64 BOS\BOS.o
                0x08006790                EnableStandbyModebyWakeupPinx
 .text.DisableStandbyModeWakeupPinx
                0x080067f4       0x9c BOS\BOS.o
                0x080067f4                DisableStandbyModeWakeupPinx
 .text.prvCLITask
                0x08006890      0x278 BOS\BOS_CLI.o
                0x08006890                prvCLITask
 .text.CLI_CommandParser
                0x08006b08      0x57c BOS\BOS_CLI.o
                0x08006b08                CLI_CommandParser
 .text.StringToLowerCase
                0x08007084       0x6c BOS\BOS_CLI.o
                0x08007084                StringToLowerCase
 .text.AddSnippet
                0x080070f0      0x1b4 BOS\BOS_CLI.o
                0x080070f0                AddSnippet
 .text.ParseSnippetCondition
                0x080072a4      0x7f8 BOS\BOS_CLI.o
                0x080072a4                ParseSnippetCondition
 .text.ParseSnippetCommand
                0x08007a9c       0xc8 BOS\BOS_CLI.o
                0x08007a9c                ParseSnippetCommand
 .text.CheckSnippetCondition
                0x08007b64      0x1b4 BOS\BOS_CLI.o
                0x08007b64                CheckSnippetCondition
 .text.ExecuteSnippet
                0x08007d18       0xd8 BOS\BOS_CLI.o
                0x08007d18                ExecuteSnippet
 .text.__NVIC_SystemReset
                0x08007df0       0x24 BOS\BOS_CLIcommands.o
 .text.RegisterUserCLICommands
                0x08007e14        0xa BOS\BOS_CLIcommands.o
                0x08007e14                RegisterUserCLICommands
 *fill*         0x08007e1e        0x2 
 .text.vRegisterCLICommands
                0x08007e20      0x1b0 BOS\BOS_CLIcommands.o
                0x08007e20                vRegisterCLICommands
 .text.prvTaskStatsCommand
                0x08007fd0       0x40 BOS\BOS_CLIcommands.o
 .text.prvRunTimeStatsCommand
                0x08008010       0x40 BOS\BOS_CLIcommands.o
 .text.pingCommand
                0x08008050       0x9c BOS\BOS_CLIcommands.o
 .text.bootloaderUpdateCommand
                0x080080ec      0x200 BOS\BOS_CLIcommands.o
 .text.exploreCommand
                0x080082ec       0xf8 BOS\BOS_CLIcommands.o
 .text.resetCommand
                0x080083e4       0x10 BOS\BOS_CLIcommands.o
 .text.nameCommand
                0x080083f4       0xe8 BOS\BOS_CLIcommands.o
 .text.groupCommand
                0x080084dc      0x2fc BOS\BOS_CLIcommands.o
 .text.statusCommand
                0x080087d8       0x1c BOS\BOS_CLIcommands.o
 .text.infoCommand
                0x080087f4       0xfc BOS\BOS_CLIcommands.o
 .text.scastCommand
                0x080088f0      0x2dc BOS\BOS_CLIcommands.o
 .text.addbuttonCommand
                0x08008bcc      0x150 BOS\BOS_CLIcommands.o
 .text.removebuttonCommand
                0x08008d1c       0x94 BOS\BOS_CLIcommands.o
 .text.setCommand
                0x08008db0      0xa04 BOS\BOS_CLIcommands.o
 .text.getCommand
                0x080097b4      0x310 BOS\BOS_CLIcommands.o
 .text.defaultCommand
                0x08009ac4       0xf8 BOS\BOS_CLIcommands.o
 .text.timeCommand
                0x08009bbc       0xd8 BOS\BOS_CLIcommands.o
 .text.dateCommand
                0x08009c94       0x34 BOS\BOS_CLIcommands.o
 .text.setBaudrateCommand
                0x08009cc8       0xc0 BOS\BOS_CLIcommands.o
 .text.uuidCommand
                0x08009d88       0x70 BOS\BOS_CLIcommands.o
 .text.idcodeCommand
                0x08009df8       0xe0 BOS\BOS_CLIcommands.o
 .text.flashsizeCommand
                0x08009ed8       0x34 BOS\BOS_CLIcommands.o
 .text.snipCommand
                0x08009f0c      0x3ac BOS\BOS_CLIcommands.o
 .text.actSnipCommand
                0x0800a2b8       0xb8 BOS\BOS_CLIcommands.o
 .text.pauseSnipCommand
                0x0800a370       0xb8 BOS\BOS_CLIcommands.o
 .text.delSnipCommand
                0x0800a428      0x1d4 BOS\BOS_CLIcommands.o
 .text.bridgeCommand
                0x0800a5fc      0x11c BOS\BOS_CLIcommands.o
 .text.unbridgeCommand
                0x0800a718      0x11c BOS\BOS_CLIcommands.o
 .text.testportCommand
                0x0800a834      0x2e8 BOS\BOS_CLIcommands.o
 .text.ADCReadCommand
                0x0800ab1c      0x134 BOS\BOS_CLIcommands.o
 .text.ReadTempCommand
                0x0800ac50       0x54 BOS\BOS_CLIcommands.o
 .text.ReadVrefCommand
                0x0800aca4       0x54 BOS\BOS_CLIcommands.o
 .text.GetReadPrecentageCommand
                0x0800acf8       0x98 BOS\BOS_CLIcommands.o
 .text.StartDMAstream
                0x0800ad90       0xb0 BOS\BOS_dma.o
                0x0800ad90                StartDMAstream
 .text.DMA_IRQHandler
                0x0800ae40      0x108 BOS\BOS_dma.o
                0x0800ae40                DMA_IRQHandler
 .text.ResetUartORE
                0x0800af48       0x48 BOS\BOS_dma.o
                0x0800af48                ResetUartORE
 .text.MX_FREERTOS_Init
                0x0800af90      0x214 BOS\BOS_freertos.o
                0x0800af90                MX_FREERTOS_Init
 .text.StartDefaultTask
                0x0800b1a4      0x10c BOS\BOS_freertos.o
                0x0800b1a4                StartDefaultTask
 .text.ExecuteMonitor
                0x0800b2b0      0x4c8 BOS\BOS_freertos.o
                0x0800b2b0                ExecuteMonitor
 .text.vMainConfigureTimerForRunTimeStats
                0x0800b778       0x2c BOS\BOS_freertos.o
                0x0800b778                vMainConfigureTimerForRunTimeStats
 .text.ulMainGetRunTimeCounterValue
                0x0800b7a4       0x90 BOS\BOS_freertos.o
                0x0800b7a4                ulMainGetRunTimeCounterValue
 .text.SetupDMAStreams
                0x0800b834      0x3c8 BOS\BOS_messaging.o
                0x0800b834                SetupDMAStreams
 .text.StreamTimerCallback
                0x0800bbfc       0x98 BOS\BOS_messaging.o
                0x0800bbfc                StreamTimerCallback
 .text.ForwardReceivedMessage
                0x0800bc94       0x80 BOS\BOS_messaging.o
                0x0800bc94                ForwardReceivedMessage
 .text.BroadcastReceivedMessage
                0x0800bd14       0x70 BOS\BOS_messaging.o
                0x0800bd14                BroadcastReceivedMessage
 .text.NotifyMessagingTask
                0x0800bd84       0x90 BOS\BOS_messaging.o
                0x0800bd84                NotifyMessagingTask
 .text.BroadcastMessage
                0x0800be14       0x94 BOS\BOS_messaging.o
                0x0800be14                BroadcastMessage
 .text.SendMessageToModule
                0x0800bea8       0xa4 BOS\BOS_messaging.o
                0x0800bea8                SendMessageToModule
 .text.SendLargeMessageToModule
                0x0800bf4c      0x10c BOS\BOS_messaging.o
                0x0800bf4c                SendLargeMessageToModule
 .text.SendMessageFromPort
                0x0800c058      0x5a8 BOS\BOS_messaging.o
                0x0800c058                SendMessageFromPort
 .text.StartScastDMAStream
                0x0800c600      0x314 BOS\BOS_messaging.o
                0x0800c600                StartScastDMAStream
 .text.__NVIC_SystemReset
                0x0800c914       0x24 BOS\BOS_msgparser.o
 .text.BackEndTask
                0x0800c938      0xbb8 BOS\BOS_msgparser.o
                0x0800c938                BackEndTask
 .text.PxMessagingTask
                0x0800d4f0     0x4a98 BOS\BOS_msgparser.o
                0x0800d4f0                PxMessagingTask
 .text.User_MessagingParser
                0x08011f88       0x3a BOS\BOS_msgparser.o
                0x08011f88                User_MessagingParser
 .text.SystemClock_Config
                0x08011fc2       0xb4 H21R2\H21R2.o
                0x08011fc2                SystemClock_Config
 *fill*         0x08012076        0x2 
 .text.SaveTopologyToRO
                0x08012078      0x1bc H21R2\H21R2.o
                0x08012078                SaveTopologyToRO
 .text.SaveSnippetsToRO
                0x08012234      0x1f8 H21R2\H21R2.o
                0x08012234                SaveSnippetsToRO
 .text.ClearROtopology
                0x0801242c       0x38 H21R2\H21R2.o
                0x0801242c                ClearROtopology
 .text.remoteBootloaderUpdate
                0x08012464      0x178 H21R2\H21R2.o
                0x08012464                remoteBootloaderUpdate
 .text.SetupPortForRemoteBootloaderUpdate
                0x080125dc       0x52 H21R2\H21R2.o
                0x080125dc                SetupPortForRemoteBootloaderUpdate
 *fill*         0x0801262e        0x2 
 .text.Module_Peripheral_Init
                0x08012630      0x128 H21R2\H21R2.o
                0x08012630                Module_Peripheral_Init
 .text.Module_MessagingTask
                0x08012758     0x1004 H21R2\H21R2.o
                0x08012758                Module_MessagingTask
 .text.GetPort  0x0801375c       0x6c H21R2\H21R2.o
                0x0801375c                GetPort
 .text.RegisterModuleCLICommands
                0x080137c8       0x84 H21R2\H21R2.o
                0x080137c8                RegisterModuleCLICommands
 .text.ESP_Reset
                0x0801384c       0x44 H21R2\H21R2.o
                0x0801384c                ESP_Reset
 .text.ESP_Boot
                0x08013890       0x60 H21R2\H21R2.o
                0x08013890                ESP_Boot
 .text.BLE_ClientMode
                0x080138f0      0x118 H21R2\H21R2.o
                0x080138f0                BLE_ClientMode
 .text.BLE_ClientModeCLI
                0x08013a08      0x124 H21R2\H21R2.o
                0x08013a08                BLE_ClientModeCLI
 .text.BLE_ServerMode
                0x08013b2c       0xe4 H21R2\H21R2.o
                0x08013b2c                BLE_ServerMode
 .text.BLE_Read
                0x08013c10       0xc8 H21R2\H21R2.o
                0x08013c10                BLE_Read
 .text.BLE_Write
                0x08013cd8      0x160 H21R2\H21R2.o
                0x08013cd8                BLE_Write
 .text.WIFI_AccessPoint
                0x08013e38      0x100 H21R2\H21R2.o
                0x08013e38                WIFI_AccessPoint
 .text.WIFI_AccessPointCLI
                0x08013f38      0x120 H21R2\H21R2.o
                0x08013f38                WIFI_AccessPointCLI
 .text.WIFI_StationCLI
                0x08014058      0x110 H21R2\H21R2.o
                0x08014058                WIFI_StationCLI
 .text.CLI_ESPResetModeCommand
                0x08014168       0x60 H21R2\H21R2.o
                0x08014168                CLI_ESPResetModeCommand
 .text.CLI_ESPBootModeCommand
                0x080141c8       0x60 H21R2\H21R2.o
                0x080141c8                CLI_ESPBootModeCommand
 .text.CLI_ESPBleClientModeCommand
                0x08014228       0xac H21R2\H21R2.o
                0x08014228                CLI_ESPBleClientModeCommand
 .text.CLI_ESPBleServerModeCommand
                0x080142d4       0x84 H21R2\H21R2.o
                0x080142d4                CLI_ESPBleServerModeCommand
 .text.CLI_ESPWifiAccessPiontModeCommand
                0x08014358       0xac H21R2\H21R2.o
                0x08014358                CLI_ESPWifiAccessPiontModeCommand
 .text.CLI_ESPWifiStationModeCommand
                0x08014404       0xac H21R2\H21R2.o
                0x08014404                CLI_ESPWifiStationModeCommand
 .text.CLI_ESPWriteToBleServerModeCommand
                0x080144b0       0x98 H21R2\H21R2.o
                0x080144b0                CLI_ESPWriteToBleServerModeCommand
 .text.CLI_ESPWriteToBleClientModeCommand
                0x08014548       0x98 H21R2\H21R2.o
                0x08014548                CLI_ESPWriteToBleClientModeCommand
 .text.CLI_ESPReadFromBleServerModeCommand
                0x080145e0       0x6c H21R2\H21R2.o
                0x080145e0                CLI_ESPReadFromBleServerModeCommand
 .text.CLI_ESPReadFromBleClientModeCommand
                0x0801464c       0x6c H21R2\H21R2.o
                0x0801464c                CLI_ESPReadFromBleClientModeCommand
 .text.DMA_Init
                0x080146b8       0x74 H21R2\H21R2_dma.o
                0x080146b8                DMA_Init
 .text.SetupMessagingRxDMAs
                0x0801472c       0xf4 H21R2\H21R2_dma.o
                0x0801472c                SetupMessagingRxDMAs
 .text.DMA_MSG_RX_Setup
                0x08014820       0x68 H21R2\H21R2_dma.o
                0x08014820                DMA_MSG_RX_Setup
 .text.DMA_STREAM_Setup
                0x08014888       0xf0 H21R2\H21R2_dma.o
                0x08014888                DMA_STREAM_Setup
 .text.StopDMA  0x08014978       0x98 H21R2\H21R2_dma.o
                0x08014978                StopDMA
 .text.SwitchMsgDMAToStream
                0x08014a10       0x52 H21R2\H21R2_dma.o
                0x08014a10                SwitchMsgDMAToStream
 *fill*         0x08014a62        0x2 
 .text.SwitchStreamDMAToMsg
                0x08014a64       0xc8 H21R2\H21R2_dma.o
                0x08014a64                SwitchStreamDMAToMsg
 .text.CRC_Init
                0x08014b2c       0x44 H21R2\H21R2_dma.o
                0x08014b2c                CRC_Init
 .text.HAL_CRC_MspInit
                0x08014b70       0x30 H21R2\H21R2_dma.o
                0x08014b70                HAL_CRC_MspInit
 .text.CalculateCRC8
                0x08014ba0      0x154 H21R2\H21R2_dma.o
                0x08014ba0                CalculateCRC8
 .text.__NVIC_SystemReset
                0x08014cf4       0x24 H21R2\H21R2_eeprom.o
 .text.EE_Init  0x08014d18       0x56 H21R2\H21R2_eeprom.o
                0x08014d18                EE_Init
 .text.EE_ReadVariable
                0x08014d6e       0x42 H21R2\H21R2_eeprom.o
                0x08014d6e                EE_ReadVariable
 .text.EE_WriteVariable
                0x08014db0       0x72 H21R2\H21R2_eeprom.o
                0x08014db0                EE_WriteVariable
 .text.EE_Format
                0x08014e22       0x3a H21R2\H21R2_eeprom.o
                0x08014e22                EE_Format
 .text.GPIO_Init
                0x08014e5c       0xf4 H21R2\H21R2_gpio.o
                0x08014e5c                GPIO_Init
 .text.IND_LED_Init
                0x08014f50       0x38 H21R2\H21R2_gpio.o
                0x08014f50                IND_LED_Init
 .text.IsFactoryReset
                0x08014f88      0x15c H21R2\H21R2_gpio.o
                0x08014f88                IsFactoryReset
 .text.GetPortGPIOs
                0x080150e4      0x118 H21R2\H21R2_gpio.o
                0x080150e4                GetPortGPIOs
 .text.buttonPressedCallback
                0x080151fc       0x14 H21R2\H21R2_inputs.o
                0x080151fc                buttonPressedCallback
 .text.CheckAttachedButtons
                0x08015210      0x7a8 H21R2\H21R2_inputs.o
                0x08015210                CheckAttachedButtons
 .text.CheckForTimedButtonPress
                0x080159b8       0xfc H21R2\H21R2_inputs.o
                0x080159b8                CheckForTimedButtonPress
 .text.CheckForTimedButtonRelease
                0x08015ab4       0xfc H21R2\H21R2_inputs.o
                0x08015ab4                CheckForTimedButtonRelease
 .text.AddPortButton
                0x08015bb0      0x268 H21R2\H21R2_inputs.o
                0x08015bb0                AddPortButton
 .text.RemovePortButton
                0x08015e18      0x204 H21R2\H21R2_inputs.o
                0x08015e18                RemovePortButton
 .text.SetButtonEvents
                0x0801601c      0x6ec H21R2\H21R2_inputs.o
                0x0801601c                SetButtonEvents
 .text.MX_ADC_Init
                0x08016708       0x88 H21R2\H21R2_inputs.o
                0x08016708                MX_ADC_Init
 .text.HAL_ADC_MspInit
                0x08016790       0x84 H21R2\H21R2_inputs.o
                0x08016790                HAL_ADC_MspInit
 .text.ADCSelectChannel
                0x08016814       0xa0 H21R2\H21R2_inputs.o
                0x08016814                ADCSelectChannel
 .text.ReadADCChannel
                0x080168b4      0x10c H21R2\H21R2_inputs.o
                0x080168b4                ReadADCChannel
 .text.ReadTempAndVref
                0x080169c0      0x1f0 H21R2\H21R2_inputs.o
                0x080169c0                ReadTempAndVref
 .text.GetReadPrecentage
                0x08016bb0      0x220 H21R2\H21R2_inputs.o
                0x08016bb0                GetReadPrecentage
 .text.Get_channel
                0x08016dd0       0x8c H21R2\H21R2_inputs.o
                0x08016dd0                Get_channel
 .text.Error_Handler
                0x08016e5c       0x10 H21R2\H21R2_inputs.o
                0x08016e5c                Error_Handler
 .text.Get_Rank
                0x08016e6c       0x84 H21R2\H21R2_inputs.o
                0x08016e6c                Get_Rank
 .text.buttonReleasedCallback
                0x08016ef0       0x14 H21R2\H21R2_inputs.o
                0x08016ef0                buttonReleasedCallback
 .text.buttonClickedCallback
                0x08016f04       0x14 H21R2\H21R2_inputs.o
                0x08016f04                buttonClickedCallback
 .text.buttonDblClickedCallback
                0x08016f18       0x14 H21R2\H21R2_inputs.o
                0x08016f18                buttonDblClickedCallback
 .text.buttonPressedForXCallback
                0x08016f2c       0x1a H21R2\H21R2_inputs.o
                0x08016f2c                buttonPressedForXCallback
 .text.buttonReleasedForYCallback
                0x08016f46       0x1a H21R2\H21R2_inputs.o
                0x08016f46                buttonReleasedForYCallback
 .text.__NVIC_SystemReset
                0x08016f60       0x24 H21R2\H21R2_it.o
 .text.SysTick_Handler
                0x08016f84       0x12 H21R2\H21R2_it.o
                0x08016f84                SysTick_Handler
 *fill*         0x08016f96        0x2 
 .text.HardFault_Handler
                0x08016f98       0x40 H21R2\H21R2_it.o
                0x08016f98                HardFault_Handler
 .text.HAL_UARTEx_RxEventCallback
                0x08016fd8       0x74 H21R2\H21R2_it.o
                0x08016fd8                HAL_UARTEx_RxEventCallback
 .text.USART1_IRQHandler
                0x0801704c       0xac H21R2\H21R2_it.o
                0x0801704c                USART1_IRQHandler
 .text.USART2_LPUART2_IRQHandler
                0x080170f8       0xac H21R2\H21R2_it.o
                0x080170f8                USART2_LPUART2_IRQHandler
 .text.USART3_4_5_6_LPUART1_IRQHandler
                0x080171a4      0x258 H21R2\H21R2_it.o
                0x080171a4                USART3_4_5_6_LPUART1_IRQHandler
 .text.DMA1_Channel1_IRQHandler
                0x080173fc       0x10 H21R2\H21R2_it.o
                0x080173fc                DMA1_Channel1_IRQHandler
 .text.DMA1_Channel2_3_IRQHandler
                0x0801740c       0x3c H21R2\H21R2_it.o
                0x0801740c                DMA1_Channel2_3_IRQHandler
 .text.DMA1_Ch4_7_DMA2_Ch1_5_DMAMUX1_OVR_IRQHandler
                0x08017448       0x5c H21R2\H21R2_it.o
                0x08017448                DMA1_Ch4_7_DMA2_Ch1_5_DMAMUX1_OVR_IRQHandler
 .text.HAL_UART_TxCpltCallback
                0x080174a4       0x38 H21R2\H21R2_it.o
                0x080174a4                HAL_UART_TxCpltCallback
 .text.HAL_UART_ErrorCallback
                0x080174dc       0xd4 H21R2\H21R2_it.o
                0x080174dc                HAL_UART_ErrorCallback
 .text.HAL_UARTEx_WakeupCallback
                0x080175b0       0x5c H21R2\H21R2_it.o
                0x080175b0                HAL_UARTEx_WakeupCallback
 .text.vApplicationStackOverflowHook
                0x0801760c       0x44 H21R2\H21R2_it.o
                0x0801760c                vApplicationStackOverflowHook
 .text.vApplicationMallocFailedHook
                0x08017650       0x40 H21R2\H21R2_it.o
                0x08017650                vApplicationMallocFailedHook
 .text.RTC_Init
                0x08017690       0xc4 H21R2\H21R2_rtc.o
                0x08017690                RTC_Init
 .text.RTC_CalendarConfig
                0x08017754      0x18c H21R2\H21R2_rtc.o
                0x08017754                RTC_CalendarConfig
 .text.BOS_CalendarConfig
                0x080178e0      0x128 H21R2\H21R2_rtc.o
                0x080178e0                BOS_CalendarConfig
 .text.GetTimeDate
                0x08017a08       0x90 H21R2\H21R2_rtc.o
                0x08017a08                GetTimeDate
 .text.TIM_USEC_Init
                0x08017a98       0x74 H21R2\H21R2_timers.o
                0x08017a98                TIM_USEC_Init
 .text.TIM_MSEC_Init
                0x08017b0c       0x78 H21R2\H21R2_timers.o
                0x08017b0c                TIM_MSEC_Init
 .text.StartMicroDelay
                0x08017b84       0x48 H21R2\H21R2_timers.o
                0x08017b84                StartMicroDelay
 .text.StartMilliDelay
                0x08017bcc       0x48 H21R2\H21R2_timers.o
                0x08017bcc                StartMilliDelay
 .text.MX_USART1_UART_Init
                0x08017c14       0x7c H21R2\H21R2_uart.o
                0x08017c14                MX_USART1_UART_Init
 .text.MX_USART2_UART_Init
                0x08017c90       0x7c H21R2\H21R2_uart.o
                0x08017c90                MX_USART2_UART_Init
 .text.MX_USART4_UART_Init
                0x08017d0c       0x60 H21R2\H21R2_uart.o
                0x08017d0c                MX_USART4_UART_Init
 .text.MX_USART5_UART_Init
                0x08017d6c       0x60 H21R2\H21R2_uart.o
                0x08017d6c                MX_USART5_UART_Init
 .text.MX_USART6_UART_Init
                0x08017dcc       0x60 H21R2\H21R2_uart.o
                0x08017dcc                MX_USART6_UART_Init
 .text.MX_USART3_UART_Init
                0x08017e2c       0x7c H21R2\H21R2_uart.o
                0x08017e2c                MX_USART3_UART_Init
 .text.HAL_UART_MspInit
                0x08017ea8      0x740 H21R2\H21R2_uart.o
                0x08017ea8                HAL_UART_MspInit
 .text.writePxMutex
                0x080185e8       0xac H21R2\H21R2_uart.o
                0x080185e8                writePxMutex
 .text.writePxITMutex
                0x08018694       0x78 H21R2\H21R2_uart.o
                0x08018694                writePxITMutex
 .text.UpdateBaudrate
                0x0801870c       0x3e H21R2\H21R2_uart.o
                0x0801870c                UpdateBaudrate
 *fill*         0x0801874a        0x2 
 .text.GetUart  0x0801874c       0x54 H21R2\H21R2_uart.o
                0x0801874c                GetUart
 .text.SwapUartPins
                0x080187a0      0x118 H21R2\H21R2_uart.o
                0x080187a0                SwapUartPins
 .text.ReadPortsDir
                0x080188b8       0xa8 H21R2\H21R2_uart.o
                0x080188b8                ReadPortsDir
 .text.ReadPortsDirMSG
                0x08018960       0x80 H21R2\H21R2_uart.o
                0x08018960                ReadPortsDirMSG
 .text.UpdateMyPortsDir
                0x080189e0       0x84 H21R2\H21R2_uart.o
                0x080189e0                UpdateMyPortsDir
 .text.Reset_Handler
                0x08018a64       0x90 H21R2\startup_stm32g0b1ceuxn.o
                0x08018a64                Reset_Handler
 .text.Default_Handler
                0x08018af4        0x2 H21R2\startup_stm32g0b1ceuxn.o
                0x08018af4                I2C2_3_IRQHandler
                0x08018af4                TIM1_CC_IRQHandler
                0x08018af4                ADC1_COMP_IRQHandler
                0x08018af4                NMI_Handler
                0x08018af4                I2C1_IRQHandler
                0x08018af4                TIM7_LPTIM2_IRQHandler
                0x08018af4                TIM17_FDCAN_IT1_IRQHandler
                0x08018af4                RCC_CRS_IRQHandler
                0x08018af4                RTC_TAMP_IRQHandler
                0x08018af4                SPI1_IRQHandler
                0x08018af4                USB_UCPD1_2_IRQHandler
                0x08018af4                EXTI2_3_IRQHandler
                0x08018af4                PVD_VDDIO2_IRQHandler
                0x08018af4                EXTI4_15_IRQHandler
                0x08018af4                Default_Handler
                0x08018af4                CEC_IRQHandler
                0x08018af4                TIM14_IRQHandler
                0x08018af4                TIM15_IRQHandler
                0x08018af4                TIM3_TIM4_IRQHandler
                0x08018af4                EXTI0_1_IRQHandler
                0x08018af4                SPI2_3_IRQHandler
                0x08018af4                TIM6_DAC_LPTIM1_IRQHandler
                0x08018af4                WWDG_IRQHandler
                0x08018af4                TIM2_IRQHandler
                0x08018af4                FLASH_IRQHandler
                0x08018af4                TIM16_FDCAN_IT0_IRQHandler
                0x08018af4                TIM1_BRK_UP_TRG_COM_IRQHandler
 .text.SystemInit
                0x08018af6        0xa Thirdparty\CMSIS\STM32G0xx\Device\ST\STM32G0xx\Source\Templates\system_stm32g0xx.o
                0x08018af6                SystemInit
 .text.LL_CRC_ResetCRCCalculationUnit
                0x08018b00       0x1c Thirdparty\EEPROM_Emul\Core\eeprom_emul.o
 .text.LL_CRC_SetPolynomialSize
                0x08018b1c       0x24 Thirdparty\EEPROM_Emul\Core\eeprom_emul.o
 .text.LL_CRC_SetPolynomialCoef
                0x08018b40       0x18 Thirdparty\EEPROM_Emul\Core\eeprom_emul.o
 .text.LL_CRC_FeedData32
                0x08018b58       0x18 Thirdparty\EEPROM_Emul\Core\eeprom_emul.o
 .text.LL_CRC_FeedData16
                0x08018b70       0x22 Thirdparty\EEPROM_Emul\Core\eeprom_emul.o
 .text.LL_CRC_ReadData16
                0x08018b92       0x16 Thirdparty\EEPROM_Emul\Core\eeprom_emul.o
 .text.LL_AHB1_GRP1_EnableClock
                0x08018ba8       0x2c Thirdparty\EEPROM_Emul\Core\eeprom_emul.o
 .text.EEPROM_Init
                0x08018bd4     0x1874 Thirdparty\EEPROM_Emul\Core\eeprom_emul.o
                0x08018bd4                EEPROM_Init
 .text.EEPROM_Format
                0x0801a448      0x2a8 Thirdparty\EEPROM_Emul\Core\eeprom_emul.o
                0x0801a448                EEPROM_Format
 .text.EE_ReadVariable16bits
                0x0801a6f0       0x60 Thirdparty\EEPROM_Emul\Core\eeprom_emul.o
                0x0801a6f0                EE_ReadVariable16bits
 .text.EE_WriteVariable16bits
                0x0801a750       0x48 Thirdparty\EEPROM_Emul\Core\eeprom_emul.o
                0x0801a750                EE_WriteVariable16bits
 .text.EE_CleanUp
                0x0801a798      0x2a4 Thirdparty\EEPROM_Emul\Core\eeprom_emul.o
                0x0801a798                EE_CleanUp
 .text.ReadVariable
                0x0801aa3c      0x340 Thirdparty\EEPROM_Emul\Core\eeprom_emul.o
 .text.WriteVariable
                0x0801ad7c       0x52 Thirdparty\EEPROM_Emul\Core\eeprom_emul.o
 .text.VerifyPageFullyErased
                0x0801adce       0x4e Thirdparty\EEPROM_Emul\Core\eeprom_emul.o
 .text.FindPage
                0x0801ae1c      0x444 Thirdparty\EEPROM_Emul\Core\eeprom_emul.o
 .text.PagesTransfer
                0x0801b260      0x8ec Thirdparty\EEPROM_Emul\Core\eeprom_emul.o
 .text.VerifyPagesFullWriteVariable
                0x0801bb4c      0x1ac Thirdparty\EEPROM_Emul\Core\eeprom_emul.o
 .text.SetPageState
                0x0801bcf8      0x364 Thirdparty\EEPROM_Emul\Core\eeprom_emul.o
 .text.GetPageState
                0x0801c05c       0xa0 Thirdparty\EEPROM_Emul\Core\eeprom_emul.o
 .text.ConfigureCrc
                0x0801c0fc       0x34 Thirdparty\EEPROM_Emul\Core\eeprom_emul.o
                0x0801c0fc                ConfigureCrc
 .text.CalculateCrc
                0x0801c130       0x48 Thirdparty\EEPROM_Emul\Core\eeprom_emul.o
                0x0801c130                CalculateCrc
 .text.FI_WriteDoubleWord
                0x0801c178       0x22 Thirdparty\EEPROM_Emul\Porting\STM32G0\flash_interface.o
                0x0801c178                FI_WriteDoubleWord
 *fill*         0x0801c19a        0x2 
 .text.FI_PageErase
                0x0801c19c      0x120 Thirdparty\EEPROM_Emul\Porting\STM32G0\flash_interface.o
                0x0801c19c                FI_PageErase
 .text.FI_CacheFlush
                0x0801c2bc        0xa Thirdparty\EEPROM_Emul\Porting\STM32G0\flash_interface.o
                0x0801c2bc                FI_CacheFlush
 *fill*         0x0801c2c6        0x2 
 .text.GetBankNumber
                0x0801c2c8       0x90 Thirdparty\EEPROM_Emul\Porting\STM32G0\flash_interface.o
 .text.FI_CheckBankConfig
                0x0801c358       0x18 Thirdparty\EEPROM_Emul\Porting\STM32G0\flash_interface.o
                0x0801c358                FI_CheckBankConfig
 .text.inHandlerMode
                0x0801c370       0x1c Thirdparty\Middleware\STM32G0xx\FreeRTOS\Source\CMSIS_RTOS\cmsis_os.o
 .text.osKernelStart
                0x0801c38c       0x10 Thirdparty\Middleware\STM32G0xx\FreeRTOS\Source\CMSIS_RTOS\cmsis_os.o
                0x0801c38c                osKernelStart
 .text.osDelay  0x0801c39c       0x28 Thirdparty\Middleware\STM32G0xx\FreeRTOS\Source\CMSIS_RTOS\cmsis_os.o
                0x0801c39c                osDelay
 .text.osSemaphoreCreate
                0x0801c3c4       0x4a Thirdparty\Middleware\STM32G0xx\FreeRTOS\Source\CMSIS_RTOS\cmsis_os.o
                0x0801c3c4                osSemaphoreCreate
 *fill*         0x0801c40e        0x2 
 .text.osSemaphoreWait
                0x0801c410       0x94 Thirdparty\Middleware\STM32G0xx\FreeRTOS\Source\CMSIS_RTOS\cmsis_os.o
                0x0801c410                osSemaphoreWait
 .text.osSemaphoreRelease
                0x0801c4a4       0x64 Thirdparty\Middleware\STM32G0xx\FreeRTOS\Source\CMSIS_RTOS\cmsis_os.o
                0x0801c4a4                osSemaphoreRelease
 .text.osSystickHandler
                0x0801c508       0x18 Thirdparty\Middleware\STM32G0xx\FreeRTOS\Source\CMSIS_RTOS\cmsis_os.o
                0x0801c508                osSystickHandler
 .text.FreeRTOS_CLIRegisterCommand
                0x0801c520       0x50 Thirdparty\Middleware\STM32G0xx\FreeRTOS\Source\FreeRTOS_CLI.o
                0x0801c520                FreeRTOS_CLIRegisterCommand
 .text.FreeRTOS_CLIProcessCommand
                0x0801c570      0x11c Thirdparty\Middleware\STM32G0xx\FreeRTOS\Source\FreeRTOS_CLI.o
                0x0801c570                FreeRTOS_CLIProcessCommand
 .text.FreeRTOS_CLIGetOutputBuffer
                0x0801c68c       0x10 Thirdparty\Middleware\STM32G0xx\FreeRTOS\Source\FreeRTOS_CLI.o
                0x0801c68c                FreeRTOS_CLIGetOutputBuffer
 .text.FreeRTOS_CLIGetParameter
                0x0801c69c       0xbc Thirdparty\Middleware\STM32G0xx\FreeRTOS\Source\FreeRTOS_CLI.o
                0x0801c69c                FreeRTOS_CLIGetParameter
 .text.prvHelpCommand
                0x0801c758      0x154 Thirdparty\Middleware\STM32G0xx\FreeRTOS\Source\FreeRTOS_CLI.o
 .text.prvGetNumberOfParameters
                0x0801c8ac       0x7a Thirdparty\Middleware\STM32G0xx\FreeRTOS\Source\FreeRTOS_CLI.o
 .text.vListInitialise
                0x0801c926       0x3c Thirdparty\Middleware\STM32G0xx\FreeRTOS\Source\list.o
                0x0801c926                vListInitialise
 .text.vListInitialiseItem
                0x0801c962       0x16 Thirdparty\Middleware\STM32G0xx\FreeRTOS\Source\list.o
                0x0801c962                vListInitialiseItem
 .text.vListInsertEnd
                0x0801c978       0x44 Thirdparty\Middleware\STM32G0xx\FreeRTOS\Source\list.o
                0x0801c978                vListInsertEnd
 .text.vListInsert
                0x0801c9bc       0x6c Thirdparty\Middleware\STM32G0xx\FreeRTOS\Source\list.o
                0x0801c9bc                vListInsert
 .text.uxListRemove
                0x0801ca28       0x50 Thirdparty\Middleware\STM32G0xx\FreeRTOS\Source\list.o
                0x0801ca28                uxListRemove
 .text.pxPortInitialiseStack
                0x0801ca78       0x54 Thirdparty\Middleware\STM32G0xx\FreeRTOS\Source\portable\GCC\ARM_CM0\port.o
                0x0801ca78                pxPortInitialiseStack
 .text.prvTaskExitError
                0x0801cacc       0x1e Thirdparty\Middleware\STM32G0xx\FreeRTOS\Source\portable\GCC\ARM_CM0\port.o
 .text.SVC_Handler
                0x0801caea        0xa Thirdparty\Middleware\STM32G0xx\FreeRTOS\Source\portable\GCC\ARM_CM0\port.o
                0x0801caea                SVC_Handler
 *fill*         0x0801caf4        0xc 
 .text.vPortStartFirstTask
                0x0801cb00       0x38 Thirdparty\Middleware\STM32G0xx\FreeRTOS\Source\portable\GCC\ARM_CM0\port.o
 .text.xPortStartScheduler
                0x0801cb38       0x48 Thirdparty\Middleware\STM32G0xx\FreeRTOS\Source\portable\GCC\ARM_CM0\port.o
                0x0801cb38                xPortStartScheduler
 .text.vPortYield
                0x0801cb80       0x20 Thirdparty\Middleware\STM32G0xx\FreeRTOS\Source\portable\GCC\ARM_CM0\port.o
                0x0801cb80                vPortYield
 .text.vPortEnterCritical
                0x0801cba0       0x24 Thirdparty\Middleware\STM32G0xx\FreeRTOS\Source\portable\GCC\ARM_CM0\port.o
                0x0801cba0                vPortEnterCritical
 .text.vPortExitCritical
                0x0801cbc4       0x24 Thirdparty\Middleware\STM32G0xx\FreeRTOS\Source\portable\GCC\ARM_CM0\port.o
                0x0801cbc4                vPortExitCritical
 .text.ulSetInterruptMaskFromISR
                0x0801cbe8        0xc Thirdparty\Middleware\STM32G0xx\FreeRTOS\Source\portable\GCC\ARM_CM0\port.o
                0x0801cbe8                ulSetInterruptMaskFromISR
 .text.vClearInterruptMaskFromISR
                0x0801cbf4        0x8 Thirdparty\Middleware\STM32G0xx\FreeRTOS\Source\portable\GCC\ARM_CM0\port.o
                0x0801cbf4                vClearInterruptMaskFromISR
 *fill*         0x0801cbfc        0x4 
 .text.PendSV_Handler
                0x0801cc00       0x48 Thirdparty\Middleware\STM32G0xx\FreeRTOS\Source\portable\GCC\ARM_CM0\port.o
                0x0801cc00                PendSV_Handler
 .text.xPortSysTickHandler
                0x0801cc48       0x34 Thirdparty\Middleware\STM32G0xx\FreeRTOS\Source\portable\GCC\ARM_CM0\port.o
                0x0801cc48                xPortSysTickHandler
 .text.vPortSetupTimerInterrupt
                0x0801cc7c       0x44 Thirdparty\Middleware\STM32G0xx\FreeRTOS\Source\portable\GCC\ARM_CM0\port.o
                0x0801cc7c                vPortSetupTimerInterrupt
 .text.pvPortMalloc
                0x0801ccc0      0x140 Thirdparty\Middleware\STM32G0xx\FreeRTOS\Source\portable\MemMang\heap_4.o
                0x0801ccc0                pvPortMalloc
 .text.vPortFree
                0x0801ce00       0x80 Thirdparty\Middleware\STM32G0xx\FreeRTOS\Source\portable\MemMang\heap_4.o
                0x0801ce00                vPortFree
 .text.prvHeapInit
                0x0801ce80       0xc0 Thirdparty\Middleware\STM32G0xx\FreeRTOS\Source\portable\MemMang\heap_4.o
 .text.prvInsertBlockIntoFreeList
                0x0801cf40       0xb0 Thirdparty\Middleware\STM32G0xx\FreeRTOS\Source\portable\MemMang\heap_4.o
 .text.xQueueGenericReset
                0x0801cff0       0x9e Thirdparty\Middleware\STM32G0xx\FreeRTOS\Source\queue.o
                0x0801cff0                xQueueGenericReset
 .text.xQueueGenericCreate
                0x0801d08e       0x52 Thirdparty\Middleware\STM32G0xx\FreeRTOS\Source\queue.o
                0x0801d08e                xQueueGenericCreate
 .text.prvInitialiseNewQueue
                0x0801d0e0       0x4e Thirdparty\Middleware\STM32G0xx\FreeRTOS\Source\queue.o
 .text.xQueueCreateCountingSemaphore
                0x0801d12e       0x30 Thirdparty\Middleware\STM32G0xx\FreeRTOS\Source\queue.o
                0x0801d12e                xQueueCreateCountingSemaphore
 .text.xQueueGenericSend
                0x0801d15e      0x12a Thirdparty\Middleware\STM32G0xx\FreeRTOS\Source\queue.o
                0x0801d15e                xQueueGenericSend
 .text.xQueueGenericSendFromISR
                0x0801d288       0xa6 Thirdparty\Middleware\STM32G0xx\FreeRTOS\Source\queue.o
                0x0801d288                xQueueGenericSendFromISR
 .text.xQueueGiveFromISR
                0x0801d32e       0x96 Thirdparty\Middleware\STM32G0xx\FreeRTOS\Source\queue.o
                0x0801d32e                xQueueGiveFromISR
 .text.xQueueReceive
                0x0801d3c4      0x128 Thirdparty\Middleware\STM32G0xx\FreeRTOS\Source\queue.o
                0x0801d3c4                xQueueReceive
 .text.xQueueSemaphoreTake
                0x0801d4ec      0x178 Thirdparty\Middleware\STM32G0xx\FreeRTOS\Source\queue.o
                0x0801d4ec                xQueueSemaphoreTake
 .text.xQueueReceiveFromISR
                0x0801d664       0xa0 Thirdparty\Middleware\STM32G0xx\FreeRTOS\Source\queue.o
                0x0801d664                xQueueReceiveFromISR
 .text.prvGetDisinheritPriorityAfterTimeout
                0x0801d704       0x2c Thirdparty\Middleware\STM32G0xx\FreeRTOS\Source\queue.o
 .text.prvCopyDataToQueue
                0x0801d730       0xd6 Thirdparty\Middleware\STM32G0xx\FreeRTOS\Source\queue.o
 .text.prvCopyDataFromQueue
                0x0801d806       0x4c Thirdparty\Middleware\STM32G0xx\FreeRTOS\Source\queue.o
 .text.prvUnlockQueue
                0x0801d852       0xbc Thirdparty\Middleware\STM32G0xx\FreeRTOS\Source\queue.o
 .text.prvIsQueueEmpty
                0x0801d90e       0x2c Thirdparty\Middleware\STM32G0xx\FreeRTOS\Source\queue.o
 .text.prvIsQueueFull
                0x0801d93a       0x30 Thirdparty\Middleware\STM32G0xx\FreeRTOS\Source\queue.o
 *fill*         0x0801d96a        0x2 
 .text.vQueueAddToRegistry
                0x0801d96c       0x50 Thirdparty\Middleware\STM32G0xx\FreeRTOS\Source\queue.o
                0x0801d96c                vQueueAddToRegistry
 .text.vQueueWaitForMessageRestricted
                0x0801d9bc       0x66 Thirdparty\Middleware\STM32G0xx\FreeRTOS\Source\queue.o
                0x0801d9bc                vQueueWaitForMessageRestricted
 .text.xTaskCreate
                0x0801da22       0x90 Thirdparty\Middleware\STM32G0xx\FreeRTOS\Source\tasks.o
                0x0801da22                xTaskCreate
 *fill*         0x0801dab2        0x2 
 .text.prvInitialiseNewTask
                0x0801dab4      0x10c Thirdparty\Middleware\STM32G0xx\FreeRTOS\Source\tasks.o
 .text.prvAddNewTaskToReadyList
                0x0801dbc0       0xd0 Thirdparty\Middleware\STM32G0xx\FreeRTOS\Source\tasks.o
 .text.vTaskDelay
                0x0801dc90       0x3a Thirdparty\Middleware\STM32G0xx\FreeRTOS\Source\tasks.o
                0x0801dc90                vTaskDelay
 *fill*         0x0801dcca        0x2 
 .text.eTaskGetState
                0x0801dccc       0xd0 Thirdparty\Middleware\STM32G0xx\FreeRTOS\Source\tasks.o
                0x0801dccc                eTaskGetState
 .text.uxTaskPriorityGet
                0x0801dd9c       0x34 Thirdparty\Middleware\STM32G0xx\FreeRTOS\Source\tasks.o
                0x0801dd9c                uxTaskPriorityGet
 .text.vTaskPrioritySet
                0x0801ddd0      0x110 Thirdparty\Middleware\STM32G0xx\FreeRTOS\Source\tasks.o
                0x0801ddd0                vTaskPrioritySet
 .text.vTaskStartScheduler
                0x0801dee0       0x74 Thirdparty\Middleware\STM32G0xx\FreeRTOS\Source\tasks.o
                0x0801dee0                vTaskStartScheduler
 .text.vTaskSuspendAll
                0x0801df54       0x18 Thirdparty\Middleware\STM32G0xx\FreeRTOS\Source\tasks.o
                0x0801df54                vTaskSuspendAll
 .text.xTaskResumeAll
                0x0801df6c      0x10c Thirdparty\Middleware\STM32G0xx\FreeRTOS\Source\tasks.o
                0x0801df6c                xTaskResumeAll
 .text.xTaskGetTickCount
                0x0801e078       0x1c Thirdparty\Middleware\STM32G0xx\FreeRTOS\Source\tasks.o
                0x0801e078                xTaskGetTickCount
 .text.xTaskGetTickCountFromISR
                0x0801e094       0x20 Thirdparty\Middleware\STM32G0xx\FreeRTOS\Source\tasks.o
                0x0801e094                xTaskGetTickCountFromISR
 .text.uxTaskGetSystemState
                0x0801e0b4      0x120 Thirdparty\Middleware\STM32G0xx\FreeRTOS\Source\tasks.o
                0x0801e0b4                uxTaskGetSystemState
 .text.xTaskIncrementTick
                0x0801e1d4      0x150 Thirdparty\Middleware\STM32G0xx\FreeRTOS\Source\tasks.o
                0x0801e1d4                xTaskIncrementTick
 .text.vTaskSwitchContext
                0x0801e324      0x124 Thirdparty\Middleware\STM32G0xx\FreeRTOS\Source\tasks.o
                0x0801e324                vTaskSwitchContext
 .text.vTaskPlaceOnEventList
                0x0801e448       0x34 Thirdparty\Middleware\STM32G0xx\FreeRTOS\Source\tasks.o
                0x0801e448                vTaskPlaceOnEventList
 .text.vTaskPlaceOnEventListRestricted
                0x0801e47c       0x44 Thirdparty\Middleware\STM32G0xx\FreeRTOS\Source\tasks.o
                0x0801e47c                vTaskPlaceOnEventListRestricted
 .text.xTaskRemoveFromEventList
                0x0801e4c0       0xb0 Thirdparty\Middleware\STM32G0xx\FreeRTOS\Source\tasks.o
                0x0801e4c0                xTaskRemoveFromEventList
 .text.vTaskInternalSetTimeOutState
                0x0801e570       0x28 Thirdparty\Middleware\STM32G0xx\FreeRTOS\Source\tasks.o
                0x0801e570                vTaskInternalSetTimeOutState
 .text.xTaskCheckForTimeOut
                0x0801e598       0x8c Thirdparty\Middleware\STM32G0xx\FreeRTOS\Source\tasks.o
                0x0801e598                xTaskCheckForTimeOut
 .text.vTaskMissedYield
                0x0801e624       0x14 Thirdparty\Middleware\STM32G0xx\FreeRTOS\Source\tasks.o
                0x0801e624                vTaskMissedYield
 .text.prvIdleTask
                0x0801e638       0x20 Thirdparty\Middleware\STM32G0xx\FreeRTOS\Source\tasks.o
 .text.prvInitialiseTaskLists
                0x0801e658       0x88 Thirdparty\Middleware\STM32G0xx\FreeRTOS\Source\tasks.o
 .text.prvCheckTasksWaitingTermination
                0x0801e6e0       0x5c Thirdparty\Middleware\STM32G0xx\FreeRTOS\Source\tasks.o
 .text.vTaskGetInfo
                0x0801e73c       0xd8 Thirdparty\Middleware\STM32G0xx\FreeRTOS\Source\tasks.o
                0x0801e73c                vTaskGetInfo
 .text.prvListTasksWithinSingleList
                0x0801e814       0xa6 Thirdparty\Middleware\STM32G0xx\FreeRTOS\Source\tasks.o
 .text.prvTaskCheckFreeStackSpace
                0x0801e8ba       0x34 Thirdparty\Middleware\STM32G0xx\FreeRTOS\Source\tasks.o
 .text.prvDeleteTCB
                0x0801e8ee       0x22 Thirdparty\Middleware\STM32G0xx\FreeRTOS\Source\tasks.o
 .text.prvResetNextTaskUnblockTime
                0x0801e910       0x3c Thirdparty\Middleware\STM32G0xx\FreeRTOS\Source\tasks.o
 .text.xTaskGetSchedulerState
                0x0801e94c       0x38 Thirdparty\Middleware\STM32G0xx\FreeRTOS\Source\tasks.o
                0x0801e94c                xTaskGetSchedulerState
 .text.xTaskPriorityInherit
                0x0801e984       0xd0 Thirdparty\Middleware\STM32G0xx\FreeRTOS\Source\tasks.o
                0x0801e984                xTaskPriorityInherit
 .text.xTaskPriorityDisinherit
                0x0801ea54       0x98 Thirdparty\Middleware\STM32G0xx\FreeRTOS\Source\tasks.o
                0x0801ea54                xTaskPriorityDisinherit
 .text.vTaskPriorityDisinheritAfterTimeout
                0x0801eaec       0xc0 Thirdparty\Middleware\STM32G0xx\FreeRTOS\Source\tasks.o
                0x0801eaec                vTaskPriorityDisinheritAfterTimeout
 .text.prvWriteNameToBuffer
                0x0801ebac       0x52 Thirdparty\Middleware\STM32G0xx\FreeRTOS\Source\tasks.o
 *fill*         0x0801ebfe        0x2 
 .text.vTaskList
                0x0801ec00      0x14c Thirdparty\Middleware\STM32G0xx\FreeRTOS\Source\tasks.o
                0x0801ec00                vTaskList
 .text.vTaskGetRunTimeStats
                0x0801ed4c      0x118 Thirdparty\Middleware\STM32G0xx\FreeRTOS\Source\tasks.o
                0x0801ed4c                vTaskGetRunTimeStats
 .text.pvTaskIncrementMutexHeldCount
                0x0801ee64       0x24 Thirdparty\Middleware\STM32G0xx\FreeRTOS\Source\tasks.o
                0x0801ee64                pvTaskIncrementMutexHeldCount
 .text.ulTaskNotifyTake
                0x0801ee88       0x84 Thirdparty\Middleware\STM32G0xx\FreeRTOS\Source\tasks.o
                0x0801ee88                ulTaskNotifyTake
 .text.xTaskGenericNotify
                0x0801ef0c      0x104 Thirdparty\Middleware\STM32G0xx\FreeRTOS\Source\tasks.o
                0x0801ef0c                xTaskGenericNotify
 .text.xTaskGenericNotifyFromISR
                0x0801f010      0x140 Thirdparty\Middleware\STM32G0xx\FreeRTOS\Source\tasks.o
                0x0801f010                xTaskGenericNotifyFromISR
 .text.vTaskNotifyGiveFromISR
                0x0801f150       0xd8 Thirdparty\Middleware\STM32G0xx\FreeRTOS\Source\tasks.o
                0x0801f150                vTaskNotifyGiveFromISR
 .text.prvAddCurrentTaskToDelayedList
                0x0801f228       0xa8 Thirdparty\Middleware\STM32G0xx\FreeRTOS\Source\tasks.o
 .text.xTimerCreateTimerTask
                0x0801f2d0       0x4c Thirdparty\Middleware\STM32G0xx\FreeRTOS\Source\timers.o
                0x0801f2d0                xTimerCreateTimerTask
 .text.xTimerCreate
                0x0801f31c       0x46 Thirdparty\Middleware\STM32G0xx\FreeRTOS\Source\timers.o
                0x0801f31c                xTimerCreate
 .text.prvInitialiseNewTimer
                0x0801f362       0x5a Thirdparty\Middleware\STM32G0xx\FreeRTOS\Source\timers.o
 .text.xTimerGenericCommand
                0x0801f3bc       0x8c Thirdparty\Middleware\STM32G0xx\FreeRTOS\Source\timers.o
                0x0801f3bc                xTimerGenericCommand
 .text.prvProcessExpiredTimer
                0x0801f448       0x80 Thirdparty\Middleware\STM32G0xx\FreeRTOS\Source\timers.o
 .text.prvTimerTask
                0x0801f4c8       0x28 Thirdparty\Middleware\STM32G0xx\FreeRTOS\Source\timers.o
 .text.prvProcessTimerOrBlockTask
                0x0801f4f0       0x90 Thirdparty\Middleware\STM32G0xx\FreeRTOS\Source\timers.o
 .text.prvGetNextExpireTime
                0x0801f580       0x44 Thirdparty\Middleware\STM32G0xx\FreeRTOS\Source\timers.o
 .text.prvSampleTimeNow
                0x0801f5c4       0x40 Thirdparty\Middleware\STM32G0xx\FreeRTOS\Source\timers.o
 .text.prvInsertTimerInActiveList
                0x0801f604       0x84 Thirdparty\Middleware\STM32G0xx\FreeRTOS\Source\timers.o
 .text.prvProcessReceivedCommands
                0x0801f688      0x16c Thirdparty\Middleware\STM32G0xx\FreeRTOS\Source\timers.o
 .text.prvSwitchTimerLists
                0x0801f7f4       0xb0 Thirdparty\Middleware\STM32G0xx\FreeRTOS\Source\timers.o
 .text.prvCheckForValidListAndQueue
                0x0801f8a4       0x74 Thirdparty\Middleware\STM32G0xx\FreeRTOS\Source\timers.o
 .text.HAL_Init
                0x0801f918       0x40 Thirdparty\STM32G0xx_HAL_Driver\Src\stm32g0xx_hal.o
                0x0801f918                HAL_Init
 .text.HAL_InitTick
                0x0801f958       0x94 Thirdparty\STM32G0xx_HAL_Driver\Src\stm32g0xx_hal.o
                0x0801f958                HAL_InitTick
 .text.HAL_IncTick
                0x0801f9ec       0x24 Thirdparty\STM32G0xx_HAL_Driver\Src\stm32g0xx_hal.o
                0x0801f9ec                HAL_IncTick
 .text.HAL_GetTick
                0x0801fa10       0x14 Thirdparty\STM32G0xx_HAL_Driver\Src\stm32g0xx_hal.o
                0x0801fa10                HAL_GetTick
 .text.HAL_Delay
                0x0801fa24       0x48 Thirdparty\STM32G0xx_HAL_Driver\Src\stm32g0xx_hal.o
                0x0801fa24                HAL_Delay
 .text.HAL_GetREVID
                0x0801fa6c       0x18 Thirdparty\STM32G0xx_HAL_Driver\Src\stm32g0xx_hal.o
                0x0801fa6c                HAL_GetREVID
 .text.HAL_GetDEVID
                0x0801fa84       0x18 Thirdparty\STM32G0xx_HAL_Driver\Src\stm32g0xx_hal.o
                0x0801fa84                HAL_GetDEVID
 .text.LL_ADC_SetCommonPathInternalCh
                0x0801fa9c       0x28 Thirdparty\STM32G0xx_HAL_Driver\Src\stm32g0xx_hal_adc.o
 .text.LL_ADC_GetCommonPathInternalCh
                0x0801fac4       0x1a Thirdparty\STM32G0xx_HAL_Driver\Src\stm32g0xx_hal_adc.o
 .text.LL_ADC_SetSamplingTimeCommonChannels
                0x0801fade       0x3a Thirdparty\STM32G0xx_HAL_Driver\Src\stm32g0xx_hal_adc.o
 .text.LL_ADC_GetSamplingTimeCommonChannels
                0x0801fb18       0x2e Thirdparty\STM32G0xx_HAL_Driver\Src\stm32g0xx_hal_adc.o
 .text.LL_ADC_REG_IsTriggerSourceSWStart
                0x0801fb46       0x22 Thirdparty\STM32G0xx_HAL_Driver\Src\stm32g0xx_hal_adc.o
 .text.LL_ADC_REG_SetSequencerRanks
                0x0801fb68       0x40 Thirdparty\STM32G0xx_HAL_Driver\Src\stm32g0xx_hal_adc.o
 .text.LL_ADC_REG_SetSequencerChAdd
                0x0801fba8       0x22 Thirdparty\STM32G0xx_HAL_Driver\Src\stm32g0xx_hal_adc.o
 .text.LL_ADC_REG_SetSequencerChRem
                0x0801fbca       0x24 Thirdparty\STM32G0xx_HAL_Driver\Src\stm32g0xx_hal_adc.o
 *fill*         0x0801fbee        0x2 
 .text.LL_ADC_SetChannelSamplingTime
                0x0801fbf0       0x38 Thirdparty\STM32G0xx_HAL_Driver\Src\stm32g0xx_hal_adc.o
 .text.LL_ADC_EnableInternalRegulator
                0x0801fc28       0x28 Thirdparty\STM32G0xx_HAL_Driver\Src\stm32g0xx_hal_adc.o
 .text.LL_ADC_IsInternalRegulatorEnabled
                0x0801fc50       0x28 Thirdparty\STM32G0xx_HAL_Driver\Src\stm32g0xx_hal_adc.o
 .text.LL_ADC_Enable
                0x0801fc78       0x24 Thirdparty\STM32G0xx_HAL_Driver\Src\stm32g0xx_hal_adc.o
 .text.LL_ADC_Disable
                0x0801fc9c       0x24 Thirdparty\STM32G0xx_HAL_Driver\Src\stm32g0xx_hal_adc.o
 .text.LL_ADC_IsEnabled
                0x0801fcc0       0x22 Thirdparty\STM32G0xx_HAL_Driver\Src\stm32g0xx_hal_adc.o
 .text.LL_ADC_IsDisableOngoing
                0x0801fce2       0x22 Thirdparty\STM32G0xx_HAL_Driver\Src\stm32g0xx_hal_adc.o
 .text.LL_ADC_REG_StartConversion
                0x0801fd04       0x24 Thirdparty\STM32G0xx_HAL_Driver\Src\stm32g0xx_hal_adc.o
 .text.LL_ADC_REG_StopConversion
                0x0801fd28       0x24 Thirdparty\STM32G0xx_HAL_Driver\Src\stm32g0xx_hal_adc.o
 .text.LL_ADC_REG_IsConversionOngoing
                0x0801fd4c       0x22 Thirdparty\STM32G0xx_HAL_Driver\Src\stm32g0xx_hal_adc.o
 *fill*         0x0801fd6e        0x2 
 .text.HAL_ADC_Init
                0x0801fd70      0x350 Thirdparty\STM32G0xx_HAL_Driver\Src\stm32g0xx_hal_adc.o
                0x0801fd70                HAL_ADC_Init
 .text.HAL_ADC_Start
                0x080200c0       0x9c Thirdparty\STM32G0xx_HAL_Driver\Src\stm32g0xx_hal_adc.o
                0x080200c0                HAL_ADC_Start
 .text.HAL_ADC_Stop
                0x0802015c       0x78 Thirdparty\STM32G0xx_HAL_Driver\Src\stm32g0xx_hal_adc.o
                0x0802015c                HAL_ADC_Stop
 .text.HAL_ADC_PollForConversion
                0x080201d4      0x128 Thirdparty\STM32G0xx_HAL_Driver\Src\stm32g0xx_hal_adc.o
                0x080201d4                HAL_ADC_PollForConversion
 .text.HAL_ADC_GetValue
                0x080202fc       0x16 Thirdparty\STM32G0xx_HAL_Driver\Src\stm32g0xx_hal_adc.o
                0x080202fc                HAL_ADC_GetValue
 *fill*         0x08020312        0x2 
 .text.HAL_ADC_ConfigChannel
                0x08020314      0x3b0 Thirdparty\STM32G0xx_HAL_Driver\Src\stm32g0xx_hal_adc.o
                0x08020314                HAL_ADC_ConfigChannel
 .text.ADC_ConversionStop
                0x080206c4       0x84 Thirdparty\STM32G0xx_HAL_Driver\Src\stm32g0xx_hal_adc.o
                0x080206c4                ADC_ConversionStop
 .text.ADC_Enable
                0x08020748      0x10c Thirdparty\STM32G0xx_HAL_Driver\Src\stm32g0xx_hal_adc.o
                0x08020748                ADC_Enable
 .text.ADC_Disable
                0x08020854       0xbc Thirdparty\STM32G0xx_HAL_Driver\Src\stm32g0xx_hal_adc.o
                0x08020854                ADC_Disable
 .text.__NVIC_EnableIRQ
                0x08020910       0x34 Thirdparty\STM32G0xx_HAL_Driver\Src\stm32g0xx_hal_cortex.o
 .text.__NVIC_SetPriority
                0x08020944       0xdc Thirdparty\STM32G0xx_HAL_Driver\Src\stm32g0xx_hal_cortex.o
 .text.SysTick_Config
                0x08020a20       0x48 Thirdparty\STM32G0xx_HAL_Driver\Src\stm32g0xx_hal_cortex.o
 .text.HAL_NVIC_SetPriority
                0x08020a68       0x2a Thirdparty\STM32G0xx_HAL_Driver\Src\stm32g0xx_hal_cortex.o
                0x08020a68                HAL_NVIC_SetPriority
 .text.HAL_NVIC_EnableIRQ
                0x08020a92       0x20 Thirdparty\STM32G0xx_HAL_Driver\Src\stm32g0xx_hal_cortex.o
                0x08020a92                HAL_NVIC_EnableIRQ
 .text.HAL_SYSTICK_Config
                0x08020ab2       0x1a Thirdparty\STM32G0xx_HAL_Driver\Src\stm32g0xx_hal_cortex.o
                0x08020ab2                HAL_SYSTICK_Config
 .text.HAL_CRC_Init
                0x08020acc       0xcc Thirdparty\STM32G0xx_HAL_Driver\Src\stm32g0xx_hal_crc.o
                0x08020acc                HAL_CRC_Init
 .text.HAL_CRC_Accumulate
                0x08020b98       0x8e Thirdparty\STM32G0xx_HAL_Driver\Src\stm32g0xx_hal_crc.o
                0x08020b98                HAL_CRC_Accumulate
 .text.HAL_CRC_Calculate
                0x08020c26       0x9e Thirdparty\STM32G0xx_HAL_Driver\Src\stm32g0xx_hal_crc.o
                0x08020c26                HAL_CRC_Calculate
 .text.CRC_Handle_8
                0x08020cc4      0x122 Thirdparty\STM32G0xx_HAL_Driver\Src\stm32g0xx_hal_crc.o
 .text.CRC_Handle_16
                0x08020de6       0x6e Thirdparty\STM32G0xx_HAL_Driver\Src\stm32g0xx_hal_crc.o
 .text.HAL_CRCEx_Polynomial_Set
                0x08020e54       0xea Thirdparty\STM32G0xx_HAL_Driver\Src\stm32g0xx_hal_crc_ex.o
                0x08020e54                HAL_CRCEx_Polynomial_Set
 *fill*         0x08020f3e        0x2 
 .text.HAL_DMA_Init
                0x08020f40      0x158 Thirdparty\STM32G0xx_HAL_Driver\Src\stm32g0xx_hal_dma.o
                0x08020f40                HAL_DMA_Init
 .text.HAL_DMA_Start_IT
                0x08021098      0x10c Thirdparty\STM32G0xx_HAL_Driver\Src\stm32g0xx_hal_dma.o
                0x08021098                HAL_DMA_Start_IT
 .text.HAL_DMA_Abort
                0x080211a4       0xc0 Thirdparty\STM32G0xx_HAL_Driver\Src\stm32g0xx_hal_dma.o
                0x080211a4                HAL_DMA_Abort
 .text.HAL_DMA_Abort_IT
                0x08021264       0xd0 Thirdparty\STM32G0xx_HAL_Driver\Src\stm32g0xx_hal_dma.o
                0x08021264                HAL_DMA_Abort_IT
 .text.HAL_DMA_IRQHandler
                0x08021334      0x188 Thirdparty\STM32G0xx_HAL_Driver\Src\stm32g0xx_hal_dma.o
                0x08021334                HAL_DMA_IRQHandler
 .text.HAL_DMA_GetError
                0x080214bc       0x14 Thirdparty\STM32G0xx_HAL_Driver\Src\stm32g0xx_hal_dma.o
                0x080214bc                HAL_DMA_GetError
 .text.DMA_SetConfig
                0x080214d0       0x78 Thirdparty\STM32G0xx_HAL_Driver\Src\stm32g0xx_hal_dma.o
 .text.DMA_CalcDMAMUXChannelBaseAndMask
                0x08021548       0x94 Thirdparty\STM32G0xx_HAL_Driver\Src\stm32g0xx_hal_dma.o
 .text.DMA_CalcDMAMUXRequestGenBaseAndMask
                0x080215dc       0x48 Thirdparty\STM32G0xx_HAL_Driver\Src\stm32g0xx_hal_dma.o
 .text.HAL_FLASH_Program
                0x08021624       0x9c Thirdparty\STM32G0xx_HAL_Driver\Src\stm32g0xx_hal_flash.o
                0x08021624                HAL_FLASH_Program
 .text.HAL_FLASH_Unlock
                0x080216c0       0x48 Thirdparty\STM32G0xx_HAL_Driver\Src\stm32g0xx_hal_flash.o
                0x080216c0                HAL_FLASH_Unlock
 .text.HAL_FLASH_Lock
                0x08021708       0x44 Thirdparty\STM32G0xx_HAL_Driver\Src\stm32g0xx_hal_flash.o
                0x08021708                HAL_FLASH_Lock
 .text.FLASH_WaitForLastOperation
                0x0802174c       0x9c Thirdparty\STM32G0xx_HAL_Driver\Src\stm32g0xx_hal_flash.o
                0x0802174c                FLASH_WaitForLastOperation
 .text.FLASH_Program_DoubleWord
                0x080217e8       0x40 Thirdparty\STM32G0xx_HAL_Driver\Src\stm32g0xx_hal_flash.o
 .text.HAL_FLASHEx_Erase
                0x08021828       0xe0 Thirdparty\STM32G0xx_HAL_Driver\Src\stm32g0xx_hal_flash_ex.o
                0x08021828                HAL_FLASHEx_Erase
 .text.FLASH_MassErase
                0x08021908       0x28 Thirdparty\STM32G0xx_HAL_Driver\Src\stm32g0xx_hal_flash_ex.o
 .text.FLASH_PageErase
                0x08021930       0x58 Thirdparty\STM32G0xx_HAL_Driver\Src\stm32g0xx_hal_flash_ex.o
                0x08021930                FLASH_PageErase
 .text.HAL_GPIO_Init
                0x08021988      0x2d8 Thirdparty\STM32G0xx_HAL_Driver\Src\stm32g0xx_hal_gpio.o
                0x08021988                HAL_GPIO_Init
 .text.HAL_GPIO_DeInit
                0x08021c60      0x1b0 Thirdparty\STM32G0xx_HAL_Driver\Src\stm32g0xx_hal_gpio.o
                0x08021c60                HAL_GPIO_DeInit
 .text.HAL_GPIO_ReadPin
                0x08021e10       0x3a Thirdparty\STM32G0xx_HAL_Driver\Src\stm32g0xx_hal_gpio.o
                0x08021e10                HAL_GPIO_ReadPin
 .text.HAL_GPIO_WritePin
                0x08021e4a       0x3a Thirdparty\STM32G0xx_HAL_Driver\Src\stm32g0xx_hal_gpio.o
                0x08021e4a                HAL_GPIO_WritePin
 .text.HAL_GPIO_TogglePin
                0x08021e84       0x36 Thirdparty\STM32G0xx_HAL_Driver\Src\stm32g0xx_hal_gpio.o
                0x08021e84                HAL_GPIO_TogglePin
 .text.HAL_MspInit
                0x08021eba        0xa Thirdparty\STM32G0xx_HAL_Driver\Src\stm32g0xx_hal_msp_template.o
                0x08021eba                HAL_MspInit
 .text.HAL_PWR_EnableWakeUpPin
                0x08021ec4       0x40 Thirdparty\STM32G0xx_HAL_Driver\Src\stm32g0xx_hal_pwr.o
                0x08021ec4                HAL_PWR_EnableWakeUpPin
 .text.HAL_PWR_DisableWakeUpPin
                0x08021f04       0x28 Thirdparty\STM32G0xx_HAL_Driver\Src\stm32g0xx_hal_pwr.o
                0x08021f04                HAL_PWR_DisableWakeUpPin
 .text.HAL_PWR_EnterSTOPMode
                0x08021f2c       0x70 Thirdparty\STM32G0xx_HAL_Driver\Src\stm32g0xx_hal_pwr.o
                0x08021f2c                HAL_PWR_EnterSTOPMode
 .text.HAL_PWR_EnterSTANDBYMode
                0x08021f9c       0x34 Thirdparty\STM32G0xx_HAL_Driver\Src\stm32g0xx_hal_pwr.o
                0x08021f9c                HAL_PWR_EnterSTANDBYMode
 .text.HAL_PWREx_EnableSRAMRetention
                0x08021fd0       0x1c Thirdparty\STM32G0xx_HAL_Driver\Src\stm32g0xx_hal_pwr_ex.o
                0x08021fd0                HAL_PWREx_EnableSRAMRetention
 .text.HAL_PWREx_ControlVoltageScaling
                0x08021fec       0x80 Thirdparty\STM32G0xx_HAL_Driver\Src\stm32g0xx_hal_pwr_ex.o
                0x08021fec                HAL_PWREx_ControlVoltageScaling
 .text.LL_RCC_GetAPB1Prescaler
                0x0802206c       0x18 Thirdparty\STM32G0xx_HAL_Driver\Src\stm32g0xx_hal_rcc.o
 .text.HAL_RCC_OscConfig
                0x08022084      0x6c0 Thirdparty\STM32G0xx_HAL_Driver\Src\stm32g0xx_hal_rcc.o
                0x08022084                HAL_RCC_OscConfig
 .text.HAL_RCC_ClockConfig
                0x08022744      0x210 Thirdparty\STM32G0xx_HAL_Driver\Src\stm32g0xx_hal_rcc.o
                0x08022744                HAL_RCC_ClockConfig
 .text.HAL_RCC_GetSysClockFreq
                0x08022954      0x104 Thirdparty\STM32G0xx_HAL_Driver\Src\stm32g0xx_hal_rcc.o
                0x08022954                HAL_RCC_GetSysClockFreq
 .text.HAL_RCC_GetHCLKFreq
                0x08022a58       0x14 Thirdparty\STM32G0xx_HAL_Driver\Src\stm32g0xx_hal_rcc.o
                0x08022a58                HAL_RCC_GetHCLKFreq
 .text.HAL_RCC_GetPCLK1Freq
                0x08022a6c       0x2c Thirdparty\STM32G0xx_HAL_Driver\Src\stm32g0xx_hal_rcc.o
                0x08022a6c                HAL_RCC_GetPCLK1Freq
 .text.HAL_RCCEx_PeriphCLKConfig
                0x08022a98      0x478 Thirdparty\STM32G0xx_HAL_Driver\Src\stm32g0xx_hal_rcc_ex.o
                0x08022a98                HAL_RCCEx_PeriphCLKConfig
 .text.HAL_RTC_Init
                0x08022f10      0x144 Thirdparty\STM32G0xx_HAL_Driver\Src\stm32g0xx_hal_rtc.o
                0x08022f10                HAL_RTC_Init
 .text.HAL_RTC_MspInit
                0x08023054       0x10 Thirdparty\STM32G0xx_HAL_Driver\Src\stm32g0xx_hal_rtc.o
                0x08023054                HAL_RTC_MspInit
 .text.HAL_RTC_SetTime
                0x08023064      0x150 Thirdparty\STM32G0xx_HAL_Driver\Src\stm32g0xx_hal_rtc.o
                0x08023064                HAL_RTC_SetTime
 .text.HAL_RTC_GetTime
                0x080231b4       0xb8 Thirdparty\STM32G0xx_HAL_Driver\Src\stm32g0xx_hal_rtc.o
                0x080231b4                HAL_RTC_GetTime
 .text.HAL_RTC_SetDate
                0x0802326c      0x124 Thirdparty\STM32G0xx_HAL_Driver\Src\stm32g0xx_hal_rtc.o
                0x0802326c                HAL_RTC_SetDate
 .text.HAL_RTC_GetDate
                0x08023390       0x9c Thirdparty\STM32G0xx_HAL_Driver\Src\stm32g0xx_hal_rtc.o
                0x08023390                HAL_RTC_GetDate
 .text.HAL_RTC_WaitForSynchro
                0x0802342c       0x4c Thirdparty\STM32G0xx_HAL_Driver\Src\stm32g0xx_hal_rtc.o
                0x0802342c                HAL_RTC_WaitForSynchro
 .text.RTC_EnterInitMode
                0x08023478       0x84 Thirdparty\STM32G0xx_HAL_Driver\Src\stm32g0xx_hal_rtc.o
                0x08023478                RTC_EnterInitMode
 .text.RTC_ExitInitMode
                0x080234fc       0x88 Thirdparty\STM32G0xx_HAL_Driver\Src\stm32g0xx_hal_rtc.o
                0x080234fc                RTC_ExitInitMode
 .text.RTC_ByteToBcd2
                0x08023584       0x50 Thirdparty\STM32G0xx_HAL_Driver\Src\stm32g0xx_hal_rtc.o
                0x08023584                RTC_ByteToBcd2
 .text.RTC_Bcd2ToByte
                0x080235d4       0x3a Thirdparty\STM32G0xx_HAL_Driver\Src\stm32g0xx_hal_rtc.o
                0x080235d4                RTC_Bcd2ToByte
 .text.HAL_RTCEx_BKUPWrite
                0x0802360e       0x3a Thirdparty\STM32G0xx_HAL_Driver\Src\stm32g0xx_hal_rtc_ex.o
                0x0802360e                HAL_RTCEx_BKUPWrite
 .text.HAL_RTCEx_BKUPRead
                0x08023648       0x36 Thirdparty\STM32G0xx_HAL_Driver\Src\stm32g0xx_hal_rtc_ex.o
                0x08023648                HAL_RTCEx_BKUPRead
 .text.HAL_TIM_Base_Init
                0x0802367e       0xb0 Thirdparty\STM32G0xx_HAL_Driver\Src\stm32g0xx_hal_tim.o
                0x0802367e                HAL_TIM_Base_Init
 .text.HAL_TIM_Base_MspInit
                0x0802372e       0x10 Thirdparty\STM32G0xx_HAL_Driver\Src\stm32g0xx_hal_tim.o
                0x0802372e                HAL_TIM_Base_MspInit
 *fill*         0x0802373e        0x2 
 .text.HAL_TIM_Base_Start
                0x08023740       0xb4 Thirdparty\STM32G0xx_HAL_Driver\Src\stm32g0xx_hal_tim.o
                0x08023740                HAL_TIM_Base_Start
 .text.TIM_Base_SetConfig
                0x080237f4      0x130 Thirdparty\STM32G0xx_HAL_Driver\Src\stm32g0xx_hal_tim.o
                0x080237f4                TIM_Base_SetConfig
 .text.HAL_UART_Init
                0x08023924       0xac Thirdparty\STM32G0xx_HAL_Driver\Src\stm32g0xx_hal_uart.o
                0x08023924                HAL_UART_Init
 .text.HAL_UART_DeInit
                0x080239d0       0x80 Thirdparty\STM32G0xx_HAL_Driver\Src\stm32g0xx_hal_uart.o
                0x080239d0                HAL_UART_DeInit
 .text.HAL_UART_MspDeInit
                0x08023a50       0x10 Thirdparty\STM32G0xx_HAL_Driver\Src\stm32g0xx_hal_uart.o
                0x08023a50                HAL_UART_MspDeInit
 .text.HAL_UART_Transmit
                0x08023a60      0x148 Thirdparty\STM32G0xx_HAL_Driver\Src\stm32g0xx_hal_uart.o
                0x08023a60                HAL_UART_Transmit
 .text.HAL_UART_Transmit_IT
                0x08023ba8      0x150 Thirdparty\STM32G0xx_HAL_Driver\Src\stm32g0xx_hal_uart.o
                0x08023ba8                HAL_UART_Transmit_IT
 .text.HAL_UART_Receive_IT
                0x08023cf8       0xcc Thirdparty\STM32G0xx_HAL_Driver\Src\stm32g0xx_hal_uart.o
                0x08023cf8                HAL_UART_Receive_IT
 .text.HAL_UART_Receive_DMA
                0x08023dc4       0xcc Thirdparty\STM32G0xx_HAL_Driver\Src\stm32g0xx_hal_uart.o
                0x08023dc4                HAL_UART_Receive_DMA
 .text.HAL_UART_DMAStop
                0x08023e90      0x128 Thirdparty\STM32G0xx_HAL_Driver\Src\stm32g0xx_hal_uart.o
                0x08023e90                HAL_UART_DMAStop
 .text.HAL_UART_IRQHandler
                0x08023fb8      0x64c Thirdparty\STM32G0xx_HAL_Driver\Src\stm32g0xx_hal_uart.o
                0x08023fb8                HAL_UART_IRQHandler
 .text.HAL_UART_RxCpltCallback
                0x08024604       0x10 Thirdparty\STM32G0xx_HAL_Driver\Src\stm32g0xx_hal_uart.o
                0x08024604                HAL_UART_RxCpltCallback
 .text.HAL_UART_RxHalfCpltCallback
                0x08024614       0x10 Thirdparty\STM32G0xx_HAL_Driver\Src\stm32g0xx_hal_uart.o
                0x08024614                HAL_UART_RxHalfCpltCallback
 .text.UART_SetConfig
                0x08024624      0x6ac Thirdparty\STM32G0xx_HAL_Driver\Src\stm32g0xx_hal_uart.o