Archive member included to satisfy reference by file (symbol)

C:/ST/STM32CubeIDE_1.17.0/STM32CubeIDE/plugins/com.st.stm32cube.ide.mcu.externaltools.gnu-tools-for-stm32.12.3.rel1.win32_1.1.0.202410251130/tools/bin/../lib/gcc/arm-none-eabi/12.3.1/../../../../arm-none-eabi/lib/thumb/v6-m/nofp\libc.a(libc_a-atof.o)
                              BOS\BOS_CLI.o (atof)
C:/ST/STM32CubeIDE_1.17.0/STM32CubeIDE/plugins/com.st.stm32cube.ide.mcu.externaltools.gnu-tools-for-stm32.12.3.rel1.win32_1.1.0.202410251130/tools/bin/../lib/gcc/arm-none-eabi/12.3.1/../../../../arm-none-eabi/lib/thumb/v6-m/nofp\libc.a(libc_a-atoi.o)
                              BOS\BOS_CLIcommands.o (atoi)
C:/ST/STM32CubeIDE_1.17.0/STM32CubeIDE/plugins/com.st.stm32cube.ide.mcu.externaltools.gnu-tools-for-stm32.12.3.rel1.win32_1.1.0.202410251130/tools/bin/../lib/gcc/arm-none-eabi/12.3.1/../../../../arm-none-eabi/lib/thumb/v6-m/nofp\libc.a(libc_a-atol.o)
                              BOS\BOS.o (atol)
C:/ST/STM32CubeIDE_1.17.0/STM32CubeIDE/plugins/com.st.stm32cube.ide.mcu.externaltools.gnu-tools-for-stm32.12.3.rel1.win32_1.1.0.202410251130/tools/bin/../lib/gcc/arm-none-eabi/12.3.1/../../../../arm-none-eabi/lib/thumb/v6-m/nofp\libc.a(libc_a-exit.o)
                              C:/ST/STM32CubeIDE_1.17.0/STM32CubeIDE/plugins/com.st.stm32cube.ide.mcu.externaltools.gnu-tools-for-stm32.12.3.rel1.win32_1.1.0.202410251130/tools/bin/../lib/gcc/arm-none-eabi/12.3.1/../../../../arm-none-eabi/lib/thumb/v6-m/nofp/crt0.o (exit)
C:/ST/STM32CubeIDE_1.17.0/STM32CubeIDE/plugins/com.st.stm32cube.ide.mcu.externaltools.gnu-tools-for-stm32.12.3.rel1.win32_1.1.0.202410251130/tools/bin/../lib/gcc/arm-none-eabi/12.3.1/../../../../arm-none-eabi/lib/thumb/v6-m/nofp\libc.a(libc_a-malloc.o)
                              BOS\BOS.o (malloc)
C:/ST/STM32CubeIDE_1.17.0/STM32CubeIDE/plugins/com.st.stm32cube.ide.mcu.externaltools.gnu-tools-for-stm32.12.3.rel1.win32_1.1.0.202410251130/tools/bin/../lib/gcc/arm-none-eabi/12.3.1/../../../../arm-none-eabi/lib/thumb/v6-m/nofp\libc.a(libc_a-mallocr.o)
                              C:/ST/STM32CubeIDE_1.17.0/STM32CubeIDE/plugins/com.st.stm32cube.ide.mcu.externaltools.gnu-tools-for-stm32.12.3.rel1.win32_1.1.0.202410251130/tools/bin/../lib/gcc/arm-none-eabi/12.3.1/../../../../arm-none-eabi/lib/thumb/v6-m/nofp\libc.a(libc_a-malloc.o) (_malloc_r)
C:/ST/STM32CubeIDE_1.17.0/STM32CubeIDE/plugins/com.st.stm32cube.ide.mcu.externaltools.gnu-tools-for-stm32.12.3.rel1.win32_1.1.0.202410251130/tools/bin/../lib/gcc/arm-none-eabi/12.3.1/../../../../arm-none-eabi/lib/thumb/v6-m/nofp\libc.a(libc_a-mlock.o)
                              C:/ST/STM32CubeIDE_1.17.0/STM32CubeIDE/plugins/com.st.stm32cube.ide.mcu.externaltools.gnu-tools-for-stm32.12.3.rel1.win32_1.1.0.202410251130/tools/bin/../lib/gcc/arm-none-eabi/12.3.1/../../../../arm-none-eabi/lib/thumb/v6-m/nofp\libc.a(libc_a-mallocr.o) (__malloc_lock)
C:/ST/STM32CubeIDE_1.17.0/STM32CubeIDE/plugins/com.st.stm32cube.ide.mcu.externaltools.gnu-tools-for-stm32.12.3.rel1.win32_1.1.0.202410251130/tools/bin/../lib/gcc/arm-none-eabi/12.3.1/../../../../arm-none-eabi/lib/thumb/v6-m/nofp\libc.a(libc_a-rand.o)
                              BOS\BOS_CLIcommands.o (rand)
C:/ST/STM32CubeIDE_1.17.0/STM32CubeIDE/plugins/com.st.stm32cube.ide.mcu.externaltools.gnu-tools-for-stm32.12.3.rel1.win32_1.1.0.202410251130/tools/bin/../lib/gcc/arm-none-eabi/12.3.1/../../../../arm-none-eabi/lib/thumb/v6-m/nofp\libc.a(libc_a-realloc.o)
                              BOS\BOS_CLI.o (realloc)
C:/ST/STM32CubeIDE_1.17.0/STM32CubeIDE/plugins/com.st.stm32cube.ide.mcu.externaltools.gnu-tools-for-stm32.12.3.rel1.win32_1.1.0.202410251130/tools/bin/../lib/gcc/arm-none-eabi/12.3.1/../../../../arm-none-eabi/lib/thumb/v6-m/nofp\libc.a(libc_a-reallocr.o)
                              C:/ST/STM32CubeIDE_1.17.0/STM32CubeIDE/plugins/com.st.stm32cube.ide.mcu.externaltools.gnu-tools-for-stm32.12.3.rel1.win32_1.1.0.202410251130/tools/bin/../lib/gcc/arm-none-eabi/12.3.1/../../../../arm-none-eabi/lib/thumb/v6-m/nofp\libc.a(libc_a-realloc.o) (_realloc_r)
C:/ST/STM32CubeIDE_1.17.0/STM32CubeIDE/plugins/com.st.stm32cube.ide.mcu.externaltools.gnu-tools-for-stm32.12.3.rel1.win32_1.1.0.202410251130/tools/bin/../lib/gcc/arm-none-eabi/12.3.1/../../../../arm-none-eabi/lib/thumb/v6-m/nofp\libc.a(libc_a-strtod.o)
                              C:/ST/STM32CubeIDE_1.17.0/STM32CubeIDE/plugins/com.st.stm32cube.ide.mcu.externaltools.gnu-tools-for-stm32.12.3.rel1.win32_1.1.0.202410251130/tools/bin/../lib/gcc/arm-none-eabi/12.3.1/../../../../arm-none-eabi/lib/thumb/v6-m/nofp\libc.a(libc_a-atof.o) (strtod)
C:/ST/STM32CubeIDE_1.17.0/STM32CubeIDE/plugins/com.st.stm32cube.ide.mcu.externaltools.gnu-tools-for-stm32.12.3.rel1.win32_1.1.0.202410251130/tools/bin/../lib/gcc/arm-none-eabi/12.3.1/../../../../arm-none-eabi/lib/thumb/v6-m/nofp\libc.a(libc_a-strtol.o)
[...]
Memory Configuration

Name             Origin             Length             Attributes
RAM              0x20000000         0x00024000         xrw
FLASH            0x08000000         0x00080000         xr
*default*        0x00000000         0xffffffff

Linker script and memory map

LOAD C:/ST/STM32CubeIDE_1.17.0/STM32CubeIDE/plugins/com.st.stm32cube.ide.mcu.externaltools.gnu-tools-for-stm32.12.3.rel1.win32_1.1.0.202410251130/tools/bin/../lib/gcc/arm-none-eabi/12.3.1/thumb/v6-m/nofp/crti.o
LOAD C:/ST/STM32CubeIDE_1.17.0/STM32CubeIDE/plugins/com.st.stm32cube.ide.mcu.externaltools.gnu-tools-for-stm32.12.3.rel1.win32_1.1.0.202410251130/tools/bin/../lib/gcc/arm-none-eabi/12.3.1/thumb/v6-m/nofp/crtbegin.o
LOAD C:/ST/STM32CubeIDE_1.17.0/STM32CubeIDE/plugins/com.st.stm32cube.ide.mcu.externaltools.gnu-tools-for-stm32.12.3.rel1.win32_1.1.0.202410251130/tools/bin/../lib/gcc/arm-none-eabi/12.3.1/../../../../arm-none-eabi/lib/thumb/v6-m/nofp/crt0.o
LOAD BOS\BOS.o
LOAD BOS\BOS_CLI.o
LOAD BOS\BOS_CLIcommands.o
LOAD BOS\BOS_dma.o
LOAD BOS\BOS_freertos.o
LOAD BOS\BOS_messaging.o
LOAD BOS\BOS_msgparser.o
LOAD H21R2\H21R2.o
LOAD H21R2\H21R2_dma.o
LOAD H21R2\H21R2_eeprom.o
LOAD H21R2\H21R2_gpio.o
LOAD H21R2\H21R2_inputs.o
LOAD H21R2\H21R2_it.o
LOAD H21R2\H21R2_rtc.o
LOAD H21R2\H21R2_timers.o
LOAD H21R2\H21R2_uart.o
LOAD H21R2\startup_stm32g0b1ceuxn.o
LOAD Thirdparty\CMSIS\STM32G0xx\Device\ST\STM32G0xx\Source\Templates\system_stm32g0xx.o
LOAD Thirdparty\EEPROM_Emul\Core\eeprom_emul.o
LOAD Thirdparty\EEPROM_Emul\Porting\STM32G0\flash_interface.o
LOAD Thirdparty\Middleware\STM32G0xx\FreeRTOS\Source\CMSIS_RTOS\cmsis_os.o
LOAD Thirdparty\Middleware\STM32G0xx\FreeRTOS\Source\FreeRTOS_CLI.o
LOAD Thirdparty\Middleware\STM32G0xx\FreeRTOS\Source\croutine.o
LOAD Thirdparty\Middleware\STM32G0xx\FreeRTOS\Source\event_groups.o
LOAD Thirdparty\Middleware\STM32G0xx\FreeRTOS\Source\list.o
LOAD Thirdparty\Middleware\STM32G0xx\FreeRTOS\Source\portable\GCC\ARM_CM0\port.o
LOAD Thirdparty\Middleware\STM32G0xx\FreeRTOS\Source\portable\MemMang\heap_4.o
LOAD Thirdparty\Middleware\STM32G0xx\FreeRTOS\Source\queue.o
LOAD Thirdparty\Middleware\STM32G0xx\FreeRTOS\Source\stream_buffer.o
LOAD Thirdparty\Middleware\STM32G0xx\FreeRTOS\Source\tasks.o
LOAD Thirdparty\Middleware\STM32G0xx\FreeRTOS\Source\timers.o
LOAD Thirdparty\STM32G0xx_HAL_Driver\Src\stm32g0xx_hal.o
LOAD Thirdparty\STM32G0xx_HAL_Driver\Src\stm32g0xx_hal_adc.o
LOAD Thirdparty\STM32G0xx_HAL_Driver\Src\stm32g0xx_hal_adc_ex.o
LOAD Thirdparty\STM32G0xx_HAL_Driver\Src\stm32g0xx_hal_cec.o
LOAD Thirdparty\STM32G0xx_HAL_Driver\Src\stm32g0xx_hal_comp.o
LOAD Thirdparty\STM32G0xx_HAL_Driver\Src\stm32g0xx_hal_cortex.o
LOAD Thirdparty\STM32G0xx_HAL_Driver\Src\stm32g0xx_hal_crc.o
LOAD Thirdparty\STM32G0xx_HAL_Driver\Src\stm32g0xx_hal_crc_ex.o
LOAD Thirdparty\STM32G0xx_HAL_Driver\Src\stm32g0xx_hal_cryp.o
LOAD Thirdparty\STM32G0xx_HAL_Driver\Src\stm32g0xx_hal_cryp_ex.o
LOAD Thirdparty\STM32G0xx_HAL_Driver\Src\stm32g0xx_hal_dac.o
LOAD Thirdparty\STM32G0xx_HAL_Driver\Src\stm32g0xx_hal_dac_ex.o
LOAD Thirdparty\STM32G0xx_HAL_Driver\Src\stm32g0xx_hal_dma.o
LOAD Thirdparty\STM32G0xx_HAL_Driver\Src\stm32g0xx_hal_dma_ex.o
LOAD Thirdparty\STM32G0xx_HAL_Driver\Src\stm32g0xx_hal_exti.o
LOAD Thirdparty\STM32G0xx_HAL_Driver\Src\stm32g0xx_hal_fdcan.o
LOAD Thirdparty\STM32G0xx_HAL_Driver\Src\stm32g0xx_hal_flash.o
LOAD Thirdparty\STM32G0xx_HAL_Driver\Src\stm32g0xx_hal_flash_ex.o
LOAD Thirdparty\STM32G0xx_HAL_Driver\Src\stm32g0xx_hal_gpio.o
LOAD Thirdparty\STM32G0xx_HAL_Driver\Src\stm32g0xx_hal_hcd.o
LOAD Thirdparty\STM32G0xx_HAL_Driver\Src\stm32g0xx_hal_i2c.o
LOAD Thirdparty\STM32G0xx_HAL_Driver\Src\stm32g0xx_hal_i2c_ex.o
LOAD Thirdparty\STM32G0xx_HAL_Driver\Src\stm32g0xx_hal_i2s.o
LOAD Thirdparty\STM32G0xx_HAL_Driver\Src\stm32g0xx_hal_irda.o
LOAD Thirdparty\STM32G0xx_HAL_Driver\Src\stm32g0xx_hal_iwdg.o
LOAD Thirdparty\STM32G0xx_HAL_Driver\Src\stm32g0xx_hal_lptim.o
LOAD Thirdparty\STM32G0xx_HAL_Driver\Src\stm32g0xx_hal_msp_template.o
LOAD Thirdparty\STM32G0xx_HAL_Driver\Src\stm32g0xx_hal_pcd.o
LOAD Thirdparty\STM32G0xx_HAL_Driver\Src\stm32g0xx_hal_pcd_ex.o
LOAD Thirdparty\STM32G0xx_HAL_Driver\Src\stm32g0xx_hal_pwr.o
LOAD Thirdparty\STM32G0xx_HAL_Driver\Src\stm32g0xx_hal_pwr_ex.o
LOAD Thirdparty\STM32G0xx_HAL_Driver\Src\stm32g0xx_hal_rcc.o
LOAD Thirdparty\STM32G0xx_HAL_Driver\Src\stm32g0xx_hal_rcc_ex.o
LOAD Thirdparty\STM32G0xx_HAL_Driver\Src\stm32g0xx_hal_rng.o
LOAD Thirdparty\STM32G0xx_HAL_Driver\Src\stm32g0xx_hal_rtc.o
LOAD Thirdparty\STM32G0xx_HAL_Driver\Src\stm32g0xx_hal_rtc_ex.o
LOAD Thirdparty\STM32G0xx_HAL_Driver\Src\stm32g0xx_hal_smartcard.o
LOAD Thirdparty\STM32G0xx_HAL_Driver\Src\stm32g0xx_hal_smartcard_ex.o
LOAD Thirdparty\STM32G0xx_HAL_Driver\Src\stm32g0xx_hal_smbus.o
LOAD Thirdparty\STM32G0xx_HAL_Driver\Src\stm32g0xx_hal_smbus_ex.o
LOAD Thirdparty\STM32G0xx_HAL_Driver\Src\stm32g0xx_hal_spi.o
LOAD Thirdparty\STM32G0xx_HAL_Driver\Src\stm32g0xx_hal_spi_ex.o
LOAD Thirdparty\STM32G0xx_HAL_Driver\Src\stm32g0xx_hal_tim.o
LOAD Thirdparty\STM32G0xx_HAL_Driver\Src\stm32g0xx_hal_tim_ex.o
LOAD Thirdparty\STM32G0xx_HAL_Driver\Src\stm32g0xx_hal_uart.o
LOAD Thirdparty\STM32G0xx_HAL_Driver\Src\stm32g0xx_hal_uart_ex.o
LOAD Thirdparty\STM32G0xx_HAL_Driver\Src\stm32g0xx_hal_usart.o
LOAD Thirdparty\STM32G0xx_HAL_Driver\Src\stm32g0xx_hal_usart_ex.o
LOAD Thirdparty\STM32G0xx_HAL_Driver\Src\stm32g0xx_hal_wwdg.o
LOAD Thirdparty\STM32G0xx_HAL_Driver\Src\stm32g0xx_ll_adc.o
LOAD Thirdparty\STM32G0xx_HAL_Driver\Src\stm32g0xx_ll_comp.o
LOAD Thirdparty\STM32G0xx_HAL_Driver\Src\stm32g0xx_ll_crc.o
LOAD Thirdparty\STM32G0xx_HAL_Driver\Src\stm32g0xx_ll_crs.o
LOAD Thirdparty\STM32G0xx_HAL_Driver\Src\stm32g0xx_ll_dac.o
LOAD Thirdparty\STM32G0xx_HAL_Driver\Src\stm32g0xx_ll_dma.o
LOAD Thirdparty\STM32G0xx_HAL_Driver\Src\stm32g0xx_ll_exti.o
LOAD Thirdparty\STM32G0xx_HAL_Driver\Src\stm32g0xx_ll_gpio.o
LOAD Thirdparty\STM32G0xx_HAL_Driver\Src\stm32g0xx_ll_i2c.o
LOAD Thirdparty\STM32G0xx_HAL_Driver\Src\stm32g0xx_ll_lptim.o
LOAD Thirdparty\STM32G0xx_HAL_Driver\Src\stm32g0xx_ll_lpuart.o
LOAD Thirdparty\STM32G0xx_HAL_Driver\Src\stm32g0xx_ll_pwr.o
LOAD Thirdparty\STM32G0xx_HAL_Driver\Src\stm32g0xx_ll_rcc.o
LOAD Thirdparty\STM32G0xx_HAL_Driver\Src\stm32g0xx_ll_rng.o
LOAD Thirdparty\STM32G0xx_HAL_Driver\Src\stm32g0xx_ll_rtc.o
LOAD Thirdparty\STM32G0xx_HAL_Driver\Src\stm32g0xx_ll_spi.o
LOAD Thirdparty\STM32G0xx_HAL_Driver\Src\stm32g0xx_ll_tim.o
LOAD Thirdparty\STM32G0xx_HAL_Driver\Src\stm32g0xx_ll_ucpd.o
LOAD Thirdparty\STM32G0xx_HAL_Driver\Src\stm32g0xx_ll_usart.o
LOAD Thirdparty\STM32G0xx_HAL_Driver\Src\stm32g0xx_ll_usb.o
LOAD Thirdparty\STM32G0xx_HAL_Driver\Src\stm32g0xx_ll_utils.o
LOAD User\main.o
LOAD syscalls.o
START GROUP
LOAD C:/ST/STM32CubeIDE_1.17.0/STM32CubeIDE/plugins/com.st.stm32cube.ide.mcu.externaltools.gnu-tools-for-stm32.12.3.rel1.win32_1.1.0.202410251130/tools/bin/../lib/gcc/arm-none-eabi/12.3.1/../../../../arm-none-eabi/lib/thumb/v6-m/nofp\libc.a
LOAD C:/ST/STM32CubeIDE_1.17.0/STM32CubeIDE/plugins/com.st.stm32cube.ide.mcu.externaltools.gnu-tools-for-stm32.12.3.rel1.win32_1.1.0.202410251130/tools/bin/../lib/gcc/arm-none-eabi/12.3.1/../../../../arm-none-eabi/lib/thumb/v6-m/nofp\libm.a
END GROUP
START GROUP
LOAD C:/ST/STM32CubeIDE_1.17.0/STM32CubeIDE/plugins/com.st.stm32cube.ide.mcu.externaltools.gnu-tools-for-stm32.12.3.rel1.win32_1.1.0.202410251130/tools/bin/../lib/gcc/arm-none-eabi/12.3.1/thumb/v6-m/nofp\libgcc.a
LOAD C:/ST/STM32CubeIDE_1.17.0/STM32CubeIDE/plugins/com.st.stm32cube.ide.mcu.externaltools.gnu-tools-for-stm32.12.3.rel1.win32_1.1.0.202410251130/tools/bin/../lib/gcc/arm-none-eabi/12.3.1/../../../../arm-none-eabi/lib/thumb/v6-m/nofp\libc.a
END GROUP
START GROUP
LOAD C:/ST/STM32CubeIDE_1.17.0/STM32CubeIDE/plugins/com.st.stm32cube.ide.mcu.externaltools.gnu-tools-for-stm32.12.3.rel1.win32_1.1.0.202410251130/tools/bin/../lib/gcc/arm-none-eabi/12.3.1/thumb/v6-m/nofp\libgcc.a
LOAD C:/ST/STM32CubeIDE_1.17.0/STM32CubeIDE/plugins/com.st.stm32cube.ide.mcu.externaltools.gnu-tools-for-stm32.12.3.rel1.win32_1.1.0.202410251130/tools/bin/../lib/gcc/arm-none-eabi/12.3.1/../../../../arm-none-eabi/lib/thumb/v6-m/nofp\libc.a
LOAD C:/ST/STM32CubeIDE_1.17.0/STM32CubeIDE/plugins/com.st.stm32cube.ide.mcu.externaltools.gnu-tools-for-stm32.12.3.rel1.win32_1.1.0.202410251130/tools/bin/../lib/gcc/arm-none-eabi/12.3.1/../../../../arm-none-eabi/lib/thumb/v6-m/nofp\libnosys.a
END GROUP
LOAD C:/ST/STM32CubeIDE_1.17.0/STM32CubeIDE/plugins/com.st.stm32cube.ide.mcu.externaltools.gnu-tools-for-stm32.12.3.rel1.win32_1.1.0.202410251130/tools/bin/../lib/gcc/arm-none-eabi/12.3.1/thumb/v6-m/nofp/crtend.o
LOAD C:/ST/STM32CubeIDE_1.17.0/STM32CubeIDE/plugins/com.st.stm32cube.ide.mcu.externaltools.gnu-tools-for-stm32.12.3.rel1.win32_1.1.0.202410251130/tools/bin/../lib/gcc/arm-none-eabi/12.3.1/thumb/v6-m/nofp/crtn.o
                0x20024000                        _estack = (ORIGIN (RAM) + LENGTH (RAM))
                0x00000200                        _Min_Heap_Size = 0x200
                0x00000400                        _Min_Stack_Size = 0x400

.isr_vector     0x08000000       0xbc
                0x08000000                        . = ALIGN (0x4)
 *(.isr_vector)
 .isr_vector    0x08000000       0xbc H21R2\startup_stm32g0b1ceuxn.o
                0x08000000                g_pfnVectors
                0x080000bc                        . = ALIGN (0x4)

.text           0x080000c0    0x29be8
                0x080000c0                        . = ALIGN (0x4)
 *(.text)
 .text          0x080000c0       0x48 C:/ST/STM32CubeIDE_1.17.0/STM32CubeIDE/plugins/com.st.stm32cube.ide.mcu.externaltools.gnu-tools-for-stm32.12.3.rel1.win32_1.1.0.202410251130/tools/bin/../lib/gcc/arm-none-eabi/12.3.1/thumb/v6-m/nofp/crtbegin.o
 .text          0x08000108       0x14 C:/ST/STM32CubeIDE_1.17.0/STM32CubeIDE/plugins/com.st.stm32cube.ide.mcu.externaltools.gnu-tools-for-stm32.12.3.rel1.win32_1.1.0.202410251130/tools/bin/../lib/gcc/arm-none-eabi/12.3.1/../../../../arm-none-eabi/lib/thumb/v6-m/nofp\libc.a(libc_a-strcmp.o)
                0x08000108                strcmp
 .text          0x0800011c        0xe C:/ST/STM32CubeIDE_1.17.0/STM32CubeIDE/plugins/com.st.stm32cube.ide.mcu.externaltools.gnu-tools-for-stm32.12.3.rel1.win32_1.1.0.202410251130/tools/bin/../lib/gcc/arm-none-eabi/12.3.1/../../../../arm-none-eabi/lib/thumb/v6-m/nofp\libc.a(libc_a-strlen.o)
                0x0800011c                strlen
 *fill*         0x0800012a        0x2 
 .text          0x0800012c       0x14 C:/ST/STM32CubeIDE_1.17.0/STM32CubeIDE/plugins/com.st.stm32cube.ide.mcu.externaltools.gnu-tools-for-stm32.12.3.rel1.win32_1.1.0.202410251130/tools/bin/../lib/gcc/arm-none-eabi/12.3.1/thumb/v6-m/nofp\libgcc.a(_thumb1_case_uqi.o)
                0x0800012c                __gnu_thumb1_case_uqi
 .text          0x08000140       0x14 C:/ST/STM32CubeIDE_1.17.0/STM32CubeIDE/plugins/com.st.stm32cube.ide.mcu.externaltools.gnu-tools-for-stm32.12.3.rel1.win32_1.1.0.202410251130/tools/bin/../lib/gcc/arm-none-eabi/12.3.1/thumb/v6-m/nofp\libgcc.a(_thumb1_case_uhi.o)
                0x08000140                __gnu_thumb1_case_uhi
 .text          0x08000154      0x114 C:/ST/STM32CubeIDE_1.17.0/STM32CubeIDE/plugins/com.st.stm32cube.ide.mcu.externaltools.gnu-tools-for-stm32.12.3.rel1.win32_1.1.0.202410251130/tools/bin/../lib/gcc/arm-none-eabi/12.3.1/thumb/v6-m/nofp\libgcc.a(_udivsi3.o)
                0x08000154                __aeabi_uidiv
                0x08000154                __udivsi3
                0x08000260                __aeabi_uidivmod
 .text          0x08000268      0x1d4 C:/ST/STM32CubeIDE_1.17.0/STM32CubeIDE/plugins/com.st.stm32cube.ide.mcu.externaltools.gnu-tools-for-stm32.12.3.rel1.win32_1.1.0.202410251130/tools/bin/../lib/gcc/arm-none-eabi/12.3.1/thumb/v6-m/nofp\libgcc.a(_divsi3.o)
                0x08000268                __divsi3
                0x08000268                __aeabi_idiv
                0x08000434                __aeabi_idivmod
 .text          0x0800043c        0x4 C:/ST/STM32CubeIDE_1.17.0/STM32CubeIDE/plugins/com.st.stm32cube.ide.mcu.externaltools.gnu-tools-for-stm32.12.3.rel1.win32_1.1.0.202410251130/tools/bin/../lib/gcc/arm-none-eabi/12.3.1/thumb/v6-m/nofp\libgcc.a(_dvmd_tls.o)
                0x0800043c                __aeabi_idiv0
                0x0800043c                __aeabi_ldiv0
 .text          0x08000440       0x7c C:/ST/STM32CubeIDE_1.17.0/STM32CubeIDE/plugins/com.st.stm32cube.ide.mcu.externaltools.gnu-tools-for-stm32.12.3.rel1.win32_1.1.0.202410251130/tools/bin/../lib/gcc/arm-none-eabi/12.3.1/thumb/v6-m/nofp\libgcc.a(_arm_cmpdf2.o)
                0x08000440                __aeabi_cdrcmple
                0x08000450                __aeabi_cdcmple
                0x08000450                __aeabi_cdcmpeq
                0x08000460                __aeabi_dcmpeq
                0x0800046c                __aeabi_dcmplt
                0x08000480                __aeabi_dcmple
                0x08000494                __aeabi_dcmpgt
                0x080004a8                __aeabi_dcmpge
 .text          0x080004bc       0x74 C:/ST/STM32CubeIDE_1.17.0/STM32CubeIDE/plugins/com.st.stm32cube.ide.mcu.externaltools.gnu-tools-for-stm32.12.3.rel1.win32_1.1.0.202410251130/tools/bin/../lib/gcc/arm-none-eabi/12.3.1/thumb/v6-m/nofp\libgcc.a(_arm_cmpsf2.o)
                0x080004bc                __aeabi_cfrcmple
                0x080004c4                __aeabi_cfcmpeq
                0x080004c4                __aeabi_cfcmple
                0x080004d4                __aeabi_fcmpeq
                0x080004e0                __aeabi_fcmplt
                0x080004f4                __aeabi_fcmple
                0x08000508                __aeabi_fcmpgt
                0x0800051c                __aeabi_fcmpge
 .text          0x08000530       0x40 C:/ST/STM32CubeIDE_1.17.0/STM32CubeIDE/plugins/com.st.stm32cube.ide.mcu.externaltools.gnu-tools-for-stm32.12.3.rel1.win32_1.1.0.202410251130/tools/bin/../lib/gcc/arm-none-eabi/12.3.1/thumb/v6-m/nofp\libgcc.a(_aeabi_uldivmod.o)
                0x08000530                __aeabi_uldivmod
 .text          0x08000570       0x5c C:/ST/STM32CubeIDE_1.17.0/STM32CubeIDE/plugins/com.st.stm32cube.ide.mcu.externaltools.gnu-tools-for-stm32.12.3.rel1.win32_1.1.0.202410251130/tools/bin/../lib/gcc/arm-none-eabi/12.3.1/thumb/v6-m/nofp\libgcc.a(_muldi3.o)
                0x08000570                __muldi3
                0x08000570                __aeabi_lmul
 .text          0x080005cc       0x3c C:/ST/STM32CubeIDE_1.17.0/STM32CubeIDE/plugins/com.st.stm32cube.ide.mcu.externaltools.gnu-tools-for-stm32.12.3.rel1.win32_1.1.0.202410251130/tools/bin/../lib/gcc/arm-none-eabi/12.3.1/thumb/v6-m/nofp\libgcc.a(_fixunsdfsi.o)
                0x080005cc                __aeabi_d2uiz
                0x080005cc                __fixunsdfsi
 .text          0x08000608       0x38 C:/ST/STM32CubeIDE_1.17.0/STM32CubeIDE/plugins/com.st.stm32cube.ide.mcu.externaltools.gnu-tools-for-stm32.12.3.rel1.win32_1.1.0.202410251130/tools/bin/../lib/gcc/arm-none-eabi/12.3.1/thumb/v6-m/nofp\libgcc.a(_fixdfdi.o)
                0x08000608                __fixdfdi
                0x08000608                __aeabi_d2lz
 .text          0x08000640       0x3c C:/ST/STM32CubeIDE_1.17.0/STM32CubeIDE/plugins/com.st.stm32cube.ide.mcu.externaltools.gnu-tools-for-stm32.12.3.rel1.win32_1.1.0.202410251130/tools/bin/../lib/gcc/arm-none-eabi/12.3.1/thumb/v6-m/nofp\libgcc.a(_fixunsdfdi.o)
                0x08000640                __fixunsdfdi
                0x08000640                __aeabi_d2ulz
 .text          0x0800067c       0x2c C:/ST/STM32CubeIDE_1.17.0/STM32CubeIDE/plugins/com.st.stm32cube.ide.mcu.externaltools.gnu-tools-for-stm32.12.3.rel1.win32_1.1.0.202410251130/tools/bin/../lib/gcc/arm-none-eabi/12.3.1/thumb/v6-m/nofp\libgcc.a(_floatdidf.o)
                0x0800067c                __aeabi_l2d
                0x0800067c                __floatdidf
 .text          0x080006a8      0x198 C:/ST/STM32CubeIDE_1.17.0/STM32CubeIDE/plugins/com.st.stm32cube.ide.mcu.externaltools.gnu-tools-for-stm32.12.3.rel1.win32_1.1.0.202410251130/tools/bin/../lib/gcc/arm-none-eabi/12.3.1/thumb/v6-m/nofp\libgcc.a(_udivmoddi4.o)
                0x080006a8                __udivmoddi4
 .text          0x08000840       0x50 C:/ST/STM32CubeIDE_1.17.0/STM32CubeIDE/plugins/com.st.stm32cube.ide.mcu.externaltools.gnu-tools-for-stm32.12.3.rel1.win32_1.1.0.202410251130/tools/bin/../lib/gcc/arm-none-eabi/12.3.1/thumb/v6-m/nofp\libgcc.a(eqsf2.o)
                0x08000840                __eqsf2
                0x08000840                __nesf2
 .text          0x08000890       0xa0 C:/ST/STM32CubeIDE_1.17.0/STM32CubeIDE/plugins/com.st.stm32cube.ide.mcu.externaltools.gnu-tools-for-stm32.12.3.rel1.win32_1.1.0.202410251130/tools/bin/../lib/gcc/arm-none-eabi/12.3.1/thumb/v6-m/nofp\libgcc.a(gesf2.o)
                0x08000890                __gesf2
                0x08000890                __gtsf2
 .text          0x08000930       0x9c C:/ST/STM32CubeIDE_1.17.0/STM32CubeIDE/plugins/com.st.stm32cube.ide.mcu.externaltools.gnu-tools-for-stm32.12.3.rel1.win32_1.1.0.202410251130/tools/bin/../lib/gcc/arm-none-eabi/12.3.1/thumb/v6-m/nofp\libgcc.a(lesf2.o)
                0x08000930                __ltsf2
                0x08000930                __lesf2
 .text          0x080009cc      0x27c C:/ST/STM32CubeIDE_1.17.0/STM32CubeIDE/plugins/com.st.stm32cube.ide.mcu.externaltools.gnu-tools-for-stm32.12.3.rel1.win32_1.1.0.202410251130/tools/bin/../lib/gcc/arm-none-eabi/12.3.1/thumb/v6-m/nofp\libgcc.a(mulsf3.o)
                0x080009cc                __aeabi_fmul
 .text          0x08000c48      0x6c8 C:/ST/STM32CubeIDE_1.17.0/STM32CubeIDE/plugins/com.st.stm32cube.ide.mcu.externaltools.gnu-tools-for-stm32.12.3.rel1.win32_1.1.0.202410251130/tools/bin/../lib/gcc/arm-none-eabi/12.3.1/thumb/v6-m/nofp\libgcc.a(adddf3.o)
                0x08000c48                __aeabi_dadd
 .text          0x08001310      0x634 C:/ST/STM32CubeIDE_1.17.0/STM32CubeIDE/plugins/com.st.stm32cube.ide.mcu.externaltools.gnu-tools-for-stm32.12.3.rel1.win32_1.1.0.202410251130/tools/bin/../lib/gcc/arm-none-eabi/12.3.1/thumb/v6-m/nofp\libgcc.a(divdf3.o)
                0x08001310                __aeabi_ddiv
 .text          0x08001944       0x88 C:/ST/STM32CubeIDE_1.17.0/STM32CubeIDE/plugins/com.st.stm32cube.ide.mcu.externaltools.gnu-tools-for-stm32.12.3.rel1.win32_1.1.0.202410251130/tools/bin/../lib/gcc/arm-none-eabi/12.3.1/thumb/v6-m/nofp\libgcc.a(eqdf2.o)
                0x08001944                __nedf2
                0x08001944                __eqdf2
 .text          0x080019cc       0xe8 C:/ST/STM32CubeIDE_1.17.0/STM32CubeIDE/plugins/com.st.stm32cube.ide.mcu.externaltools.gnu-tools-for-stm32.12.3.rel1.win32_1.1.0.202410251130/tools/bin/../lib/gcc/arm-none-eabi/12.3.1/thumb/v6-m/nofp\libgcc.a(gedf2.o)
                0x080019cc                __gedf2
                0x080019cc                __gtdf2
 .text          0x08001ab4       0xe4 C:/ST/STM32CubeIDE_1.17.0/STM32CubeIDE/plugins/com.st.stm32cube.ide.mcu.externaltools.gnu-tools-for-stm32.12.3.rel1.win32_1.1.0.202410251130/tools/bin/../lib/gcc/arm-none-eabi/12.3.1/thumb/v6-m/nofp\libgcc.a(ledf2.o)
                0x08001ab4                __ledf2
                0x08001ab4                __ltdf2
 .text          0x08001b98      0x590 C:/ST/STM32CubeIDE_1.17.0/STM32CubeIDE/plugins/com.st.stm32cube.ide.mcu.externaltools.gnu-tools-for-stm32.12.3.rel1.win32_1.1.0.202410251130/tools/bin/../lib/gcc/arm-none-eabi/12.3.1/thumb/v6-m/nofp\libgcc.a(muldf3.o)
                0x08001b98                __aeabi_dmul
 .text          0x08002128      0x738 C:/ST/STM32CubeIDE_1.17.0/STM32CubeIDE/plugins/com.st.stm32cube.ide.mcu.externaltools.gnu-tools-for-stm32.12.3.rel1.win32_1.1.0.202410251130/tools/bin/../lib/gcc/arm-none-eabi/12.3.1/thumb/v6-m/nofp\libgcc.a(subdf3.o)
                0x08002128                __aeabi_dsub
 .text          0x08002860       0x44 C:/ST/STM32CubeIDE_1.17.0/STM32CubeIDE/plugins/com.st.stm32cube.ide.mcu.externaltools.gnu-tools-for-stm32.12.3.rel1.win32_1.1.0.202410251130/tools/bin/../lib/gcc/arm-none-eabi/12.3.1/thumb/v6-m/nofp\libgcc.a(unorddf2.o)
                0x08002860                __aeabi_dcmpun
 .text          0x080028a4       0x78 C:/ST/STM32CubeIDE_1.17.0/STM32CubeIDE/plugins/com.st.stm32cube.ide.mcu.externaltools.gnu-tools-for-stm32.12.3.rel1.win32_1.1.0.202410251130/tools/bin/../lib/gcc/arm-none-eabi/12.3.1/thumb/v6-m/nofp\libgcc.a(fixdfsi.o)
                0x080028a4                __aeabi_d2iz
 .text          0x0800291c       0x5c C:/ST/STM32CubeIDE_1.17.0/STM32CubeIDE/plugins/com.st.stm32cube.ide.mcu.externaltools.gnu-tools-for-stm32.12.3.rel1.win32_1.1.0.202410251130/tools/bin/../lib/gcc/arm-none-eabi/12.3.1/thumb/v6-m/nofp\libgcc.a(floatsidf.o)
                0x0800291c                __aeabi_i2d
 .text          0x08002978       0x48 C:/ST/STM32CubeIDE_1.17.0/STM32CubeIDE/plugins/com.st.stm32cube.ide.mcu.externaltools.gnu-tools-for-stm32.12.3.rel1.win32_1.1.0.202410251130/tools/bin/../lib/gcc/arm-none-eabi/12.3.1/thumb/v6-m/nofp\libgcc.a(floatunsidf.o)
                0x08002978                __aeabi_ui2d
 .text          0x080029c0       0x90 C:/ST/STM32CubeIDE_1.17.0/STM32CubeIDE/plugins/com.st.stm32cube.ide.mcu.externaltools.gnu-tools-for-stm32.12.3.rel1.win32_1.1.0.202410251130/tools/bin/../lib/gcc/arm-none-eabi/12.3.1/thumb/v6-m/nofp\libgcc.a(extendsfdf2.o)
                0x080029c0                __aeabi_f2d
 .text          0x08002a50      0x108 C:/ST/STM32CubeIDE_1.17.0/STM32CubeIDE/plugins/com.st.stm32cube.ide.mcu.externaltools.gnu-tools-for-stm32.12.3.rel1.win32_1.1.0.202410251130/tools/bin/../lib/gcc/arm-none-eabi/12.3.1/thumb/v6-m/nofp\libgcc.a(truncdfsf2.o)
                0x08002a50                __aeabi_d2f
 .text          0x08002b58       0x3c C:/ST/STM32CubeIDE_1.17.0/STM32CubeIDE/plugins/com.st.stm32cube.ide.mcu.externaltools.gnu-tools-for-stm32.12.3.rel1.win32_1.1.0.202410251130/tools/bin/../lib/gcc/arm-none-eabi/12.3.1/thumb/v6-m/nofp\libgcc.a(_clzsi2.o)
                0x08002b58                __clzsi2
 .text          0x08002b94       0x18 C:/ST/STM32CubeIDE_1.17.0/STM32CubeIDE/plugins/com.st.stm32cube.ide.mcu.externaltools.gnu-tools-for-stm32.12.3.rel1.win32_1.1.0.202410251130/tools/bin/../lib/gcc/arm-none-eabi/12.3.1/thumb/v6-m/nofp\libgcc.a(_clzdi2.o)
                0x08002b94                __clzdi2
 *(.text*)
 .text.__NVIC_SystemReset
                0x08002bac       0x24 BOS\BOS.o
 .text.LoadEEvars
                0x08002bd0       0x2a BOS\BOS.o
                0x08002bd0                LoadEEvars
 *fill*         0x08002bfa        0x2 
 .text.LoadROtopology
                0x08002bfc       0xfc BOS\BOS.o
                0x08002bfc                LoadROtopology
 .text.LoadEEportsDir
                0x08002cf8       0x68 BOS\BOS.o
                0x08002cf8                LoadEEportsDir
 .text.LoadEEalias
                0x08002d60       0xd8 BOS\BOS.o
                0x08002d60                LoadEEalias
 .text.LoadEEgroup
                0x08002e38      0x120 BOS\BOS.o
                0x08002e38                LoadEEgroup
 .text.LoadEEstreams
                0x08002f58      0x228 BOS\BOS.o
                0x08002f58                LoadEEstreams
 .text.LoadEEparams
                0x08003180      0x2e4 BOS\BOS.o
                0x08003180                LoadEEparams
 .text.LoadEEbuttons
                0x08003464      0x124 BOS\BOS.o
                0x08003464                LoadEEbuttons
 .text.LoadROsnippets
                0x08003588      0x1d8 BOS\BOS.o
                0x08003588                LoadROsnippets
 .text.SaveEEportsDir
                0x08003760       0x78 BOS\BOS.o
                0x08003760                SaveEEportsDir
 .text.SaveEEalias
                0x080037d8       0xd0 BOS\BOS.o
                0x080037d8                SaveEEalias
 .text.SaveEEstreams
                0x080038a8       0xdc BOS\BOS.o
                0x080038a8                SaveEEstreams
 .text.SaveEEparams
                0x08003984       0xb4 BOS\BOS.o
                0x08003984                SaveEEparams
 .text.ClearEEportsDir
                0x08003a38       0x84 BOS\BOS.o
                0x08003a38                ClearEEportsDir
 .text.IsLowerCLIbaud
                0x08003abc       0xe8 BOS\BOS.o
                0x08003abc                IsLowerCLIbaud
 .text.IsModuleParameter
                0x08003ba4       0x64 BOS\BOS.o
                0x08003ba4                IsModuleParameter
 .text.IsMathOperator
                0x08003c08       0xc4 BOS\BOS.o
                0x08003c08                IsMathOperator
 .text.BOS_Init
                0x08003ccc      0x13c BOS\BOS.o
                0x08003ccc                BOS_Init
 .text.Module_Init
                0x08003e08       0x1e BOS\BOS.o
                0x08003e08                Module_Init
 *fill*         0x08003e26        0x2 
 .text.Explore  0x08003e28      0xa14 BOS\BOS.o
                0x08003e28                Explore
 .text.ExploreNeighbors
                0x0800483c       0x90 BOS\BOS.o
                0x0800483c                ExploreNeighbors
 .text.FindBroadcastRoutes
                0x080048cc      0x3b0 BOS\BOS.o
                0x080048cc                FindBroadcastRoutes
 .text.FindRoute
                0x08004c7c      0x2d8 BOS\BOS.o
                0x08004c7c                FindRoute
 .text.minArr   0x08004f54       0x88 BOS\BOS.o
                0x08004f54                minArr
 .text.QnotEmpty
                0x08004fdc       0x50 BOS\BOS.o
                0x08004fdc                QnotEmpty
 .text.DisplayTopology
                0x0800502c      0x258 BOS\BOS.o
                0x0800502c                DisplayTopology
 .text.DisplayPortsDir
                0x08005284      0x118 BOS\BOS.o
                0x08005284                DisplayPortsDir
 .text.DisplayModuleStatus
                0x0800539c      0x3b4 BOS\BOS.o
                0x0800539c                DisplayModuleStatus
 .text.GetID    0x08005750      0x15c BOS\BOS.o
                0x08005750                GetID
 .text.NameModule
                0x080058ac      0x140 BOS\BOS.o
                0x080058ac                NameModule
 .text.AddModuleToGroup
                0x080059ec      0x1b8 BOS\BOS.o
                0x080059ec                AddModuleToGroup
 .text.WriteToRemote
                0x08005ba4      0x418 BOS\BOS.o
                0x08005ba4                WriteToRemote
 .text.GetDateString
                0x08005fbc       0x5c BOS\BOS.o
                0x08005fbc                GetDateString
 .text.Bridge   0x08006018       0x4c BOS\BOS.o
                0x08006018                Bridge
 .text.Unbridge
                0x08006064       0xbc BOS\BOS.o
                0x08006064                Unbridge
 .text.prvCLITask
                0x08006120      0x254 BOS\BOS_CLI.o
                0x08006120                prvCLITask
 .text.CLI_CommandParser
                0x08006374      0x57c BOS\BOS_CLI.o
                0x08006374                CLI_CommandParser
 .text.StringToLowerCase
                0x080068f0       0x6c BOS\BOS_CLI.o
                0x080068f0                StringToLowerCase
 .text.AddSnippet
                0x0800695c      0x118 BOS\BOS_CLI.o
                0x0800695c                AddSnippet
 .text.ParseSnippetCondition
                0x08006a74      0x298 BOS\BOS_CLI.o
                0x08006a74                ParseSnippetCondition
 .text.CheckSnippetCondition
                0x08006d0c      0x1cc BOS\BOS_CLI.o
                0x08006d0c                CheckSnippetCondition
 .text.ExecuteSnippet
                0x08006ed8       0xdc BOS\BOS_CLI.o
                0x08006ed8                ExecuteSnippet
 .text.ParseSnippetCommand
                0x08006fb4       0xe0 BOS\BOS_CLI.o
                0x08006fb4                ParseSnippetCommand
 .text.__NVIC_SystemReset
                0x08007094       0x24 BOS\BOS_CLIcommands.o
 .text.RegisterUserCLICommands
                0x080070b8        0xa BOS\BOS_CLIcommands.o
                0x080070b8                RegisterUserCLICommands
 *fill*         0x080070c2        0x2 
 .text.vRegisterCLICommands
                0x080070c4      0x1a4 BOS\BOS_CLIcommands.o
                0x080070c4                vRegisterCLICommands
 .text.prvTaskStatsCommand
                0x08007268       0x40 BOS\BOS_CLIcommands.o
 .text.prvRunTimeStatsCommand
                0x080072a8       0x40 BOS\BOS_CLIcommands.o
 .text.pingCommand
                0x080072e8       0x9c BOS\BOS_CLIcommands.o
 .text.bootloaderUpdateCommand
                0x08007384      0x200 BOS\BOS_CLIcommands.o
 .text.exploreCommand
                0x08007584       0xf8 BOS\BOS_CLIcommands.o
 .text.resetCommand
                0x0800767c       0x10 BOS\BOS_CLIcommands.o
 .text.nameCommand
                0x0800768c       0xe8 BOS\BOS_CLIcommands.o
 .text.groupCommand
                0x08007774      0x2fc BOS\BOS_CLIcommands.o
 .text.statusCommand
                0x08007a70       0x1c BOS\BOS_CLIcommands.o
 .text.infoCommand
                0x08007a8c       0xfc BOS\BOS_CLIcommands.o
 .text.addbuttonCommand
                0x08007b88      0x150 BOS\BOS_CLIcommands.o
 .text.removebuttonCommand
                0x08007cd8       0x94 BOS\BOS_CLIcommands.o
 .text.setCommand
                0x08007d6c      0xba8 BOS\BOS_CLIcommands.o
 .text.getCommand
                0x08008914      0x39c BOS\BOS_CLIcommands.o
 .text.defaultCommand
                0x08008cb0       0xf8 BOS\BOS_CLIcommands.o
 .text.timeCommand
                0x08008da8       0xd8 BOS\BOS_CLIcommands.o
 .text.dateCommand
                0x08008e80       0x34 BOS\BOS_CLIcommands.o
 .text.setBaudrateCommand
                0x08008eb4       0xc0 BOS\BOS_CLIcommands.o
 .text.uuidCommand
                0x08008f74       0x90 BOS\BOS_CLIcommands.o
 .text.idcodeCommand
                0x08009004       0x7c BOS\BOS_CLIcommands.o
 .text.flashsizeCommand
                0x08009080       0x34 BOS\BOS_CLIcommands.o
 .text.snipCommand
                0x080090b4      0x2dc BOS\BOS_CLIcommands.o
 .text.actSnipCommand
                0x08009390       0xb8 BOS\BOS_CLIcommands.o
 .text.pauseSnipCommand
                0x08009448       0xb8 BOS\BOS_CLIcommands.o
 .text.delSnipCommand
                0x08009500      0x1d4 BOS\BOS_CLIcommands.o
 .text.bridgeCommand
                0x080096d4      0x11c BOS\BOS_CLIcommands.o
 .text.unbridgeCommand
                0x080097f0      0x11c BOS\BOS_CLIcommands.o
 .text.testportCommand
                0x0800990c      0x2d8 BOS\BOS_CLIcommands.o
 .text.ADCReadCommand
                0x08009be4      0x12c BOS\BOS_CLIcommands.o
 .text.ReadTempCommand
                0x08009d10       0x54 BOS\BOS_CLIcommands.o
 .text.ReadVrefCommand
                0x08009d64       0x54 BOS\BOS_CLIcommands.o
 .text.GetReadPercentageCommand
                0x08009db8      0x104 BOS\BOS_CLIcommands.o
 .text.StartDMAstream
                0x08009ebc       0xb0 BOS\BOS_dma.o
                0x08009ebc                StartDMAstream
 .text.DMA_IRQHandler
                0x08009f6c      0x118 BOS\BOS_dma.o
                0x08009f6c                DMA_IRQHandler
 .text.ResetUartORE
                0x0800a084       0x48 BOS\BOS_dma.o
                0x0800a084                ResetUartORE
 .text.MX_FREERTOS_Init
                0x0800a0cc      0x214 BOS\BOS_freertos.o
                0x0800a0cc                MX_FREERTOS_Init
 .text.StartDefaultTask
                0x0800a2e0      0x108 BOS\BOS_freertos.o
                0x0800a2e0                StartDefaultTask
 .text.vMainConfigureTimerForRunTimeStats
                0x0800a3e8       0x2c BOS\BOS_freertos.o
                0x0800a3e8                vMainConfigureTimerForRunTimeStats
 .text.ulMainGetRunTimeCounterValue
                0x0800a414       0x9c BOS\BOS_freertos.o
                0x0800a414                ulMainGetRunTimeCounterValue
 .text.SetupDMAStreams
                0x0800a4b0      0x3c8 BOS\BOS_messaging.o
                0x0800a4b0                SetupDMAStreams
 .text.StreamTimerCallback
                0x0800a878       0xa4 BOS\BOS_messaging.o
                0x0800a878                StreamTimerCallback
 .text.ForwardReceivedMessage
                0x0800a91c       0x8c BOS\BOS_messaging.o
                0x0800a91c                ForwardReceivedMessage
 .text.BroadcastReceivedMessage
                0x0800a9a8       0x70 BOS\BOS_messaging.o
                0x0800a9a8                BroadcastReceivedMessage
 .text.NotifyMessagingTask
                0x0800aa18       0x90 BOS\BOS_messaging.o
                0x0800aa18                NotifyMessagingTask
 .text.BroadcastMessage
                0x0800aaa8       0x94 BOS\BOS_messaging.o
                0x0800aaa8                BroadcastMessage
 .text.SendMessageToModule
                0x0800ab3c       0xa4 BOS\BOS_messaging.o
                0x0800ab3c                SendMessageToModule
 .text.SendLargeMessageToModule
                0x0800abe0      0x10c BOS\BOS_messaging.o
                0x0800abe0                SendLargeMessageToModule
 .text.SendMessageFromPort
                0x0800acec      0x4e0 BOS\BOS_messaging.o
                0x0800acec                SendMessageFromPort
 .text.StartScastDMAStream
                0x0800b1cc      0x314 BOS\BOS_messaging.o
                0x0800b1cc                StartScastDMAStream
 .text.__NVIC_SystemReset
                0x0800b4e0       0x24 BOS\BOS_msgparser.o
 .text.BackEndTask
                0x0800b504      0xbb8 BOS\BOS_msgparser.o
                0x0800b504                BackEndTask
 .text.PxMessagingTask
                0x0800c0bc     0x48dc BOS\BOS_msgparser.o
                0x0800c0bc                PxMessagingTask
 .text.User_MessagingParser
                0x08010998       0x3a BOS\BOS_msgparser.o
                0x08010998                User_MessagingParser
 .text.SystemClock_Config
                0x080109d2       0xb4 H21R2\H21R2.o
                0x080109d2                SystemClock_Config
 *fill*         0x08010a86        0x2 
 .text.EnableStopModebyUARTx
                0x08010a88       0xb8 H21R2\H21R2.o
                0x08010a88                EnableStopModebyUARTx
 .text.EnableStandbyModebyWakeupPinx
                0x08010b40       0x64 H21R2\H21R2.o
                0x08010b40                EnableStandbyModebyWakeupPinx
 .text.DisableStandbyModeWakeupPinx
                0x08010ba4       0x9c H21R2\H21R2.o
                0x08010ba4                DisableStandbyModeWakeupPinx
 .text.SaveTopologyToRO
                0x08010c40      0x1bc H21R2\H21R2.o
                0x08010c40                SaveTopologyToRO
 .text.SaveSnippetsToRO
                0x08010dfc      0x1f8 H21R2\H21R2.o
                0x08010dfc                SaveSnippetsToRO
 .text.ClearROtopology
                0x08010ff4       0x38 H21R2\H21R2.o
                0x08010ff4                ClearROtopology
 .text.RemoteBootloaderUpdate
                0x0801102c      0x178 H21R2\H21R2.o
                0x0801102c                RemoteBootloaderUpdate
 .text.SetupPortForRemoteBootloaderUpdate
                0x080111a4       0x52 H21R2\H21R2.o
                0x080111a4                SetupPortForRemoteBootloaderUpdate
 *fill*         0x080111f6        0x2 
 .text.Module_Peripheral_Init
                0x080111f8      0x128 H21R2\H21R2.o
                0x080111f8                Module_Peripheral_Init
 .text.Module_MessagingTask
                0x08011320      0xa30 H21R2\H21R2.o
                0x08011320                Module_MessagingTask
 .text.GetPort  0x08011d50       0x6c H21R2\H21R2.o
                0x08011d50                GetPort
 .text.RegisterModuleCLICommands
                0x08011dbc       0x84 H21R2\H21R2.o
                0x08011dbc                RegisterModuleCLICommands
 .text.GetModuleParameter
                0x08011e40       0x2a H21R2\H21R2.o
                0x08011e40                GetModuleParameter
 *fill*         0x08011e6a        0x2 
 .text.ESP_Reset
                0x08011e6c       0x44 H21R2\H21R2.o
                0x08011e6c                ESP_Reset
 .text.ESP_Boot
                0x08011eb0       0x60 H21R2\H21R2.o
                0x08011eb0                ESP_Boot
 .text.BLE_ClientMode
                0x08011f10      0x110 H21R2\H21R2.o
                0x08011f10                BLE_ClientMode
 .text.BLE_ClientModeCLI
                0x08012020      0x11c H21R2\H21R2.o
                0x08012020                BLE_ClientModeCLI
 .text.BLE_ServerMode
                0x0801213c       0xdc H21R2\H21R2.o
                0x0801213c                BLE_ServerMode
 .text.BLE_Read
                0x08012218       0xb8 H21R2\H21R2.o
                0x08012218                BLE_Read
 .text.BLE_Write
                0x080122d0      0x160 H21R2\H21R2.o
                0x080122d0                BLE_Write
 .text.WIFI_AccessPoint
                0x08012430      0x100 H21R2\H21R2.o
                0x08012430                WIFI_AccessPoint
 .text.WIFI_AccessPointCLI
                0x08012530      0x11c H21R2\H21R2.o
                0x08012530                WIFI_AccessPointCLI
 .text.WIFI_StationCLI
                0x0801264c      0x110 H21R2\H21R2.o
                0x0801264c                WIFI_StationCLI
 .text.CLI_ESPResetModeCommand
                0x0801275c       0x60 H21R2\H21R2.o
                0x0801275c                CLI_ESPResetModeCommand
 .text.CLI_ESPBootModeCommand
                0x080127bc       0x60 H21R2\H21R2.o
                0x080127bc                CLI_ESPBootModeCommand
 .text.CLI_ESPBleClientModeCommand
                0x0801281c       0xac H21R2\H21R2.o
                0x0801281c                CLI_ESPBleClientModeCommand
 .text.CLI_ESPBleServerModeCommand
                0x080128c8       0x84 H21R2\H21R2.o
                0x080128c8                CLI_ESPBleServerModeCommand
 .text.CLI_ESPWifiAccessPiontModeCommand
                0x0801294c       0xac H21R2\H21R2.o
                0x0801294c                CLI_ESPWifiAccessPiontModeCommand
 .text.CLI_ESPWifiStationModeCommand
                0x080129f8       0xac H21R2\H21R2.o
                0x080129f8                CLI_ESPWifiStationModeCommand
 .text.CLI_ESPWriteToBleServerModeCommand
                0x08012aa4       0x98 H21R2\H21R2.o
                0x08012aa4                CLI_ESPWriteToBleServerModeCommand
 .text.CLI_ESPWriteToBleClientModeCommand
                0x08012b3c       0x98 H21R2\H21R2.o
                0x08012b3c                CLI_ESPWriteToBleClientModeCommand
 .text.CLI_ESPReadFromBleServerModeCommand
                0x08012bd4       0x6c H21R2\H21R2.o
                0x08012bd4                CLI_ESPReadFromBleServerModeCommand
 .text.CLI_ESPReadFromBleClientModeCommand
                0x08012c40       0x6c H21R2\H21R2.o
                0x08012c40                CLI_ESPReadFromBleClientModeCommand
 .text.DMA_Init
                0x08012cac       0x74 H21R2\H21R2_dma.o
                0x08012cac                DMA_Init
 .text.SetupMessagingRxDMAs
                0x08012d20       0xf4 H21R2\H21R2_dma.o
                0x08012d20                SetupMessagingRxDMAs
 .text.DMA_MSG_RX_Setup
                0x08012e14       0x68 H21R2\H21R2_dma.o
                0x08012e14                DMA_MSG_RX_Setup
 .text.DMA_STREAM_Setup
                0x08012e7c       0xf0 H21R2\H21R2_dma.o
                0x08012e7c                DMA_STREAM_Setup
 .text.StopDMA  0x08012f6c       0x98 H21R2\H21R2_dma.o
                0x08012f6c                StopDMA
 .text.SwitchMsgDMAToStream
                0x08013004       0x52 H21R2\H21R2_dma.o
                0x08013004                SwitchMsgDMAToStream
 *fill*         0x08013056        0x2 
 .text.SwitchStreamDMAToMsg
                0x08013058       0xc8 H21R2\H21R2_dma.o
                0x08013058                SwitchStreamDMAToMsg
 .text.CRC_Init
                0x08013120       0x44 H21R2\H21R2_dma.o
                0x08013120                CRC_Init
 .text.HAL_CRC_MspInit
                0x08013164       0x30 H21R2\H21R2_dma.o
                0x08013164                HAL_CRC_MspInit
 .text.CalculateCRC8
                0x08013194      0x154 H21R2\H21R2_dma.o
                0x08013194                CalculateCRC8
 .text.__NVIC_SystemReset
                0x080132e8       0x24 H21R2\H21R2_eeprom.o
 .text.EE_Init  0x0801330c       0x56 H21R2\H21R2_eeprom.o
                0x0801330c                EE_Init
 .text.EE_ReadVariable
                0x08013362       0x42 H21R2\H21R2_eeprom.o
                0x08013362                EE_ReadVariable
 .text.EE_WriteVariable
                0x080133a4       0x72 H21R2\H21R2_eeprom.o
                0x080133a4                EE_WriteVariable
 .text.EE_Format
                0x08013416       0x3a H21R2\H21R2_eeprom.o
                0x08013416                EE_Format
 .text.EE_FormatForFactoryReset
                0x08013450       0x2c H21R2\H21R2_eeprom.o
                0x08013450                EE_FormatForFactoryReset
 .text.GPIO_Init
                0x0801347c       0x90 H21R2\H21R2_gpio.o
                0x0801347c                GPIO_Init
 .text.IND_LED_Init
                0x0801350c       0x38 H21R2\H21R2_gpio.o
                0x0801350c                IND_LED_Init
 .text.IsFactoryReset
                0x08013544      0x15c H21R2\H21R2_gpio.o
                0x08013544                IsFactoryReset
 .text.GetPortGPIOs
                0x080136a0      0x118 H21R2\H21R2_gpio.o
                0x080136a0                GetPortGPIOs
 .text.MX_ADC_Init
                0x080137b8       0x88 H21R2\H21R2_inputs.o
                0x080137b8                MX_ADC_Init
 .text.HAL_ADC_MspInit
                0x08013840       0xa8 H21R2\H21R2_inputs.o
                0x08013840                HAL_ADC_MspInit
 .text.Error_Handler
                0x080138e8       0x10 H21R2\H21R2_inputs.o
                0x080138e8                Error_Handler
 .text.GetChannel
                0x080138f8       0xac H21R2\H21R2_inputs.o
                0x080138f8                GetChannel
 .text.GetRank  0x080139a4       0xa4 H21R2\H21R2_inputs.o
                0x080139a4                GetRank
 .text.CheckAttachedButtons
                0x08013a48      0x580 H21R2\H21R2_inputs.o
                0x08013a48                CheckAttachedButtons
 .text.AddPortButton
                0x08013fc8      0x268 H21R2\H21R2_inputs.o
                0x08013fc8                AddPortButton
 .text.RemovePortButton
                0x08014230      0x194 H21R2\H21R2_inputs.o
                0x08014230                RemovePortButton
 .text.SetButtonEvents
                0x080143c4      0x174 H21R2\H21R2_inputs.o
                0x080143c4                SetButtonEvents
 .text.ADCSelectPort
                0x08014538       0x8c H21R2\H21R2_inputs.o
                0x08014538                ADCSelectPort
 .text.ReadADCChannel
                0x080145c4      0x154 H21R2\H21R2_inputs.o
                0x080145c4                ReadADCChannel
 .text.ReadTempAndVref
                0x08014718      0x1d0 H21R2\H21R2_inputs.o
                0x08014718                ReadTempAndVref
 .text.GetReadPercentage
                0x080148e8       0x7c H21R2\H21R2_inputs.o
                0x080148e8                GetReadPercentage
 .text.buttonReleasedCallback
                0x08014964       0x14 H21R2\H21R2_inputs.o
                0x08014964                buttonReleasedCallback
 .text.buttonClickedCallback
                0x08014978       0x14 H21R2\H21R2_inputs.o
                0x08014978                buttonClickedCallback
 .text.buttonDblClickedCallback
                0x0801498c       0x14 H21R2\H21R2_inputs.o
                0x0801498c                buttonDblClickedCallback
 .text.__NVIC_SystemReset
                0x080149a0       0x24 H21R2\H21R2_it.o
 .text.SysTick_Handler
                0x080149c4       0x12 H21R2\H21R2_it.o
                0x080149c4                SysTick_Handler
 *fill*         0x080149d6        0x2 
 .text.HardFault_Handler
                0x080149d8       0x40 H21R2\H21R2_it.o
                0x080149d8                HardFault_Handler
 .text.HAL_UARTEx_RxEventCallback
                0x08014a18       0x74 H21R2\H21R2_it.o
                0x08014a18                HAL_UARTEx_RxEventCallback
 .text.USART1_IRQHandler
                0x08014a8c       0xac H21R2\H21R2_it.o
                0x08014a8c                USART1_IRQHandler
 .text.USART2_LPUART2_IRQHandler
                0x08014b38       0xac H21R2\H21R2_it.o
                0x08014b38                USART2_LPUART2_IRQHandler
 .text.USART3_4_5_6_LPUART1_IRQHandler
                0x08014be4      0x1c8 H21R2\H21R2_it.o
                0x08014be4                USART3_4_5_6_LPUART1_IRQHandler
 .text.DMA1_Channel1_IRQHandler
                0x08014dac       0x20 H21R2\H21R2_it.o
                0x08014dac                DMA1_Channel1_IRQHandler
 .text.DMA1_Channel2_3_IRQHandler
                0x08014dcc       0x3c H21R2\H21R2_it.o
                0x08014dcc                DMA1_Channel2_3_IRQHandler
 .text.DMA1_Ch4_7_DMA2_Ch1_5_DMAMUX1_OVR_IRQHandler
                0x08014e08       0x80 H21R2\H21R2_it.o
                0x08014e08                DMA1_Ch4_7_DMA2_Ch1_5_DMAMUX1_OVR_IRQHandler
 .text.HAL_UART_TxCpltCallback
                0x08014e88       0x38 H21R2\H21R2_it.o
                0x08014e88                HAL_UART_TxCpltCallback
 .text.HAL_UART_ErrorCallback
                0x08014ec0       0xd4 H21R2\H21R2_it.o
                0x08014ec0                HAL_UART_ErrorCallback
 .text.HAL_UART_RxCpltCallback
                0x08014f94       0x10 H21R2\H21R2_it.o
                0x08014f94                HAL_UART_RxCpltCallback
 .text.HAL_UARTEx_WakeupCallback
                0x08014fa4       0x5c H21R2\H21R2_it.o
                0x08014fa4                HAL_UARTEx_WakeupCallback
 .text.vApplicationStackOverflowHook
                0x08015000       0x44 H21R2\H21R2_it.o
                0x08015000                vApplicationStackOverflowHook
 .text.vApplicationMallocFailedHook
                0x08015044       0x40 H21R2\H21R2_it.o
                0x08015044                vApplicationMallocFailedHook
 .text.RTC_Init
                0x08015084       0xd8 H21R2\H21R2_rtc.o
                0x08015084                RTC_Init
 .text.RTC_CalendarConfig
                0x0801515c      0x18c H21R2\H21R2_rtc.o
                0x0801515c                RTC_CalendarConfig
 .text.BOS_CalendarConfig
                0x080152e8      0x194 H21R2\H21R2_rtc.o
                0x080152e8                BOS_CalendarConfig
 .text.GetTimeDate
                0x0801547c       0x90 H21R2\H21R2_rtc.o
                0x0801547c                GetTimeDate
 .text.HAL_RTC_MspInit
                0x0801550c       0x74 H21R2\H21R2_rtc.o
                0x0801550c                HAL_RTC_MspInit
 .text.HAL_RTC_MspDeInit
                0x08015580       0x44 H21R2\H21R2_rtc.o
                0x08015580                HAL_RTC_MspDeInit
 .text.TIM_USEC_Init
                0x080155c4       0x74 H21R2\H21R2_timers.o
                0x080155c4                TIM_USEC_Init
 .text.TIM_MSEC_Init
                0x08015638       0x78 H21R2\H21R2_timers.o
                0x08015638                TIM_MSEC_Init
 .text.StartMicroDelay
                0x080156b0       0x48 H21R2\H21R2_timers.o
                0x080156b0                StartMicroDelay
 .text.StartMilliDelay
                0x080156f8       0x48 H21R2\H21R2_timers.o
                0x080156f8                StartMilliDelay
 .text.MX_USART3_UART_Init
                0x08015740       0x7c H21R2\H21R2_uart.o
                0x08015740                MX_USART3_UART_Init
 .text.MX_USART1_UART_Init
                0x080157bc       0x7c H21R2\H21R2_uart.o
                0x080157bc                MX_USART1_UART_Init
 .text.MX_USART2_UART_Init
                0x08015838       0x7c H21R2\H21R2_uart.o
                0x08015838                MX_USART2_UART_Init
 .text.MX_USART4_UART_Init
                0x080158b4       0x60 H21R2\H21R2_uart.o
                0x080158b4                MX_USART4_UART_Init
 .text.MX_USART5_UART_Init
                0x08015914       0x60 H21R2\H21R2_uart.o
                0x08015914                MX_USART5_UART_Init
 .text.MX_USART6_UART_Init
                0x08015974       0x60 H21R2\H21R2_uart.o
                0x08015974                MX_USART6_UART_Init
 .text.HAL_UART_MspInit
                0x080159d4      0x634 H21R2\H21R2_uart.o
                0x080159d4                HAL_UART_MspInit
 .text.writePxMutex
                0x08016008       0xac H21R2\H21R2_uart.o
                0x08016008                writePxMutex
 .text.writePxITMutex
                0x080160b4       0x80 H21R2\H21R2_uart.o
                0x080160b4                writePxITMutex
 .text.UpdateBaudrate
                0x08016134       0x3e H21R2\H21R2_uart.o
                0x08016134                UpdateBaudrate
 *fill*         0x08016172        0x2 
 .text.GetUart  0x08016174       0x54 H21R2\H21R2_uart.o
                0x08016174                GetUart
 .text.SwapUartPins
                0x080161c8      0x118 H21R2\H21R2_uart.o
                0x080161c8                SwapUartPins
 .text.ReadPortsDir
                0x080162e0       0xa8 H21R2\H21R2_uart.o
                0x080162e0                ReadPortsDir
 .text.ReadPortsDirMSG
                0x08016388       0x80 H21R2\H21R2_uart.o
                0x08016388                ReadPortsDirMSG
 .text.UpdateMyPortsDir
                0x08016408       0x84 H21R2\H21R2_uart.o
                0x08016408                UpdateMyPortsDir
 .text.Reset_Handler
                0x0801648c       0x90 H21R2\startup_stm32g0b1ceuxn.o
                0x0801648c                Reset_Handler
 .text.Default_Handler
                0x0801651c        0x2 H21R2\startup_stm32g0b1ceuxn.o
                0x0801651c                I2C2_3_IRQHandler
                0x0801651c                TIM1_CC_IRQHandler
                0x0801651c                ADC1_COMP_IRQHandler
                0x0801651c                NMI_Handler
                0x0801651c                I2C1_IRQHandler
                0x0801651c                TIM7_LPTIM2_IRQHandler
                0x0801651c                TIM17_FDCAN_IT1_IRQHandler
                0x0801651c                RCC_CRS_IRQHandler
                0x0801651c                RTC_TAMP_IRQHandler
                0x0801651c                SPI1_IRQHandler
                0x0801651c                USB_UCPD1_2_IRQHandler
                0x0801651c                EXTI2_3_IRQHandler
                0x0801651c                PVD_VDDIO2_IRQHandler
                0x0801651c                EXTI4_15_IRQHandler
                0x0801651c                Default_Handler
                0x0801651c                CEC_IRQHandler
                0x0801651c                TIM14_IRQHandler
                0x0801651c                TIM15_IRQHandler
                0x0801651c                TIM3_TIM4_IRQHandler
                0x0801651c                EXTI0_1_IRQHandler
                0x0801651c                SPI2_3_IRQHandler
                0x0801651c                TIM6_DAC_LPTIM1_IRQHandler
                0x0801651c                WWDG_IRQHandler
                0x0801651c                TIM2_IRQHandler
                0x0801651c                FLASH_IRQHandler
                0x0801651c                TIM16_FDCAN_IT0_IRQHandler
                0x0801651c                TIM1_BRK_UP_TRG_COM_IRQHandler
 .text.SystemInit
                0x0801651e        0xa Thirdparty\CMSIS\STM32G0xx\Device\ST\STM32G0xx\Source\Templates\system_stm32g0xx.o
                0x0801651e                SystemInit
 .text.LL_CRC_ResetCRCCalculationUnit
                0x08016528       0x1c Thirdparty\EEPROM_Emul\Core\eeprom_emul.o
 .text.LL_CRC_SetPolynomialSize
                0x08016544       0x24 Thirdparty\EEPROM_Emul\Core\eeprom_emul.o
 .text.LL_CRC_SetPolynomialCoef
                0x08016568       0x18 Thirdparty\EEPROM_Emul\Core\eeprom_emul.o
 .text.LL_CRC_FeedData32
                0x08016580       0x18 Thirdparty\EEPROM_Emul\Core\eeprom_emul.o
 .text.LL_CRC_FeedData16
                0x08016598       0x22 Thirdparty\EEPROM_Emul\Core\eeprom_emul.o
 .text.LL_CRC_ReadData16
                0x080165ba       0x16 Thirdparty\EEPROM_Emul\Core\eeprom_emul.o
 .text.LL_AHB1_GRP1_EnableClock
                0x080165d0       0x2c Thirdparty\EEPROM_Emul\Core\eeprom_emul.o
 .text.EEPROM_Init
                0x080165fc     0x1874 Thirdparty\EEPROM_Emul\Core\eeprom_emul.o
                0x080165fc                EEPROM_Init
 .text.EEPROM_Format
                0x08017e70      0x2a8 Thirdparty\EEPROM_Emul\Core\eeprom_emul.o
                0x08017e70                EEPROM_Format
 .text.EE_ReadVariable16bits
                0x08018118       0x60 Thirdparty\EEPROM_Emul\Core\eeprom_emul.o
                0x08018118                EE_ReadVariable16bits
 .text.EE_WriteVariable16bits
                0x08018178       0x48 Thirdparty\EEPROM_Emul\Core\eeprom_emul.o
                0x08018178                EE_WriteVariable16bits
 .text.EE_CleanUp
                0x080181c0      0x2a4 Thirdparty\EEPROM_Emul\Core\eeprom_emul.o
                0x080181c0                EE_CleanUp
 .text.ReadVariable
                0x08018464      0x340 Thirdparty\EEPROM_Emul\Core\eeprom_emul.o
 .text.WriteVariable
                0x080187a4       0x52 Thirdparty\EEPROM_Emul\Core\eeprom_emul.o
 .text.VerifyPageFullyErased
                0x080187f6       0x4e Thirdparty\EEPROM_Emul\Core\eeprom_emul.o
 .text.FindPage
                0x08018844      0x444 Thirdparty\EEPROM_Emul\Core\eeprom_emul.o
 .text.PagesTransfer
                0x08018c88      0x8ec Thirdparty\EEPROM_Emul\Core\eeprom_emul.o
 .text.VerifyPagesFullWriteVariable
                0x08019574      0x1ac Thirdparty\EEPROM_Emul\Core\eeprom_emul.o
 .text.SetPageState
                0x08019720      0x364 Thirdparty\EEPROM_Emul\Core\eeprom_emul.o
 .text.GetPageState
                0x08019a84       0xa0 Thirdparty\EEPROM_Emul\Core\eeprom_emul.o
 .text.ConfigureCrc
                0x08019b24       0x34 Thirdparty\EEPROM_Emul\Core\eeprom_emul.o
                0x08019b24                ConfigureCrc
 .text.CalculateCrc
                0x08019b58       0x48 Thirdparty\EEPROM_Emul\Core\eeprom_emul.o
                0x08019b58                CalculateCrc
 .text.FI_WriteDoubleWord
                0x08019ba0       0x22 Thirdparty\EEPROM_Emul\Porting\STM32G0\flash_interface.o
                0x08019ba0                FI_WriteDoubleWord
 *fill*         0x08019bc2        0x2 
 .text.FI_PageErase
                0x08019bc4      0x120 Thirdparty\EEPROM_Emul\Porting\STM32G0\flash_interface.o
                0x08019bc4                FI_PageErase
 .text.FI_CacheFlush
                0x08019ce4        0xa Thirdparty\EEPROM_Emul\Porting\STM32G0\flash_interface.o
                0x08019ce4                FI_CacheFlush
 *fill*         0x08019cee        0x2 
 .text.GetBankNumber
                0x08019cf0       0x90 Thirdparty\EEPROM_Emul\Porting\STM32G0\flash_interface.o
 .text.FI_CheckBankConfig
                0x08019d80       0x18 Thirdparty\EEPROM_Emul\Porting\STM32G0\flash_interface.o
                0x08019d80                FI_CheckBankConfig
 .text.inHandlerMode
                0x08019d98       0x1c Thirdparty\Middleware\STM32G0xx\FreeRTOS\Source\CMSIS_RTOS\cmsis_os.o
 .text.osKernelStart
                0x08019db4       0x10 Thirdparty\Middleware\STM32G0xx\FreeRTOS\Source\CMSIS_RTOS\cmsis_os.o
                0x08019db4                osKernelStart
 .text.osDelay  0x08019dc4       0x28 Thirdparty\Middleware\STM32G0xx\FreeRTOS\Source\CMSIS_RTOS\cmsis_os.o
                0x08019dc4                osDelay
 .text.osSemaphoreCreate
                0x08019dec       0x4a Thirdparty\Middleware\STM32G0xx\FreeRTOS\Source\CMSIS_RTOS\cmsis_os.o
                0x08019dec                osSemaphoreCreate
 *fill*         0x08019e36        0x2 
 .text.osSemaphoreWait
                0x08019e38       0x94 Thirdparty\Middleware\STM32G0xx\FreeRTOS\Source\CMSIS_RTOS\cmsis_os.o
                0x08019e38                osSemaphoreWait
 .text.osSemaphoreRelease
                0x08019ecc       0x64 Thirdparty\Middleware\STM32G0xx\FreeRTOS\Source\CMSIS_RTOS\cmsis_os.o
                0x08019ecc                osSemaphoreRelease
 .text.osSystickHandler
                0x08019f30       0x18 Thirdparty\Middleware\STM32G0xx\FreeRTOS\Source\CMSIS_RTOS\cmsis_os.o
                0x08019f30                osSystickHandler
 .text.FreeRTOS_CLIRegisterCommand
                0x08019f48       0x50 Thirdparty\Middleware\STM32G0xx\FreeRTOS\Source\FreeRTOS_CLI.o
                0x08019f48                FreeRTOS_CLIRegisterCommand
 .text.FreeRTOS_CLIProcessCommand
                0x08019f98      0x11c Thirdparty\Middleware\STM32G0xx\FreeRTOS\Source\FreeRTOS_CLI.o
                0x08019f98                FreeRTOS_CLIProcessCommand
 .text.FreeRTOS_CLIGetOutputBuffer
                0x0801a0b4       0x10 Thirdparty\Middleware\STM32G0xx\FreeRTOS\Source\FreeRTOS_CLI.o
                0x0801a0b4                FreeRTOS_CLIGetOutputBuffer
 .text.FreeRTOS_CLIGetParameter
                0x0801a0c4       0xbc Thirdparty\Middleware\STM32G0xx\FreeRTOS\Source\FreeRTOS_CLI.o
                0x0801a0c4                FreeRTOS_CLIGetParameter
 .text.prvHelpCommand
                0x0801a180      0x154 Thirdparty\Middleware\STM32G0xx\FreeRTOS\Source\FreeRTOS_CLI.o
 .text.prvGetNumberOfParameters
                0x0801a2d4       0x7a Thirdparty\Middleware\STM32G0xx\FreeRTOS\Source\FreeRTOS_CLI.o
 .text.vListInitialise
                0x0801a34e       0x3c Thirdparty\Middleware\STM32G0xx\FreeRTOS\Source\list.o
                0x0801a34e                vListInitialise
 .text.vListInitialiseItem
                0x0801a38a       0x16 Thirdparty\Middleware\STM32G0xx\FreeRTOS\Source\list.o
                0x0801a38a                vListInitialiseItem
 .text.vListInsertEnd
                0x0801a3a0       0x44 Thirdparty\Middleware\STM32G0xx\FreeRTOS\Source\list.o
                0x0801a3a0                vListInsertEnd
 .text.vListInsert
                0x0801a3e4       0x6c Thirdparty\Middleware\STM32G0xx\FreeRTOS\Source\list.o
                0x0801a3e4                vListInsert
 .text.uxListRemove
                0x0801a450       0x50 Thirdparty\Middleware\STM32G0xx\FreeRTOS\Source\list.o
                0x0801a450                uxListRemove
 .text.pxPortInitialiseStack
                0x0801a4a0       0x54 Thirdparty\Middleware\STM32G0xx\FreeRTOS\Source\portable\GCC\ARM_CM0\port.o
                0x0801a4a0                pxPortInitialiseStack
 .text.prvTaskExitError
                0x0801a4f4       0x1e Thirdparty\Middleware\STM32G0xx\FreeRTOS\Source\portable\GCC\ARM_CM0\port.o
 .text.SVC_Handler
                0x0801a512        0xa Thirdparty\Middleware\STM32G0xx\FreeRTOS\Source\portable\GCC\ARM_CM0\port.o
                0x0801a512                SVC_Handler
 *fill*         0x0801a51c        0x4 
 .text.vPortStartFirstTask
                0x0801a520       0x38 Thirdparty\Middleware\STM32G0xx\FreeRTOS\Source\portable\GCC\ARM_CM0\port.o
 .text.xPortStartScheduler
                0x0801a558       0x48 Thirdparty\Middleware\STM32G0xx\FreeRTOS\Source\portable\GCC\ARM_CM0\port.o
                0x0801a558                xPortStartScheduler
 .text.vPortYield
                0x0801a5a0       0x20 Thirdparty\Middleware\STM32G0xx\FreeRTOS\Source\portable\GCC\ARM_CM0\port.o
                0x0801a5a0                vPortYield
 .text.vPortEnterCritical
                0x0801a5c0       0x24 Thirdparty\Middleware\STM32G0xx\FreeRTOS\Source\portable\GCC\ARM_CM0\port.o
                0x0801a5c0                vPortEnterCritical
 .text.vPortExitCritical
                0x0801a5e4       0x24 Thirdparty\Middleware\STM32G0xx\FreeRTOS\Source\portable\GCC\ARM_CM0\port.o
                0x0801a5e4                vPortExitCritical
 .text.ulSetInterruptMaskFromISR
                0x0801a608        0xc Thirdparty\Middleware\STM32G0xx\FreeRTOS\Source\portable\GCC\ARM_CM0\port.o
                0x0801a608                ulSetInterruptMaskFromISR
 .text.vClearInterruptMaskFromISR
                0x0801a614        0x8 Thirdparty\Middleware\STM32G0xx\FreeRTOS\Source\portable\GCC\ARM_CM0\port.o
                0x0801a614                vClearInterruptMaskFromISR
 *fill*         0x0801a61c        0x4 
 .text.PendSV_Handler
                0x0801a620       0x48 Thirdparty\Middleware\STM32G0xx\FreeRTOS\Source\portable\GCC\ARM_CM0\port.o
                0x0801a620                PendSV_Handler
 .text.xPortSysTickHandler
                0x0801a668       0x34 Thirdparty\Middleware\STM32G0xx\FreeRTOS\Source\portable\GCC\ARM_CM0\port.o
                0x0801a668                xPortSysTickHandler
 .text.vPortSetupTimerInterrupt
                0x0801a69c       0x44 Thirdparty\Middleware\STM32G0xx\FreeRTOS\Source\portable\GCC\ARM_CM0\port.o
                0x0801a69c                vPortSetupTimerInterrupt
 .text.pvPortMalloc
                0x0801a6e0      0x140 Thirdparty\Middleware\STM32G0xx\FreeRTOS\Source\portable\MemMang\heap_4.o
                0x0801a6e0                pvPortMalloc
 .text.vPortFree
                0x0801a820       0x80 Thirdparty\Middleware\STM32G0xx\FreeRTOS\Source\portable\MemMang\heap_4.o
                0x0801a820                vPortFree
 .text.prvHeapInit
                0x0801a8a0       0xc0 Thirdparty\Middleware\STM32G0xx\FreeRTOS\Source\portable\MemMang\heap_4.o
 .text.prvInsertBlockIntoFreeList
                0x0801a960       0xb0 Thirdparty\Middleware\STM32G0xx\FreeRTOS\Source\portable\MemMang\heap_4.o
 .text.xQueueGenericReset
                0x0801aa10       0x9e Thirdparty\Middleware\STM32G0xx\FreeRTOS\Source\queue.o
                0x0801aa10                xQueueGenericReset
 .text.xQueueGenericCreate
                0x0801aaae       0x52 Thirdparty\Middleware\STM32G0xx\FreeRTOS\Source\queue.o
                0x0801aaae                xQueueGenericCreate
 .text.prvInitialiseNewQueue
                0x0801ab00       0x4e Thirdparty\Middleware\STM32G0xx\FreeRTOS\Source\queue.o
 .text.xQueueCreateCountingSemaphore
                0x0801ab4e       0x30 Thirdparty\Middleware\STM32G0xx\FreeRTOS\Source\queue.o
                0x0801ab4e                xQueueCreateCountingSemaphore
 .text.xQueueGenericSend
                0x0801ab7e      0x12a Thirdparty\Middleware\STM32G0xx\FreeRTOS\Source\queue.o
                0x0801ab7e                xQueueGenericSend
 .text.xQueueGenericSendFromISR
                0x0801aca8       0xa6 Thirdparty\Middleware\STM32G0xx\FreeRTOS\Source\queue.o
                0x0801aca8                xQueueGenericSendFromISR
 .text.xQueueGiveFromISR
                0x0801ad4e       0x96 Thirdparty\Middleware\STM32G0xx\FreeRTOS\Source\queue.o
                0x0801ad4e                xQueueGiveFromISR
 .text.xQueueReceive
                0x0801ade4      0x128 Thirdparty\Middleware\STM32G0xx\FreeRTOS\Source\queue.o
                0x0801ade4                xQueueReceive
 .text.xQueueSemaphoreTake
                0x0801af0c      0x178 Thirdparty\Middleware\STM32G0xx\FreeRTOS\Source\queue.o
                0x0801af0c                xQueueSemaphoreTake
 .text.xQueueReceiveFromISR
                0x0801b084       0xa0 Thirdparty\Middleware\STM32G0xx\FreeRTOS\Source\queue.o
                0x0801b084                xQueueReceiveFromISR
 .text.prvGetDisinheritPriorityAfterTimeout
                0x0801b124       0x2c Thirdparty\Middleware\STM32G0xx\FreeRTOS\Source\queue.o
 .text.prvCopyDataToQueue
                0x0801b150       0xd6 Thirdparty\Middleware\STM32G0xx\FreeRTOS\Source\queue.o
 .text.prvCopyDataFromQueue
                0x0801b226       0x4c Thirdparty\Middleware\STM32G0xx\FreeRTOS\Source\queue.o
 .text.prvUnlockQueue
                0x0801b272       0xbc Thirdparty\Middleware\STM32G0xx\FreeRTOS\Source\queue.o
 .text.prvIsQueueEmpty
                0x0801b32e       0x2c Thirdparty\Middleware\STM32G0xx\FreeRTOS\Source\queue.o
 .text.prvIsQueueFull
                0x0801b35a       0x30 Thirdparty\Middleware\STM32G0xx\FreeRTOS\Source\queue.o
 *fill*         0x0801b38a        0x2 
 .text.vQueueAddToRegistry
                0x0801b38c       0x50 Thirdparty\Middleware\STM32G0xx\FreeRTOS\Source\queue.o
                0x0801b38c                vQueueAddToRegistry
 .text.vQueueWaitForMessageRestricted
                0x0801b3dc       0x66 Thirdparty\Middleware\STM32G0xx\FreeRTOS\Source\queue.o
                0x0801b3dc                vQueueWaitForMessageRestricted
 .text.xTaskCreate
                0x0801b442       0x90 Thirdparty\Middleware\STM32G0xx\FreeRTOS\Source\tasks.o
                0x0801b442                xTaskCreate
 *fill*         0x0801b4d2        0x2 
 .text.prvInitialiseNewTask
                0x0801b4d4      0x10c Thirdparty\Middleware\STM32G0xx\FreeRTOS\Source\tasks.o
 .text.prvAddNewTaskToReadyList
                0x0801b5e0       0xd0 Thirdparty\Middleware\STM32G0xx\FreeRTOS\Source\tasks.o
 .text.vTaskDelay
                0x0801b6b0       0x3a Thirdparty\Middleware\STM32G0xx\FreeRTOS\Source\tasks.o
                0x0801b6b0                vTaskDelay
 *fill*         0x0801b6ea        0x2 
 .text.eTaskGetState
                0x0801b6ec       0xd0 Thirdparty\Middleware\STM32G0xx\FreeRTOS\Source\tasks.o
                0x0801b6ec                eTaskGetState
 .text.uxTaskPriorityGet
                0x0801b7bc       0x34 Thirdparty\Middleware\STM32G0xx\FreeRTOS\Source\tasks.o
                0x0801b7bc                uxTaskPriorityGet
 .text.vTaskPrioritySet
                0x0801b7f0      0x110 Thirdparty\Middleware\STM32G0xx\FreeRTOS\Source\tasks.o
                0x0801b7f0                vTaskPrioritySet
 .text.vTaskStartScheduler
                0x0801b900       0x74 Thirdparty\Middleware\STM32G0xx\FreeRTOS\Source\tasks.o
                0x0801b900                vTaskStartScheduler
 .text.vTaskSuspendAll
                0x0801b974       0x18 Thirdparty\Middleware\STM32G0xx\FreeRTOS\Source\tasks.o
                0x0801b974                vTaskSuspendAll
 .text.xTaskResumeAll
                0x0801b98c      0x10c Thirdparty\Middleware\STM32G0xx\FreeRTOS\Source\tasks.o
                0x0801b98c                xTaskResumeAll
 .text.xTaskGetTickCount
                0x0801ba98       0x1c Thirdparty\Middleware\STM32G0xx\FreeRTOS\Source\tasks.o
                0x0801ba98                xTaskGetTickCount
 .text.xTaskGetTickCountFromISR
                0x0801bab4       0x20 Thirdparty\Middleware\STM32G0xx\FreeRTOS\Source\tasks.o
                0x0801bab4                xTaskGetTickCountFromISR
 .text.uxTaskGetSystemState
                0x0801bad4      0x120 Thirdparty\Middleware\STM32G0xx\FreeRTOS\Source\tasks.o
                0x0801bad4                uxTaskGetSystemState
 .text.xTaskIncrementTick
                0x0801bbf4      0x150 Thirdparty\Middleware\STM32G0xx\FreeRTOS\Source\tasks.o
                0x0801bbf4                xTaskIncrementTick
 .text.vTaskSwitchContext
                0x0801bd44      0x124 Thirdparty\Middleware\STM32G0xx\FreeRTOS\Source\tasks.o
                0x0801bd44                vTaskSwitchContext
 .text.vTaskPlaceOnEventList
                0x0801be68       0x34 Thirdparty\Middleware\STM32G0xx\FreeRTOS\Source\tasks.o
                0x0801be68                vTaskPlaceOnEventList
 .text.vTaskPlaceOnEventListRestricted
                0x0801be9c       0x44 Thirdparty\Middleware\STM32G0xx\FreeRTOS\Source\tasks.o
                0x0801be9c                vTaskPlaceOnEventListRestricted
 .text.xTaskRemoveFromEventList
                0x0801bee0       0xb0 Thirdparty\Middleware\STM32G0xx\FreeRTOS\Source\tasks.o
                0x0801bee0                xTaskRemoveFromEventList
 .text.vTaskInternalSetTimeOutState
                0x0801bf90       0x28 Thirdparty\Middleware\STM32G0xx\FreeRTOS\Source\tasks.o
                0x0801bf90                vTaskInternalSetTimeOutState
 .text.xTaskCheckForTimeOut
                0x0801bfb8       0x8c Thirdparty\Middleware\STM32G0xx\FreeRTOS\Source\tasks.o
                0x0801bfb8                xTaskCheckForTimeOut
 .text.vTaskMissedYield
                0x0801c044       0x14 Thirdparty\Middleware\STM32G0xx\FreeRTOS\Source\tasks.o
                0x0801c044                vTaskMissedYield
 .text.prvIdleTask
                0x0801c058       0x20 Thirdparty\Middleware\STM32G0xx\FreeRTOS\Source\tasks.o
 .text.prvInitialiseTaskLists
                0x0801c078       0x88 Thirdparty\Middleware\STM32G0xx\FreeRTOS\Source\tasks.o
 .text.prvCheckTasksWaitingTermination
                0x0801c100       0x5c Thirdparty\Middleware\STM32G0xx\FreeRTOS\Source\tasks.o
 .text.vTaskGetInfo
                0x0801c15c       0xd8 Thirdparty\Middleware\STM32G0xx\FreeRTOS\Source\tasks.o
                0x0801c15c                vTaskGetInfo
 .text.prvListTasksWithinSingleList
                0x0801c234       0xa6 Thirdparty\Middleware\STM32G0xx\FreeRTOS\Source\tasks.o
 .text.prvTaskCheckFreeStackSpace
                0x0801c2da       0x34 Thirdparty\Middleware\STM32G0xx\FreeRTOS\Source\tasks.o
 .text.prvDeleteTCB
                0x0801c30e       0x22 Thirdparty\Middleware\STM32G0xx\FreeRTOS\Source\tasks.o
 .text.prvResetNextTaskUnblockTime
                0x0801c330       0x3c Thirdparty\Middleware\STM32G0xx\FreeRTOS\Source\tasks.o
 .text.xTaskGetSchedulerState
                0x0801c36c       0x38 Thirdparty\Middleware\STM32G0xx\FreeRTOS\Source\tasks.o
                0x0801c36c                xTaskGetSchedulerState
 .text.xTaskPriorityInherit
                0x0801c3a4       0xd0 Thirdparty\Middleware\STM32G0xx\FreeRTOS\Source\tasks.o
                0x0801c3a4                xTaskPriorityInherit
 .text.xTaskPriorityDisinherit
                0x0801c474       0x98 Thirdparty\Middleware\STM32G0xx\FreeRTOS\Source\tasks.o
                0x0801c474                xTaskPriorityDisinherit
 .text.vTaskPriorityDisinheritAfterTimeout
                0x0801c50c       0xc0 Thirdparty\Middleware\STM32G0xx\FreeRTOS\Source\tasks.o
                0x0801c50c                vTaskPriorityDisinheritAfterTimeout
 .text.prvWriteNameToBuffer
                0x0801c5cc       0x52 Thirdparty\Middleware\STM32G0xx\FreeRTOS\Source\tasks.o
 *fill*         0x0801c61e        0x2 
 .text.vTaskList
                0x0801c620      0x14c Thirdparty\Middleware\STM32G0xx\FreeRTOS\Source\tasks.o
                0x0801c620                vTaskList
 .text.vTaskGetRunTimeStats
                0x0801c76c      0x118 Thirdparty\Middleware\STM32G0xx\FreeRTOS\Source\tasks.o
                0x0801c76c                vTaskGetRunTimeStats
 .text.pvTaskIncrementMutexHeldCount
                0x0801c884       0x24 Thirdparty\Middleware\STM32G0xx\FreeRTOS\Source\tasks.o
                0x0801c884                pvTaskIncrementMutexHeldCount
 .text.ulTaskNotifyTake
                0x0801c8a8       0x84 Thirdparty\Middleware\STM32G0xx\FreeRTOS\Source\tasks.o
                0x0801c8a8                ulTaskNotifyTake
 .text.xTaskGenericNotify
                0x0801c92c      0x104 Thirdparty\Middleware\STM32G0xx\FreeRTOS\Source\tasks.o
                0x0801c92c                xTaskGenericNotify
 .text.xTaskGenericNotifyFromISR
                0x0801ca30      0x140 Thirdparty\Middleware\STM32G0xx\FreeRTOS\Source\tasks.o
                0x0801ca30                xTaskGenericNotifyFromISR
 .text.vTaskNotifyGiveFromISR
                0x0801cb70       0xd8 Thirdparty\Middleware\STM32G0xx\FreeRTOS\Source\tasks.o
                0x0801cb70                vTaskNotifyGiveFromISR
 .text.prvAddCurrentTaskToDelayedList
                0x0801cc48       0xa8 Thirdparty\Middleware\STM32G0xx\FreeRTOS\Source\tasks.o
 .text.xTimerCreateTimerTask
                0x0801ccf0       0x4c Thirdparty\Middleware\STM32G0xx\FreeRTOS\Source\timers.o
                0x0801ccf0                xTimerCreateTimerTask
 .text.xTimerCreate
                0x0801cd3c       0x46 Thirdparty\Middleware\STM32G0xx\FreeRTOS\Source\timers.o
                0x0801cd3c                xTimerCreate
 .text.prvInitialiseNewTimer
                0x0801cd82       0x5a Thirdparty\Middleware\STM32G0xx\FreeRTOS\Source\timers.o
 .text.xTimerGenericCommand
                0x0801cddc       0x8c Thirdparty\Middleware\STM32G0xx\FreeRTOS\Source\timers.o
                0x0801cddc                xTimerGenericCommand
 .text.prvProcessExpiredTimer
                0x0801ce68       0x80 Thirdparty\Middleware\STM32G0xx\FreeRTOS\Source\timers.o
 .text.prvTimerTask
                0x0801cee8       0x28 Thirdparty\Middleware\STM32G0xx\FreeRTOS\Source\timers.o
 .text.prvProcessTimerOrBlockTask
                0x0801cf10       0x90 Thirdparty\Middleware\STM32G0xx\FreeRTOS\Source\timers.o
 .text.prvGetNextExpireTime
                0x0801cfa0       0x44 Thirdparty\Middleware\STM32G0xx\FreeRTOS\Source\timers.o
 .text.prvSampleTimeNow
                0x0801cfe4       0x40 Thirdparty\Middleware\STM32G0xx\FreeRTOS\Source\timers.o
 .text.prvInsertTimerInActiveList
                0x0801d024       0x84 Thirdparty\Middleware\STM32G0xx\FreeRTOS\Source\timers.o
 .text.prvProcessReceivedCommands
                0x0801d0a8      0x16c Thirdparty\Middleware\STM32G0xx\FreeRTOS\Source\timers.o
 .text.prvSwitchTimerLists
                0x0801d214       0xb0 Thirdparty\Middleware\STM32G0xx\FreeRTOS\Source\timers.o
 .text.prvCheckForValidListAndQueue
                0x0801d2c4       0x74 Thirdparty\Middleware\STM32G0xx\FreeRTOS\Source\timers.o
 .text.HAL_Init
                0x0801d338       0x40 Thirdparty\STM32G0xx_HAL_Driver\Src\stm32g0xx_hal.o
                0x0801d338                HAL_Init
 .text.HAL_InitTick
                0x0801d378       0x94 Thirdparty\STM32G0xx_HAL_Driver\Src\stm32g0xx_hal.o
                0x0801d378                HAL_InitTick
 .text.HAL_IncTick
                0x0801d40c       0x24 Thirdparty\STM32G0xx_HAL_Driver\Src\stm32g0xx_hal.o
                0x0801d40c                HAL_IncTick
 .text.HAL_GetTick
                0x0801d430       0x14 Thirdparty\STM32G0xx_HAL_Driver\Src\stm32g0xx_hal.o
                0x0801d430                HAL_GetTick
 .text.HAL_Delay
                0x0801d444       0x48 Thirdparty\STM32G0xx_HAL_Driver\Src\stm32g0xx_hal.o
                0x0801d444                HAL_Delay
 .text.HAL_GetREVID
                0x0801d48c       0x18 Thirdparty\STM32G0xx_HAL_Driver\Src\stm32g0xx_hal.o
                0x0801d48c                HAL_GetREVID
 .text.HAL_GetDEVID
                0x0801d4a4       0x18 Thirdparty\STM32G0xx_HAL_Driver\Src\stm32g0xx_hal.o
                0x0801d4a4                HAL_GetDEVID
 .text.LL_ADC_SetCommonPathInternalCh
                0x0801d4bc       0x28 Thirdparty\STM32G0xx_HAL_Driver\Src\stm32g0xx_hal_adc.o
 .text.LL_ADC_GetCommonPathInternalCh
                0x0801d4e4       0x1a Thirdparty\STM32G0xx_HAL_Driver\Src\stm32g0xx_hal_adc.o
 .text.LL_ADC_SetSamplingTimeCommonChannels
                0x0801d4fe       0x3a Thirdparty\STM32G0xx_HAL_Driver\Src\stm32g0xx_hal_adc.o
 .text.LL_ADC_GetSamplingTimeCommonChannels
                0x0801d538       0x2e Thirdparty\STM32G0xx_HAL_Driver\Src\stm32g0xx_hal_adc.o
 .text.LL_ADC_REG_IsTriggerSourceSWStart
                0x0801d566       0x22 Thirdparty\STM32G0xx_HAL_Driver\Src\stm32g0xx_hal_adc.o
 .text.LL_ADC_REG_SetSequencerRanks
                0x0801d588       0x40 Thirdparty\STM32G0xx_HAL_Driver\Src\stm32g0xx_hal_adc.o
 .text.LL_ADC_REG_SetSequencerChAdd
                0x0801d5c8       0x22 Thirdparty\STM32G0xx_HAL_Driver\Src\stm32g0xx_hal_adc.o
 .text.LL_ADC_REG_SetSequencerChRem
                0x0801d5ea       0x24 Thirdparty\STM32G0xx_HAL_Driver\Src\stm32g0xx_hal_adc.o
 *fill*         0x0801d60e        0x2 
 .text.LL_ADC_SetChannelSamplingTime
                0x0801d610       0x38 Thirdparty\STM32G0xx_HAL_Driver\Src\stm32g0xx_hal_adc.o
 .text.LL_ADC_EnableInternalRegulator
                0x0801d648       0x28 Thirdparty\STM32G0xx_HAL_Driver\Src\stm32g0xx_hal_adc.o
 .text.LL_ADC_IsInternalRegulatorEnabled
                0x0801d670       0x28 Thirdparty\STM32G0xx_HAL_Driver\Src\stm32g0xx_hal_adc.o
 .text.LL_ADC_Enable
                0x0801d698       0x24 Thirdparty\STM32G0xx_HAL_Driver\Src\stm32g0xx_hal_adc.o
 .text.LL_ADC_Disable
                0x0801d6bc       0x24 Thirdparty\STM32G0xx_HAL_Driver\Src\stm32g0xx_hal_adc.o
 .text.LL_ADC_IsEnabled
                0x0801d6e0       0x22 Thirdparty\STM32G0xx_HAL_Driver\Src\stm32g0xx_hal_adc.o
 .text.LL_ADC_IsDisableOngoing
                0x0801d702       0x22 Thirdparty\STM32G0xx_HAL_Driver\Src\stm32g0xx_hal_adc.o
 .text.LL_ADC_REG_StartConversion
                0x0801d724       0x24 Thirdparty\STM32G0xx_HAL_Driver\Src\stm32g0xx_hal_adc.o
 .text.LL_ADC_REG_StopConversion
                0x0801d748       0x24 Thirdparty\STM32G0xx_HAL_Driver\Src\stm32g0xx_hal_adc.o
 .text.LL_ADC_REG_IsConversionOngoing
                0x0801d76c       0x22 Thirdparty\STM32G0xx_HAL_Driver\Src\stm32g0xx_hal_adc.o
 *fill*         0x0801d78e        0x2 
 .text.HAL_ADC_Init
                0x0801d790      0x350 Thirdparty\STM32G0xx_HAL_Driver\Src\stm32g0xx_hal_adc.o
                0x0801d790                HAL_ADC_Init
 .text.HAL_ADC_Start
                0x0801dae0       0x9c Thirdparty\STM32G0xx_HAL_Driver\Src\stm32g0xx_hal_adc.o
                0x0801dae0                HAL_ADC_Start
 .text.HAL_ADC_Stop
                0x0801db7c       0x78 Thirdparty\STM32G0xx_HAL_Driver\Src\stm32g0xx_hal_adc.o
                0x0801db7c                HAL_ADC_Stop
 .text.HAL_ADC_PollForConversion
                0x0801dbf4      0x128 Thirdparty\STM32G0xx_HAL_Driver\Src\stm32g0xx_hal_adc.o
                0x0801dbf4                HAL_ADC_PollForConversion
 .text.HAL_ADC_GetValue
                0x0801dd1c       0x16 Thirdparty\STM32G0xx_HAL_Driver\Src\stm32g0xx_hal_adc.o
                0x0801dd1c                HAL_ADC_GetValue
 *fill*         0x0801dd32        0x2 
 .text.HAL_ADC_ConfigChannel
                0x0801dd34      0x3b0 Thirdparty\STM32G0xx_HAL_Driver\Src\stm32g0xx_hal_adc.o
                0x0801dd34                HAL_ADC_ConfigChannel
 .text.ADC_ConversionStop
                0x0801e0e4       0x84 Thirdparty\STM32G0xx_HAL_Driver\Src\stm32g0xx_hal_adc.o
                0x0801e0e4                ADC_ConversionStop
 .text.ADC_Enable
                0x0801e168      0x10c Thirdparty\STM32G0xx_HAL_Driver\Src\stm32g0xx_hal_adc.o
                0x0801e168                ADC_Enable
 .text.ADC_Disable
                0x0801e274       0xbc Thirdparty\STM32G0xx_HAL_Driver\Src\stm32g0xx_hal_adc.o
                0x0801e274                ADC_Disable
 .text.__NVIC_EnableIRQ
                0x0801e330       0x34 Thirdparty\STM32G0xx_HAL_Driver\Src\stm32g0xx_hal_cortex.o
 .text.__NVIC_SetPriority
                0x0801e364       0xdc Thirdparty\STM32G0xx_HAL_Driver\Src\stm32g0xx_hal_cortex.o
 .text.SysTick_Config
                0x0801e440       0x48 Thirdparty\STM32G0xx_HAL_Driver\Src\stm32g0xx_hal_cortex.o
 .text.HAL_NVIC_SetPriority
                0x0801e488       0x2a Thirdparty\STM32G0xx_HAL_Driver\Src\stm32g0xx_hal_cortex.o
                0x0801e488                HAL_NVIC_SetPriority
 .text.HAL_NVIC_EnableIRQ
                0x0801e4b2       0x20 Thirdparty\STM32G0xx_HAL_Driver\Src\stm32g0xx_hal_cortex.o
                0x0801e4b2                HAL_NVIC_EnableIRQ
 .text.HAL_SYSTICK_Config
                0x0801e4d2       0x1a Thirdparty\STM32G0xx_HAL_Driver\Src\stm32g0xx_hal_cortex.o
                0x0801e4d2                HAL_SYSTICK_Config
 .text.HAL_CRC_Init
                0x0801e4ec       0xcc Thirdparty\STM32G0xx_HAL_Driver\Src\stm32g0xx_hal_crc.o
                0x0801e4ec                HAL_CRC_Init
 .text.HAL_CRC_Accumulate
                0x0801e5b8       0x8e Thirdparty\STM32G0xx_HAL_Driver\Src\stm32g0xx_hal_crc.o
                0x0801e5b8                HAL_CRC_Accumulate
 .text.HAL_CRC_Calculate
                0x0801e646       0x9e Thirdparty\STM32G0xx_HAL_Driver\Src\stm32g0xx_hal_crc.o
                0x0801e646                HAL_CRC_Calculate
 .text.CRC_Handle_8
                0x0801e6e4      0x122 Thirdparty\STM32G0xx_HAL_Driver\Src\stm32g0xx_hal_crc.o
 .text.CRC_Handle_16
                0x0801e806       0x6e Thirdparty\STM32G0xx_HAL_Driver\Src\stm32g0xx_hal_crc.o
 .text.HAL_CRCEx_Polynomial_Set
                0x0801e874       0xea Thirdparty\STM32G0xx_HAL_Driver\Src\stm32g0xx_hal_crc_ex.o
                0x0801e874                HAL_CRCEx_Polynomial_Set
 *fill*         0x0801e95e        0x2 
 .text.HAL_DMA_Init
                0x0801e960      0x158 Thirdparty\STM32G0xx_HAL_Driver\Src\stm32g0xx_hal_dma.o
                0x0801e960                HAL_DMA_Init
 .text.HAL_DMA_Start_IT
                0x0801eab8      0x10c Thirdparty\STM32G0xx_HAL_Driver\Src\stm32g0xx_hal_dma.o
                0x0801eab8                HAL_DMA_Start_IT
 .text.HAL_DMA_Abort
                0x0801ebc4       0xc0 Thirdparty\STM32G0xx_HAL_Driver\Src\stm32g0xx_hal_dma.o
                0x0801ebc4                HAL_DMA_Abort
 .text.HAL_DMA_Abort_IT
                0x0801ec84       0xd0 Thirdparty\STM32G0xx_HAL_Driver\Src\stm32g0xx_hal_dma.o
                0x0801ec84                HAL_DMA_Abort_IT
 .text.HAL_DMA_IRQHandler
                0x0801ed54      0x188 Thirdparty\STM32G0xx_HAL_Driver\Src\stm32g0xx_hal_dma.o
                0x0801ed54                HAL_DMA_IRQHandler
 .text.HAL_DMA_GetError
                0x0801eedc       0x14 Thirdparty\STM32G0xx_HAL_Driver\Src\stm32g0xx_hal_dma.o
                0x0801eedc                HAL_DMA_GetError
 .text.DMA_SetConfig
                0x0801eef0       0x78 Thirdparty\STM32G0xx_HAL_Driver\Src\stm32g0xx_hal_dma.o
 .text.DMA_CalcDMAMUXChannelBaseAndMask
                0x0801ef68       0x94 Thirdparty\STM32G0xx_HAL_Driver\Src\stm32g0xx_hal_dma.o
 .text.DMA_CalcDMAMUXRequestGenBaseAndMask
                0x0801effc       0x48 Thirdparty\STM32G0xx_HAL_Driver\Src\stm32g0xx_hal_dma.o
 .text.HAL_FLASH_Program
                0x0801f044       0x9c Thirdparty\STM32G0xx_HAL_Driver\Src\stm32g0xx_hal_flash.o
                0x0801f044                HAL_FLASH_Program
 .text.HAL_FLASH_Unlock
                0x0801f0e0       0x48 Thirdparty\STM32G0xx_HAL_Driver\Src\stm32g0xx_hal_flash.o
                0x0801f0e0                HAL_FLASH_Unlock
 .text.HAL_FLASH_Lock
                0x0801f128       0x44 Thirdparty\STM32G0xx_HAL_Driver\Src\stm32g0xx_hal_flash.o
                0x0801f128                HAL_FLASH_Lock
 .text.FLASH_WaitForLastOperation
                0x0801f16c       0x9c Thirdparty\STM32G0xx_HAL_Driver\Src\stm32g0xx_hal_flash.o
                0x0801f16c                FLASH_WaitForLastOperation
 .text.FLASH_Program_DoubleWord
                0x0801f208       0x40 Thirdparty\STM32G0xx_HAL_Driver\Src\stm32g0xx_hal_flash.o
 .text.HAL_FLASHEx_Erase
                0x0801f248       0xe0 Thirdparty\STM32G0xx_HAL_Driver\Src\stm32g0xx_hal_flash_ex.o
                0x0801f248                HAL_FLASHEx_Erase
 .text.FLASH_MassErase
                0x0801f328       0x28 Thirdparty\STM32G0xx_HAL_Driver\Src\stm32g0xx_hal_flash_ex.o
 .text.FLASH_PageErase
                0x0801f350       0x58 Thirdparty\STM32G0xx_HAL_Driver\Src\stm32g0xx_hal_flash_ex.o
                0x0801f350                FLASH_PageErase
 .text.HAL_GPIO_Init
                0x0801f3a8      0x2d8 Thirdparty\STM32G0xx_HAL_Driver\Src\stm32g0xx_hal_gpio.o
                0x0801f3a8                HAL_GPIO_Init
 .text.HAL_GPIO_ReadPin
                0x0801f680       0x3a Thirdparty\STM32G0xx_HAL_Driver\Src\stm32g0xx_hal_gpio.o
                0x0801f680                HAL_GPIO_ReadPin
 .text.HAL_GPIO_WritePin
                0x0801f6ba       0x3a Thirdparty\STM32G0xx_HAL_Driver\Src\stm32g0xx_hal_gpio.o
                0x0801f6ba                HAL_GPIO_WritePin
 .text.HAL_GPIO_TogglePin
                0x0801f6f4       0x36 Thirdparty\STM32G0xx_HAL_Driver\Src\stm32g0xx_hal_gpio.o
                0x0801f6f4                HAL_GPIO_TogglePin
 .text.HAL_MspInit
                0x0801f72a        0xa Thirdparty\STM32G0xx_HAL_Driver\Src\stm32g0xx_hal_msp_template.o
                0x0801f72a                HAL_MspInit
 .text.HAL_PWR_EnableWakeUpPin
                0x0801f734       0x40 Thirdparty\STM32G0xx_HAL_Driver\Src\stm32g0xx_hal_pwr.o
                0x0801f734                HAL_PWR_EnableWakeUpPin
 .text.HAL_PWR_DisableWakeUpPin
                0x0801f774       0x28 Thirdparty\STM32G0xx_HAL_Driver\Src\stm32g0xx_hal_pwr.o
                0x0801f774                HAL_PWR_DisableWakeUpPin
 .text.HAL_PWR_EnterSTOPMode
                0x0801f79c       0x70 Thirdparty\STM32G0xx_HAL_Driver\Src\stm32g0xx_hal_pwr.o
                0x0801f79c                HAL_PWR_EnterSTOPMode
 .text.HAL_PWR_EnterSTANDBYMode
                0x0801f80c       0x34 Thirdparty\STM32G0xx_HAL_Driver\Src\stm32g0xx_hal_pwr.o
                0x0801f80c                HAL_PWR_EnterSTANDBYMode
 .text.HAL_PWREx_EnableSRAMRetention
                0x0801f840       0x1c Thirdparty\STM32G0xx_HAL_Driver\Src\stm32g0xx_hal_pwr_ex.o
                0x0801f840                HAL_PWREx_EnableSRAMRetention
 .text.HAL_PWREx_ControlVoltageScaling
                0x0801f85c       0x80 Thirdparty\STM32G0xx_HAL_Driver\Src\stm32g0xx_hal_pwr_ex.o
                0x0801f85c                HAL_PWREx_ControlVoltageScaling
 .text.LL_RCC_GetAPB1Prescaler
                0x0801f8dc       0x18 Thirdparty\STM32G0xx_HAL_Driver\Src\stm32g0xx_hal_rcc.o
 .text.HAL_RCC_OscConfig
                0x0801f8f4      0x6c0 Thirdparty\STM32G0xx_HAL_Driver\Src\stm32g0xx_hal_rcc.o
                0x0801f8f4                HAL_RCC_OscConfig
 .text.HAL_RCC_ClockConfig
                0x0801ffb4      0x210 Thirdparty\STM32G0xx_HAL_Driver\Src\stm32g0xx_hal_rcc.o
                0x0801ffb4                HAL_RCC_ClockConfig
 .text.HAL_RCC_GetSysClockFreq
                0x080201c4      0x104 Thirdparty\STM32G0xx_HAL_Driver\Src\stm32g0xx_hal_rcc.o
                0x080201c4                HAL_RCC_GetSysClockFreq
 .text.HAL_RCC_GetHCLKFreq
                0x080202c8       0x14 Thirdparty\STM32G0xx_HAL_Driver\Src\stm32g0xx_hal_rcc.o
                0x080202c8                HAL_RCC_GetHCLKFreq
 .text.HAL_RCC_GetPCLK1Freq
                0x080202dc       0x2c Thirdparty\STM32G0xx_HAL_Driver\Src\stm32g0xx_hal_rcc.o
                0x080202dc                HAL_RCC_GetPCLK1Freq
 .text.HAL_RCCEx_PeriphCLKConfig
                0x08020308      0x478 Thirdparty\STM32G0xx_HAL_Driver\Src\stm32g0xx_hal_rcc_ex.o
                0x08020308                HAL_RCCEx_PeriphCLKConfig
 .text.HAL_RTC_Init
                0x08020780      0x144 Thirdparty\STM32G0xx_HAL_Driver\Src\stm32g0xx_hal_rtc.o
                0x08020780                HAL_RTC_Init
 .text.HAL_RTC_DeInit
                0x080208c4      0x138 Thirdparty\STM32G0xx_HAL_Driver\Src\stm32g0xx_hal_rtc.o
                0x080208c4                HAL_RTC_DeInit
 .text.HAL_RTC_SetTime
                0x080209fc      0x150 Thirdparty\STM32G0xx_HAL_Driver\Src\stm32g0xx_hal_rtc.o
                0x080209fc                HAL_RTC_SetTime
 .text.HAL_RTC_GetTime
                0x08020b4c       0xb8 Thirdparty\STM32G0xx_HAL_Driver\Src\stm32g0xx_hal_rtc.o
                0x08020b4c                HAL_RTC_GetTime
 .text.HAL_RTC_SetDate
                0x08020c04      0x124 Thirdparty\STM32G0xx_HAL_Driver\Src\stm32g0xx_hal_rtc.o
                0x08020c04                HAL_RTC_SetDate
 .text.HAL_RTC_GetDate
                0x08020d28       0x9c Thirdparty\STM32G0xx_HAL_Driver\Src\stm32g0xx_hal_rtc.o
                0x08020d28                HAL_RTC_GetDate
 .text.HAL_RTC_WaitForSynchro
                0x08020dc4       0x4c Thirdparty\STM32G0xx_HAL_Driver\Src\stm32g0xx_hal_rtc.o
                0x08020dc4                HAL_RTC_WaitForSynchro
 .text.RTC_EnterInitMode
                0x08020e10       0x84 Thirdparty\STM32G0xx_HAL_Driver\Src\stm32g0xx_hal_rtc.o
                0x08020e10                RTC_EnterInitMode
 .text.RTC_ExitInitMode
                0x08020e94       0x88 Thirdparty\STM32G0xx_HAL_Driver\Src\stm32g0xx_hal_rtc.o
                0x08020e94                RTC_ExitInitMode
 .text.RTC_ByteToBcd2
                0x08020f1c       0x50 Thirdparty\STM32G0xx_HAL_Driver\Src\stm32g0xx_hal_rtc.o
                0x08020f1c                RTC_ByteToBcd2
 .text.RTC_Bcd2ToByte
                0x08020f6c       0x3a Thirdparty\STM32G0xx_HAL_Driver\Src\stm32g0xx_hal_rtc.o
                0x08020f6c                RTC_Bcd2ToByte
 .text.HAL_RTCEx_BKUPWrite
                0x08020fa6       0x3a Thirdparty\STM32G0xx_HAL_Driver\Src\stm32g0xx_hal_rtc_ex.o
                0x08020fa6                HAL_RTCEx_BKUPWrite
 .text.HAL_RTCEx_BKUPRead
                0x08020fe0       0x36 Thirdparty\STM32G0xx_HAL_Driver\Src\stm32g0xx_hal_rtc_ex.o
                0x08020fe0                HAL_RTCEx_BKUPRead
 .text.HAL_TIM_Base_Init
                0x08021016       0xb0 Thirdparty\STM32G0xx_HAL_Driver\Src\stm32g0xx_hal_tim.o
                0x08021016                HAL_TIM_Base_Init
 .text.HAL_TIM_Base_MspInit
                0x080210c6       0x10 Thirdparty\STM32G0xx_HAL_Driver\Src\stm32g0xx_hal_tim.o
                0x080210c6                HAL_TIM_Base_MspInit
 *fill*         0x080210d6        0x2 
 .text.HAL_TIM_Base_Start
                0x080210d8       0xb4 Thirdparty\STM32G0xx_HAL_Driver\Src\stm32g0xx_hal_tim.o
                0x080210d8                HAL_TIM_Base_Start
 .text.TIM_Base_SetConfig
                0x0802118c      0x130 Thirdparty\STM32G0xx_HAL_Driver\Src\stm32g0xx_hal_tim.o
                0x0802118c                TIM_Base_SetConfig
 .text.HAL_UART_Init
                0x080212bc       0xac Thirdparty\STM32G0xx_HAL_Driver\Src\stm32g0xx_hal_uart.o
                0x080212bc                HAL_UART_Init
 .text.HAL_UART_DeInit
                0x08021368       0x80 Thirdparty\STM32G0xx_HAL_Driver\Src\stm32g0xx_hal_uart.o
                0x08021368                HAL_UART_DeInit
 .text.HAL_UART_MspDeInit
                0x080213e8       0x10 Thirdparty\STM32G0xx_HAL_Driver\Src\stm32g0xx_hal_uart.o
                0x080213e8                HAL_UART_MspDeInit
 .text.HAL_UART_Transmit
                0x080213f8      0x148 Thirdparty\STM32G0xx_HAL_Driver\Src\stm32g0xx_hal_uart.o
                0x080213f8                HAL_UART_Transmit
 .text.HAL_UART_Transmit_IT
                0x08021540      0x150 Thirdparty\STM32G0xx_HAL_Driver\Src\stm32g0xx_hal_uart.o
                0x08021540                HAL_UART_Transmit_IT
 .text.HAL_UART_Receive_DMA
                0x08021690       0xcc Thirdparty\STM32G0xx_HAL_Driver\Src\stm32g0xx_hal_uart.o
                0x08021690                HAL_UART_Receive_DMA
 .text.HAL_UART_DMAStop
                0x0802175c      0x128 Thirdparty\STM32G0xx_HAL_Driver\Src\stm32g0xx_hal_uart.o
                0x0802175c                HAL_UART_DMAStop
 .text.HAL_UART_IRQHandler
                0x08021884      0x64c Thirdparty\STM32G0xx_HAL_Driver\Src\stm32g0xx_hal_uart.o
                0x08021884                HAL_UART_IRQHandler
 .text.HAL_UART_RxHalfCpltCallback
                0x08021ed0       0x10 Thirdparty\STM32G0xx_HAL_Driver\Src\stm32g0xx_hal_uart.o
                0x08021ed0                HAL_UART_RxHalfCpltCallback
 .text.UART_SetConfig
                0x08021ee0      0x6ac Thirdparty\STM32G0xx_HAL_Driver\Src\stm32g0xx_hal_uart.o
                0x08021ee0                UART_SetConfig
 .text.UART_AdvFeatureConfig
                0x0802258c      0x168 Thirdparty\STM32G0xx_HAL_Driver\Src\stm32g0xx_hal_uart.o
                0x0802258c                UART_AdvFeatureConfig
 .text.UART_CheckIdleState
                0x080226f4      0x154 Thirdparty\STM32G0xx_HAL_Driver\Src\stm32g0xx_hal_uart.o
                0x080226f4                UART_CheckIdleState
 .text.UART_WaitOnFlagUntilTimeout
                0x08022848       0xde Thirdparty\STM32G0xx_HAL_Driver\Src\stm32g0xx_hal_uart.o
                0x08022848                UART_WaitOnFlagUntilTimeout
 *fill*         0x08022926        0x2 
 .text.UART_Start_Receive_DMA
                0x08022928      0x14c Thirdparty\STM32G0xx_HAL_Driver\Src\stm32g0xx_hal_uart.o
                0x08022928                UART_Start_Receive_DMA
 .text.UART_EndTxTransfer
                0x08022a74       0x80 Thirdparty\STM32G0xx_HAL_Driver\Src\stm32g0xx_hal_uart.o
 .text.UART_EndRxTransfer
                0x08022af4       0xcc Thirdparty\STM32G0xx_HAL_Driver\Src\stm32g0xx_hal_uart.o
 .text.UART_DMAReceiveCplt
                0x08022bc0      0x130 Thirdparty\STM32G0xx_HAL_Driver\Src\stm32g0xx_hal_uart.o
 .text.UART_DMARxHalfCplt
                0x08022cf0       0x42 Thirdparty\STM32G0xx_HAL_Driver\Src\stm32g0xx_hal_uart.o
 .text.UART_DMAError
                0x08022d32       0x86 Thirdparty\STM32G0xx_HAL_Driver\Src\stm32g0xx_hal_uart.o
 .text.UART_DMAAbortOnError
                0x08022db8       0x2e Thirdparty\STM32G0xx_HAL_Driver\Src\stm32g0xx_hal_uart.o
 .text.UART_TxISR_8BIT
                0x08022de6       0xb4 Thirdparty\STM32G0xx_HAL_Driver\Src\stm32g0xx_hal_uart.o
 .text.UART_TxISR_16BIT
                0x08022e9a       0xbe Thirdparty\STM32G0xx_HAL_Driver\Src\stm32g0xx_hal_uart.o
 .text.UART_TxISR_8BIT_FIFOEN
                0x08022f58       0xec Thirdparty\STM32G0xx_HAL_Driver\Src\stm32g0xx_hal_uart.o
 .text.UART_TxISR_16BIT_FIFOEN
                0x08023044       0xf4 Thirdparty\STM32G0xx_HAL_Driver\Src\stm32g0xx_hal_uart.o
 .text.UART_EndTransmit_IT
                0x08023138       0x58 Thirdparty\STM32G0xx_HAL_Driver\Src\stm32g0xx_hal_uart.o
 .text.HAL_UARTEx_RxFifoFullCallback
                0x08023190       0x10 Thirdparty\STM32G0xx_HAL_Driver\Src\stm32g0xx_hal_uart_ex.o
                0x08023190                HAL_UARTEx_RxFifoFullCallback
 .text.HAL_UARTEx_TxFifoEmptyCallback
                0x080231a0       0x10 Thirdparty\STM32G0xx_HAL_Driver\Src\stm32g0xx_hal_uart_ex.o
                0x080231a0                HAL_UARTEx_TxFifoEmptyCallback
 .text.HAL_UARTEx_StopModeWakeUpSourceConfig
                0x080231b0       0xd0 Thirdparty\STM32G0xx_HAL_Driver\Src\stm32g0xx_hal_uart_ex.o
                0x080231b0                HAL_UARTEx_StopModeWakeUpSourceConfig
 .text.HAL_UARTEx_EnableStopMode
                0x08023280       0x62 Thirdparty\STM32G0xx_HAL_Driver\Src\stm32g0xx_hal_uart_ex.o
                0x08023280                HAL_UARTEx_EnableStopMode